Component: ARM Compiler 5.06 update 6 (build 750) Tool: armlink [4d35ed]

==============================================================================

Section Cross References

    main.o(i.SystemClock_Config) refers to stm32f4xx_hal_rcc.o(i.HAL_RCC_OscConfig) for HAL_RCC_OscConfig
    main.o(i.SystemClock_Config) refers to stm32f4xx_hal_rcc.o(i.HAL_RCC_ClockConfig) for HAL_RCC_ClockConfig
    main.o(i.SystemClock_Config) refers to stm32f4xx_hal_rcc.o(i.HAL_RCC_GetHCLKFreq) for HAL_RCC_GetHCLKFreq
    main.o(i.SystemClock_Config) refers to stm32f4xx_hal_cortex.o(i.HAL_SYSTICK_Config) for HAL_SYSTICK_Config
    main.o(i.SystemClock_Config) refers to stm32f4xx_hal_cortex.o(i.HAL_SYSTICK_CLKSourceConfig) for HAL_SYSTICK_CLKSourceConfig
    main.o(i.SystemClock_Config) refers to stm32f4xx_hal_cortex.o(i.HAL_NVIC_SetPriority) for HAL_NVIC_SetPriority
    main.o(i.main) refers to stm32f4xx_hal.o(i.HAL_Init) for HAL_Init
    main.o(i.main) refers to main.o(i.SystemClock_Config) for SystemClock_Config
    main.o(i.main) refers to port.o(i.vPortEnterCritical) for vPortEnterCritical
    main.o(i.main) refers to bsp.o(i.BSP_Init) for BSP_Init
    main.o(i.main) refers to freertos.o(i.MX_FREERTOS_Init) for MX_FREERTOS_Init
    main.o(i.main) refers to port.o(i.vPortExitCritical) for vPortExitCritical
    main.o(i.main) refers to cmsis_os.o(i.osKernelStart) for osKernelStart
    freertos.o(i.MX_FREERTOS_Init) refers to memcpya.o(.text) for __aeabi_memcpy4
    freertos.o(i.MX_FREERTOS_Init) refers to cmsis_os.o(i.osThreadCreate) for osThreadCreate
    freertos.o(i.MX_FREERTOS_Init) refers to freertos.o(.constdata) for .constdata
    freertos.o(i.MX_FREERTOS_Init) refers to freertos.o(.data) for .data
    freertos.o(i.StartDefaultTask) refers to cmsis_os.o(i.osDelay) for osDelay
    freertos.o(.constdata) refers to freertos.o(.conststring) for .conststring
    freertos.o(.constdata) refers to freertos.o(i.StartDefaultTask) for StartDefaultTask
    freertos.o(.constdata) refers to test_task.o(i.testTask) for testTask
    freertos.o(.constdata) refers to chassis_task.o(i.Chassis_Contrl_Task) for Chassis_Contrl_Task
    freertos.o(.constdata) refers to data_pro_task.o(i.Remote_Data_Task) for Remote_Data_Task
    freertos.o(.constdata) refers to gimbal_task.o(i.Gimbal_Contrl_Task) for Gimbal_Contrl_Task
    freertos.o(.constdata) refers to gun_task.o(i.Gun_Task) for Gun_Task
    stm32f4xx_it.o(i.CAN1_RX0_IRQHandler) refers to stm32f4xx_hal_can.o(i.HAL_CAN_IRQHandler) for HAL_CAN_IRQHandler
    stm32f4xx_it.o(i.CAN1_RX0_IRQHandler) refers to can.o(.bss) for hcan1
    stm32f4xx_it.o(i.CAN2_RX0_IRQHandler) refers to stm32f4xx_hal_can.o(i.HAL_CAN_IRQHandler) for HAL_CAN_IRQHandler
    stm32f4xx_it.o(i.CAN2_RX0_IRQHandler) refers to can.o(.bss) for hcan2
    stm32f4xx_it.o(i.DMA1_Stream2_IRQHandler) refers to stm32f4xx_hal_dma.o(i.HAL_DMA_IRQHandler) for HAL_DMA_IRQHandler
    stm32f4xx_it.o(i.DMA1_Stream2_IRQHandler) refers to usart.o(.bss) for hdma_uart4_rx
    stm32f4xx_it.o(i.DMA1_Stream5_IRQHandler) refers to stm32f4xx_hal_dma.o(i.HAL_DMA_IRQHandler) for HAL_DMA_IRQHandler
    stm32f4xx_it.o(i.DMA1_Stream5_IRQHandler) refers to usart.o(.bss) for hdma_usart2_rx
    stm32f4xx_it.o(i.DMA1_Stream6_IRQHandler) refers to stm32f4xx_hal_dma.o(i.HAL_DMA_IRQHandler) for HAL_DMA_IRQHandler
    stm32f4xx_it.o(i.DMA1_Stream6_IRQHandler) refers to usart.o(.bss) for hdma_uart8_rx
    stm32f4xx_it.o(i.DMA2_Stream1_IRQHandler) refers to stm32f4xx_hal_dma.o(i.HAL_DMA_IRQHandler) for HAL_DMA_IRQHandler
    stm32f4xx_it.o(i.DMA2_Stream1_IRQHandler) refers to usart.o(.bss) for hdma_usart6_rx
    stm32f4xx_it.o(i.DMA2_Stream2_IRQHandler) refers to stm32f4xx_hal_dma.o(i.HAL_DMA_IRQHandler) for HAL_DMA_IRQHandler
    stm32f4xx_it.o(i.DMA2_Stream2_IRQHandler) refers to usart.o(.bss) for hdma_usart1_rx
    stm32f4xx_it.o(i.DMA2_Stream4_IRQHandler) refers to stm32f4xx_hal_dma.o(i.HAL_DMA_IRQHandler) for HAL_DMA_IRQHandler
    stm32f4xx_it.o(i.DMA2_Stream4_IRQHandler) refers to adc.o(.bss) for hdma_adc1
    stm32f4xx_it.o(i.EXTI2_IRQHandler) refers to stm32f4xx_hal_gpio.o(i.HAL_GPIO_EXTI_IRQHandler) for HAL_GPIO_EXTI_IRQHandler
    stm32f4xx_it.o(i.EXTI9_5_IRQHandler) refers to stm32f4xx_hal_gpio.o(i.HAL_GPIO_EXTI_IRQHandler) for HAL_GPIO_EXTI_IRQHandler
    stm32f4xx_it.o(i.HAL_CAN_RxCpltCallback) refers to systemstate.o(i.RefreshDeviceOutLineTime) for RefreshDeviceOutLineTime
    stm32f4xx_it.o(i.HAL_CAN_RxCpltCallback) refers to motor_use_can.o(i.get_moto_measure_6623) for get_moto_measure_6623
    stm32f4xx_it.o(i.HAL_CAN_RxCpltCallback) refers to motor_use_can.o(i.get_moto_offset) for get_moto_offset
    stm32f4xx_it.o(i.HAL_CAN_RxCpltCallback) refers to motor_use_can.o(i.get_moto_measure_3508) for get_moto_measure_3508
    stm32f4xx_it.o(i.HAL_CAN_RxCpltCallback) refers to stm32f4xx_hal_can.o(i.HAL_CAN_Receive_IT) for HAL_CAN_Receive_IT
    stm32f4xx_it.o(i.HAL_CAN_RxCpltCallback) refers to can.o(.bss) for hcan1
[...]
    _printf_g                                0x00000000   Number         0  stubs.o ABSOLUTE
    _printf_i                                0x00000000   Number         0  stubs.o ABSOLUTE
    _printf_int_dec                          0x00000000   Number         0  stubs.o ABSOLUTE
    _printf_l                                0x00000000   Number         0  stubs.o ABSOLUTE
    _printf_lc                               0x00000000   Number         0  stubs.o ABSOLUTE
    _printf_ll                               0x00000000   Number         0  stubs.o ABSOLUTE
    _printf_lld                              0x00000000   Number         0  stubs.o ABSOLUTE
    _printf_lli                              0x00000000   Number         0  stubs.o ABSOLUTE
    _printf_llo                              0x00000000   Number         0  stubs.o ABSOLUTE
    _printf_llu                              0x00000000   Number         0  stubs.o ABSOLUTE
    _printf_llx                              0x00000000   Number         0  stubs.o ABSOLUTE
    _printf_longlong_dec                     0x00000000   Number         0  stubs.o ABSOLUTE
    _printf_longlong_hex                     0x00000000   Number         0  stubs.o ABSOLUTE
    _printf_longlong_oct                     0x00000000   Number         0  stubs.o ABSOLUTE
    _printf_ls                               0x00000000   Number         0  stubs.o ABSOLUTE
    _printf_mbtowc                           0x00000000   Number         0  stubs.o ABSOLUTE
    _printf_n                                0x00000000   Number         0  stubs.o ABSOLUTE
    _printf_o                                0x00000000   Number         0  stubs.o ABSOLUTE
    _printf_p                                0x00000000   Number         0  stubs.o ABSOLUTE
    _printf_percent                          0x00000000   Number         0  stubs.o ABSOLUTE
    _printf_pre_padding                      0x00000000   Number         0  stubs.o ABSOLUTE
    _printf_return_value                     0x00000000   Number         0  stubs.o ABSOLUTE
    _printf_s                                0x00000000   Number         0  stubs.o ABSOLUTE
    _printf_sizespec                         0x00000000   Number         0  stubs.o ABSOLUTE
    _printf_str                              0x00000000   Number         0  stubs.o ABSOLUTE
    _printf_truncate_signed                  0x00000000   Number         0  stubs.o ABSOLUTE
    _printf_truncate_unsigned                0x00000000   Number         0  stubs.o ABSOLUTE
    _printf_u                                0x00000000   Number         0  stubs.o ABSOLUTE
    _printf_wc                               0x00000000   Number         0  stubs.o ABSOLUTE
    _printf_wctomb                           0x00000000   Number         0  stubs.o ABSOLUTE
    _printf_widthprec                        0x00000000   Number         0  stubs.o ABSOLUTE
    _printf_x                                0x00000000   Number         0  stubs.o ABSOLUTE
    __cpp_initialize__aeabi_                  - Undefined Weak Reference
    __cxa_finalize                            - Undefined Weak Reference
    _clock_init                               - Undefined Weak Reference
    _microlib_exit                            - Undefined Weak Reference
    __Vectors_Size                           0x000001ac   Number         0  startup_stm32f427xx.o ABSOLUTE
    __Vectors                                0x08000000   Data           4  startup_stm32f427xx.o(RESET)
    __Vectors_End                            0x080001ac   Data           0  startup_stm32f427xx.o(RESET)
    __main                                   0x080001ad   Thumb Code     0  entry.o(.ARM.Collect$$$$00000000)
    _main_stk                                0x080001ad   Thumb Code     0  entry2.o(.ARM.Collect$$$$00000001)
    _main_scatterload                        0x080001b1   Thumb Code     0  entry5.o(.ARM.Collect$$$$00000004)
    __main_after_scatterload                 0x080001b5   Thumb Code     0  entry5.o(.ARM.Collect$$$$00000004)
    _main_clock                              0x080001b5   Thumb Code     0  entry7b.o(.ARM.Collect$$$$00000008)
    _main_cpp_init                           0x080001b5   Thumb Code     0  entry8b.o(.ARM.Collect$$$$0000000A)
    _main_init                               0x080001b5   Thumb Code     0  entry9a.o(.ARM.Collect$$$$0000000B)
    __rt_final_cpp                           0x080001bd   Thumb Code     0  entry10a.o(.ARM.Collect$$$$0000000D)
    __rt_final_exit                          0x080001bd   Thumb Code     0  entry11a.o(.ARM.Collect$$$$0000000F)
    SVC_Handler                              0x080001c1   Thumb Code    28  port.o(.emb_text)
    __asm___6_port_c_39a90d8d__prvStartFirstTask 0x080001e1   Thumb Code    28  port.o(.emb_text)
    __asm___6_port_c_39a90d8d__prvEnableVFP  0x08000201   Thumb Code    16  port.o(.emb_text)
    PendSV_Handler                           0x08000215   Thumb Code    92  port.o(.emb_text)
    vPortGetIPSR                             0x08000275   Thumb Code     6  port.o(.emb_text)
    Reset_Handler                            0x0800027d   Thumb Code     8  startup_stm32f427xx.o(.text)
    ADC_IRQHandler                           0x08000297   Thumb Code     0  startup_stm32f427xx.o(.text)
    CAN1_RX1_IRQHandler                      0x08000297   Thumb Code     0  startup_stm32f427xx.o(.text)
    CAN1_SCE_IRQHandler                      0x08000297   Thumb Code     0  startup_stm32f427xx.o(.text)
    CAN1_TX_IRQHandler                       0x08000297   Thumb Code     0  startup_stm32f427xx.o(.text)
    CAN2_RX1_IRQHandler                      0x08000297   Thumb Code     0  startup_stm32f427xx.o(.text)
    CAN2_SCE_IRQHandler                      0x08000297   Thumb Code     0  startup_stm32f427xx.o(.text)
    CAN2_TX_IRQHandler                       0x08000297   Thumb Code     0  startup_stm32f427xx.o(.text)
    DCMI_IRQHandler                          0x08000297   Thumb Code     0  startup_stm32f427xx.o(.text)
    DMA1_Stream0_IRQHandler                  0x08000297   Thumb Code     0  startup_stm32f427xx.o(.text)
    DMA1_Stream1_IRQHandler                  0x08000297   Thumb Code     0  startup_stm32f427xx.o(.text)
    DMA1_Stream3_IRQHandler                  0x08000297   Thumb Code     0  startup_stm32f427xx.o(.text)
    DMA1_Stream4_IRQHandler                  0x08000297   Thumb Code     0  startup_stm32f427xx.o(.text)
    DMA1_Stream7_IRQHandler                  0x08000297   Thumb Code     0  startup_stm32f427xx.o(.text)
    DMA2D_IRQHandler                         0x08000297   Thumb Code     0  startup_stm32f427xx.o(.text)
    DMA2_Stream0_IRQHandler                  0x08000297   Thumb Code     0  startup_stm32f427xx.o(.text)
    DMA2_Stream3_IRQHandler                  0x08000297   Thumb Code     0  startup_stm32f427xx.o(.text)
    DMA2_Stream5_IRQHandler                  0x08000297   Thumb Code     0  startup_stm32f427xx.o(.text)
    DMA2_Stream6_IRQHandler                  0x08000297   Thumb Code     0  startup_stm32f427xx.o(.text)
    DMA2_Stream7_IRQHandler                  0x08000297   Thumb Code     0  startup_stm32f427xx.o(.text)
    ETH_IRQHandler                           0x08000297   Thumb Code     0  startup_stm32f427xx.o(.text)
    ETH_WKUP_IRQHandler                      0x08000297   Thumb Code     0  startup_stm32f427xx.o(.text)
    EXTI0_IRQHandler                         0x08000297   Thumb Code     0  startup_stm32f427xx.o(.text)
    EXTI15_10_IRQHandler                     0x08000297   Thumb Code     0  startup_stm32f427xx.o(.text)
    EXTI1_IRQHandler                         0x08000297   Thumb Code     0  startup_stm32f427xx.o(.text)
    EXTI3_IRQHandler                         0x08000297   Thumb Code     0  startup_stm32f427xx.o(.text)
    EXTI4_IRQHandler                         0x08000297   Thumb Code     0  startup_stm32f427xx.o(.text)
    FLASH_IRQHandler                         0x08000297   Thumb Code     0  startup_stm32f427xx.o(.text)
    FMC_IRQHandler                           0x08000297   Thumb Code     0  startup_stm32f427xx.o(.text)
    FPU_IRQHandler                           0x08000297   Thumb Code     0  startup_stm32f427xx.o(.text)
    HASH_RNG_IRQHandler                      0x08000297   Thumb Code     0  startup_stm32f427xx.o(.text)
    I2C1_ER_IRQHandler                       0x08000297   Thumb Code     0  startup_stm32f427xx.o(.text)
    I2C1_EV_IRQHandler                       0x08000297   Thumb Code     0  startup_stm32f427xx.o(.text)
    I2C2_ER_IRQHandler                       0x08000297   Thumb Code     0  startup_stm32f427xx.o(.text)
    I2C2_EV_IRQHandler                       0x08000297   Thumb Code     0  startup_stm32f427xx.o(.text)
    I2C3_ER_IRQHandler                       0x08000297   Thumb Code     0  startup_stm32f427xx.o(.text)
    I2C3_EV_IRQHandler                       0x08000297   Thumb Code     0  startup_stm32f427xx.o(.text)
    OTG_FS_IRQHandler                        0x08000297   Thumb Code     0  startup_stm32f427xx.o(.text)
    OTG_FS_WKUP_IRQHandler                   0x08000297   Thumb Code     0  startup_stm32f427xx.o(.text)
    OTG_HS_EP1_IN_IRQHandler                 0x08000297   Thumb Code     0  startup_stm32f427xx.o(.text)
    OTG_HS_EP1_OUT_IRQHandler                0x08000297   Thumb Code     0  startup_stm32f427xx.o(.text)
    OTG_HS_IRQHandler                        0x08000297   Thumb Code     0  startup_stm32f427xx.o(.text)
    OTG_HS_WKUP_IRQHandler                   0x08000297   Thumb Code     0  startup_stm32f427xx.o(.text)
    PVD_IRQHandler                           0x08000297   Thumb Code     0  startup_stm32f427xx.o(.text)
    RCC_IRQHandler                           0x08000297   Thumb Code     0  startup_stm32f427xx.o(.text)
    RTC_Alarm_IRQHandler                     0x08000297   Thumb Code     0  startup_stm32f427xx.o(.text)
    RTC_WKUP_IRQHandler                      0x08000297   Thumb Code     0  startup_stm32f427xx.o(.text)
    SAI1_IRQHandler                          0x08000297   Thumb Code     0  startup_stm32f427xx.o(.text)
    SDIO_IRQHandler                          0x08000297   Thumb Code     0  startup_stm32f427xx.o(.text)
    SPI1_IRQHandler                          0x08000297   Thumb Code     0  startup_stm32f427xx.o(.text)
    SPI2_IRQHandler                          0x08000297   Thumb Code     0  startup_stm32f427xx.o(.text)
    SPI3_IRQHandler                          0x08000297   Thumb Code     0  startup_stm32f427xx.o(.text)
    SPI4_IRQHandler                          0x08000297   Thumb Code     0  startup_stm32f427xx.o(.text)
    SPI5_IRQHandler                          0x08000297   Thumb Code     0  startup_stm32f427xx.o(.text)
    SPI6_IRQHandler                          0x08000297   Thumb Code     0  startup_stm32f427xx.o(.text)
    TAMP_STAMP_IRQHandler                    0x08000297   Thumb Code     0  startup_stm32f427xx.o(.text)
    TIM1_BRK_TIM9_IRQHandler                 0x08000297   Thumb Code     0  startup_stm32f427xx.o(.text)
    TIM1_CC_IRQHandler                       0x08000297   Thumb Code     0  startup_stm32f427xx.o(.text)
    TIM1_TRG_COM_TIM11_IRQHandler            0x08000297   Thumb Code     0  startup_stm32f427xx.o(.text)
    TIM2_IRQHandler                          0x08000297   Thumb Code     0  startup_stm32f427xx.o(.text)
    TIM4_IRQHandler                          0x08000297   Thumb Code     0  startup_stm32f427xx.o(.text)
    TIM5_IRQHandler                          0x08000297   Thumb Code     0  startup_stm32f427xx.o(.text)
    TIM7_IRQHandler                          0x08000297   Thumb Code     0  startup_stm32f427xx.o(.text)
    TIM8_CC_IRQHandler                       0x08000297   Thumb Code     0  startup_stm32f427xx.o(.text)
    TIM8_TRG_COM_TIM14_IRQHandler            0x08000297   Thumb Code     0  startup_stm32f427xx.o(.text)
    TIM8_UP_TIM13_IRQHandler                 0x08000297   Thumb Code     0  startup_stm32f427xx.o(.text)
    UART5_IRQHandler                         0x08000297   Thumb Code     0  startup_stm32f427xx.o(.text)
    UART7_IRQHandler                         0x08000297   Thumb Code     0  startup_stm32f427xx.o(.text)
    USART6_IRQHandler                        0x08000297   Thumb Code     0  startup_stm32f427xx.o(.text)
    WWDG_IRQHandler                          0x08000297   Thumb Code     0  startup_stm32f427xx.o(.text)
    __aeabi_memcpy                           0x080002a1   Thumb Code    36  memcpya.o(.text)
    __aeabi_memcpy4                          0x080002a1   Thumb Code     0  memcpya.o(.text)
    __aeabi_memcpy8                          0x080002a1   Thumb Code     0  memcpya.o(.text)
    __aeabi_memset                           0x080002c5   Thumb Code    14  memseta.o(.text)
    __aeabi_memset4                          0x080002c5   Thumb Code     0  memseta.o(.text)
    __aeabi_memset8                          0x080002c5   Thumb Code     0  memseta.o(.text)
    __aeabi_memclr                           0x080002d3   Thumb Code     4  memseta.o(.text)
    __aeabi_memclr4                          0x080002d3   Thumb Code     0  memseta.o(.text)
    __aeabi_memclr8                          0x080002d3   Thumb Code     0  memseta.o(.text)
    _memset$wrapper                          0x080002d7   Thumb Code    18  memseta.o(.text)
    __aeabi_dadd                             0x080002e9   Thumb Code   322  dadd.o(.text)
    __aeabi_dsub                             0x0800042b   Thumb Code     6  dadd.o(.text)
    __aeabi_drsub                            0x08000431   Thumb Code     6  dadd.o(.text)
    __aeabi_ddiv                             0x08000437   Thumb Code   222  ddiv.o(.text)
    __aeabi_i2d                              0x08000515   Thumb Code    34  dflti.o(.text)
    __aeabi_ui2d                             0x08000537   Thumb Code    26  dfltui.o(.text)
    __aeabi_f2d                              0x08000551   Thumb Code    38  f2d.o(.text)
    __aeabi_cdrcmple                         0x08000579   Thumb Code    48  cdrcmple.o(.text)
    __aeabi_d2f                              0x080005a9   Thumb Code    56  d2f.o(.text)
    __aeabi_uidiv                            0x080005e1   Thumb Code     0  uidiv.o(.text)
    __aeabi_uidivmod                         0x080005e1   Thumb Code    44  uidiv.o(.text)
    __aeabi_uldivmod                         0x0800060d   Thumb Code    98  uldiv.o(.text)
    __aeabi_llsl                             0x0800066f   Thumb Code    30  llshl.o(.text)
    _ll_shift_l                              0x0800066f   Thumb Code     0  llshl.o(.text)
    __aeabi_lasr                             0x0800068d   Thumb Code    36  llsshr.o(.text)
    _ll_sshift_r                             0x0800068d   Thumb Code     0  llsshr.o(.text)
    __I$use$fp                               0x080006b1   Thumb Code     0  iusefp.o(.text)
    _float_round                             0x080006b1   Thumb Code    18  fepilogue.o(.text)
    _float_epilogue                          0x080006c3   Thumb Code    92  fepilogue.o(.text)
    _double_round                            0x0800071f   Thumb Code    30  depilogue.o(.text)
    _double_epilogue                         0x0800073d   Thumb Code   156  depilogue.o(.text)
    __aeabi_dmul                             0x080007d9   Thumb Code   228  dmul.o(.text)
    __aeabi_d2ulz                            0x080008bd   Thumb Code    48  dfixul.o(.text)
    __scatterload                            0x080008ed   Thumb Code    28  init.o(.text)
    __scatterload_rt2                        0x080008ed   Thumb Code     0  init.o(.text)
    __aeabi_llsr                             0x08000911   Thumb Code    32  llushr.o(.text)
    _ll_ushift_r                             0x08000911   Thumb Code     0  llushr.o(.text)
    __decompress                             0x08000931   Thumb Code     0  __dczerorl.o(.text)
    __decompress0                            0x08000931   Thumb Code    58  __dczerorl.o(.text)
    Allocate_Motor                           0x08000b21   Thumb Code    48  motor_use_can.o(i.Allocate_Motor)
    BSP_Init                                 0x08000b55   Thumb Code   230  bsp.o(i.BSP_Init)
    BusFault_Handler                         0x08000c6d   Thumb Code     2  stm32f4xx_it.o(i.BusFault_Handler)
    CAN1_RX0_IRQHandler                      0x08000c71   Thumb Code     6  stm32f4xx_it.o(i.CAN1_RX0_IRQHandler)
    CAN2_RX0_IRQHandler                      0x08000c7d   Thumb Code     6  stm32f4xx_it.o(i.CAN2_RX0_IRQHandler)
    CanFilter_Init                           0x08000db5   Thumb Code    74  can.o(i.CanFilter_Init)
    Chassis_Contrl_Task                      0x08000e05   Thumb Code   296  chassis_task.o(i.Chassis_Contrl_Task)
    Chassis_Motor                            0x08000f51   Thumb Code    56  motor_use_can.o(i.Chassis_Motor)
    Chassis_Motor_Disable                    0x08000f8d   Thumb Code    42  motor_use_can.o(i.Chassis_Motor_Disable)
    Chassis_pid_init                         0x08000fbd   Thumb Code   160  chassis_task.o(i.Chassis_pid_init)
    Cloud_Platform_Motor                     0x08001075   Thumb Code    50  motor_use_can.o(i.Cloud_Platform_Motor)
    Cloud_Platform_Motor_Disable             0x080010ad   Thumb Code    42  motor_use_can.o(i.Cloud_Platform_Motor_Disable)
    ConfigureTimerForRunTimeStats            0x080010dd   Thumb Code    12  bsp.o(i.ConfigureTimerForRunTimeStats)
    DMA1_Stream2_IRQHandler                  0x080010ed   Thumb Code     6  stm32f4xx_it.o(i.DMA1_Stream2_IRQHandler)
    DMA1_Stream5_IRQHandler                  0x080010f9   Thumb Code     6  stm32f4xx_it.o(i.DMA1_Stream5_IRQHandler)
    DMA1_Stream6_IRQHandler                  0x08001105   Thumb Code     6  stm32f4xx_it.o(i.DMA1_Stream6_IRQHandler)
    DMA2_Stream1_IRQHandler                  0x08001111   Thumb Code     6  stm32f4xx_it.o(i.DMA2_Stream1_IRQHandler)
    DMA2_Stream2_IRQHandler                  0x0800111d   Thumb Code     6  stm32f4xx_it.o(i.DMA2_Stream2_IRQHandler)
    DMA2_Stream4_IRQHandler                  0x08001129   Thumb Code     6  stm32f4xx_it.o(i.DMA2_Stream4_IRQHandler)
    DebugMon_Handler                         0x080011d9   Thumb Code     2  stm32f4xx_it.o(i.DebugMon_Handler)
    EXTI2_IRQHandler                         0x080011db   Thumb Code     6  stm32f4xx_it.o(i.EXTI2_IRQHandler)
    EXTI9_5_IRQHandler                       0x080011e1   Thumb Code     6  stm32f4xx_it.o(i.EXTI9_5_IRQHandler)
    Error_Handler                            0x080011e7   Thumb Code     2  main.o(i.Error_Handler)
    GUN_Init                                 0x080011e9   Thumb Code    90  motor_use_tim.o(i.GUN_Init)
    GetSystemTimer                           0x0800124d   Thumb Code    62  systemstate.o(i.GetSystemTimer)
    Get_ADC_Value                            0x08001299   Thumb Code   164  power_restriction.o(i.Get_ADC_Value)
    Gimbal_Contrl_Task                       0x0800134d   Thumb Code   276  gimbal_task.o(i.Gimbal_Contrl_Task)
    Gun_Pid_Init                             0x08001485   Thumb Code   100  gun_task.o(i.Gun_Pid_Init)
    Gun_Task                                 0x08001501   Thumb Code   390  gun_task.o(i.Gun_Task)
    HAL_ADC_ConfigChannel                    0x080016b1   Thumb Code   324  stm32f4xx_hal_adc.o(i.HAL_ADC_ConfigChannel)
    HAL_ADC_ConvCpltCallback                 0x08001805   Thumb Code     2  stm32f4xx_hal_adc.o(i.HAL_ADC_ConvCpltCallback)
    HAL_ADC_ConvHalfCpltCallback             0x08001807   Thumb Code     2  stm32f4xx_hal_adc.o(i.HAL_ADC_ConvHalfCpltCallback)
    HAL_ADC_ErrorCallback                    0x08001809   Thumb Code     2  stm32f4xx_hal_adc.o(i.HAL_ADC_ErrorCallback)
    HAL_ADC_Init                             0x0800180b   Thumb Code    84  stm32f4xx_hal_adc.o(i.HAL_ADC_Init)
    HAL_ADC_MspInit                          0x08001861   Thumb Code   104  adc.o(i.HAL_ADC_MspInit)
    HAL_ADC_Start_DMA                        0x080018dd   Thumb Code   228  stm32f4xx_hal_adc.o(i.HAL_ADC_Start_DMA)
    HAL_CAN_ConfigFilter                     0x080019d9   Thumb Code   218  stm32f4xx_hal_can.o(i.HAL_CAN_ConfigFilter)
    HAL_CAN_IRQHandler                       0x08001abd   Thumb Code    64  stm32f4xx_hal_can.o(i.HAL_CAN_IRQHandler)
    HAL_CAN_Init                             0x08001afd   Thumb Code   328  stm32f4xx_hal_can.o(i.HAL_CAN_Init)
    HAL_CAN_MspInit                          0x08001c45   Thumb Code   168  can.o(i.HAL_CAN_MspInit)
    HAL_CAN_Receive_IT                       0x08001d05   Thumb Code   134  stm32f4xx_hal_can.o(i.HAL_CAN_Receive_IT)
    HAL_CAN_RxCpltCallback                   0x08001d8d   Thumb Code   304  stm32f4xx_it.o(i.HAL_CAN_RxCpltCallback)
    HAL_CAN_Transmit                         0x08001edd   Thumb Code   390  stm32f4xx_hal_can.o(i.HAL_CAN_Transmit)
    HAL_DMA_Abort_IT                         0x08002071   Thumb Code    36  stm32f4xx_hal_dma.o(i.HAL_DMA_Abort_IT)
    HAL_DMA_IRQHandler                       0x08002095   Thumb Code   414  stm32f4xx_hal_dma.o(i.HAL_DMA_IRQHandler)
    HAL_DMA_Init                             0x0800223d   Thumb Code   202  stm32f4xx_hal_dma.o(i.HAL_DMA_Init)
    HAL_DMA_Start                            0x0800230d   Thumb Code    70  stm32f4xx_hal_dma.o(i.HAL_DMA_Start)
    HAL_DMA_Start_IT                         0x08002353   Thumb Code   120  stm32f4xx_hal_dma.o(i.HAL_DMA_Start_IT)
    HAL_Delay                                0x080023cb   Thumb Code    22  stm32f4xx_hal.o(i.HAL_Delay)
    HAL_GPIO_EXTI_Callback                   0x080023e1   Thumb Code    78  stm32f4xx_it.o(i.HAL_GPIO_EXTI_Callback)
    HAL_GPIO_EXTI_IRQHandler                 0x08002451   Thumb Code    18  stm32f4xx_hal_gpio.o(i.HAL_GPIO_EXTI_IRQHandler)
    HAL_GPIO_Init                            0x08002469   Thumb Code   408  stm32f4xx_hal_gpio.o(i.HAL_GPIO_Init)
    HAL_GPIO_TogglePin                       0x08002635   Thumb Code     8  stm32f4xx_hal_gpio.o(i.HAL_GPIO_TogglePin)
    HAL_GPIO_WritePin                        0x0800263d   Thumb Code    10  stm32f4xx_hal_gpio.o(i.HAL_GPIO_WritePin)
    HAL_GetTick                              0x08002649   Thumb Code     6  stm32f4xx_hal.o(i.HAL_GetTick)
    HAL_IncTick                              0x08002655   Thumb Code    10  stm32f4xx_hal.o(i.HAL_IncTick)
    HAL_Init                                 0x08002665   Thumb Code    48  stm32f4xx_hal.o(i.HAL_Init)
    HAL_InitTick                             0x08002699   Thumb Code   100  stm32f4xx_hal.o(i.HAL_InitTick)
    HAL_MspInit                              0x0800270d   Thumb Code    88  stm32f4xx_hal_msp.o(i.HAL_MspInit)
    HAL_NVIC_EnableIRQ                       0x08002765   Thumb Code    22  stm32f4xx_hal_cortex.o(i.HAL_NVIC_EnableIRQ)
    HAL_NVIC_SetPriority                     0x0800277d   Thumb Code    60  stm32f4xx_hal_cortex.o(i.HAL_NVIC_SetPriority)
    HAL_NVIC_SetPriorityGrouping             0x080027bd   Thumb Code    26  stm32f4xx_hal_cortex.o(i.HAL_NVIC_SetPriorityGrouping)
    HAL_RCC_ClockConfig                      0x080027e1   Thumb Code   364  stm32f4xx_hal_rcc.o(i.HAL_RCC_ClockConfig)
    HAL_RCC_GetClockConfig                   0x0800295d   Thumb Code    54  stm32f4xx_hal_rcc.o(i.HAL_RCC_GetClockConfig)
    HAL_RCC_GetHCLKFreq                      0x0800299d   Thumb Code     6  stm32f4xx_hal_rcc.o(i.HAL_RCC_GetHCLKFreq)
    HAL_RCC_GetPCLK1Freq                     0x080029a9   Thumb Code    34  stm32f4xx_hal_rcc.o(i.HAL_RCC_GetPCLK1Freq)
    HAL_RCC_GetPCLK2Freq                     0x080029d9   Thumb Code    34  stm32f4xx_hal_rcc.o(i.HAL_RCC_GetPCLK2Freq)
    HAL_RCC_GetSysClockFreq                  0x08002a09   Thumb Code   104  stm32f4xx_hal_rcc.o(i.HAL_RCC_GetSysClockFreq)
    HAL_RCC_OscConfig                        0x08002a7d   Thumb Code   722  stm32f4xx_hal_rcc.o(i.HAL_RCC_OscConfig)
    HAL_SPI_Init                             0x08002d61   Thumb Code   128  stm32f4xx_hal_spi.o(i.HAL_SPI_Init)
    HAL_SPI_MspInit                          0x08002de1   Thumb Code    64  spi.o(i.HAL_SPI_MspInit)
    HAL_SPI_TransmitReceive                  0x08002e2d   Thumb Code   472  stm32f4xx_hal_spi.o(i.HAL_SPI_TransmitReceive)
    HAL_SYSTICK_CLKSourceConfig              0x08003005   Thumb Code    24  stm32f4xx_hal_cortex.o(i.HAL_SYSTICK_CLKSourceConfig)
    HAL_SYSTICK_Config                       0x0800301d   Thumb Code    40  stm32f4xx_hal_cortex.o(i.HAL_SYSTICK_Config)
    HAL_TIMEx_BreakCallback                  0x08003045   Thumb Code     2  stm32f4xx_hal_tim_ex.o(i.HAL_TIMEx_BreakCallback)
    HAL_TIMEx_CommutationCallback            0x08003047   Thumb Code     2  stm32f4xx_hal_tim_ex.o(i.HAL_TIMEx_CommutationCallback)
    HAL_TIMEx_MasterConfigSynchronization    0x08003049   Thumb Code    80  stm32f4xx_hal_tim_ex.o(i.HAL_TIMEx_MasterConfigSynchronization)
    HAL_TIM_Base_Init                        0x08003099   Thumb Code    54  stm32f4xx_hal_tim.o(i.HAL_TIM_Base_Init)
    HAL_TIM_Base_MspInit                     0x080030d1   Thumb Code   144  tim.o(i.HAL_TIM_Base_MspInit)
    HAL_TIM_Base_Start_IT                    0x08003175   Thumb Code    24  stm32f4xx_hal_tim.o(i.HAL_TIM_Base_Start_IT)
    HAL_TIM_ConfigClockSource                0x0800318d   Thumb Code   242  stm32f4xx_hal_tim.o(i.HAL_TIM_ConfigClockSource)
    HAL_TIM_IC_CaptureCallback               0x0800327f   Thumb Code     2  stm32f4xx_hal_tim.o(i.HAL_TIM_IC_CaptureCallback)
    HAL_TIM_IRQHandler                       0x08003281   Thumb Code   358  stm32f4xx_hal_tim.o(i.HAL_TIM_IRQHandler)
    HAL_TIM_MspPostInit                      0x080033e9   Thumb Code    62  tim.o(i.HAL_TIM_MspPostInit)
    HAL_TIM_OC_DelayElapsedCallback          0x08003435   Thumb Code     2  stm32f4xx_hal_tim.o(i.HAL_TIM_OC_DelayElapsedCallback)
    HAL_TIM_PWM_ConfigChannel                0x08003437   Thumb Code   208  stm32f4xx_hal_tim.o(i.HAL_TIM_PWM_ConfigChannel)
    HAL_TIM_PWM_Init                         0x08003507   Thumb Code    54  stm32f4xx_hal_tim.o(i.HAL_TIM_PWM_Init)
    HAL_TIM_PWM_MspInit                      0x0800353d   Thumb Code     2  stm32f4xx_hal_tim.o(i.HAL_TIM_PWM_MspInit)
    HAL_TIM_PWM_PulseFinishedCallback        0x0800353f   Thumb Code     2  stm32f4xx_hal_tim.o(i.HAL_TIM_PWM_PulseFinishedCallback)
    HAL_TIM_PWM_Start                        0x08003541   Thumb Code    48  stm32f4xx_hal_tim.o(i.HAL_TIM_PWM_Start)
    HAL_TIM_PeriodElapsedCallback            0x08003579   Thumb Code    92  stm32f4xx_it.o(i.HAL_TIM_PeriodElapsedCallback)
    HAL_TIM_TriggerCallback                  0x080035f5   Thumb Code     2  stm32f4xx_hal_tim.o(i.HAL_TIM_TriggerCallback)
    HAL_UART_DMAPause                        0x080035f7   Thumb Code   102  stm32f4xx_hal_uart.o(i.HAL_UART_DMAPause)
    HAL_UART_DMAResume                       0x0800365d   Thumb Code    94  stm32f4xx_hal_uart.o(i.HAL_UART_DMAResume)
    HAL_UART_ErrorCallback                   0x080036bb   Thumb Code     2  stm32f4xx_hal_uart.o(i.HAL_UART_ErrorCallback)
    HAL_UART_IRQHandler                      0x080036bd   Thumb Code   266  stm32f4xx_hal_uart.o(i.HAL_UART_IRQHandler)
    HAL_UART_Init                            0x080037cd   Thumb Code    98  stm32f4xx_hal_uart.o(i.HAL_UART_Init)
    HAL_UART_MspInit                         0x08003831   Thumb Code   730  usart.o(i.HAL_UART_MspInit)
    HAL_UART_Receive_DMA                     0x08003b4d   Thumb Code   130  stm32f4xx_hal_uart.o(i.HAL_UART_Receive_DMA)
    HAL_UART_RxCpltCallback                  0x08003bd9   Thumb Code     2  stm32f4xx_it.o(i.HAL_UART_RxCpltCallback)
    HAL_UART_Transmit                        0x08003bdb   Thumb Code   186  stm32f4xx_hal_uart.o(i.HAL_UART_Transmit)
    HAL_UART_TxCpltCallback                  0x08003c95   Thumb Code     2  stm32f4xx_hal_uart.o(i.HAL_UART_TxCpltCallback)
    HardFault_Handler                        0x08003c97   Thumb Code     2  stm32f4xx_it.o(i.HardFault_Handler)
    IMU_Get_Data                             0x08003c99   Thumb Code   176  communication.o(i.IMU_Get_Data)
    JY61_Data_Pro                            0x08003d4d   Thumb Code   524  communication.o(i.JY61_Data_Pro)
    JY61_Frame                               0x08003f7d   Thumb Code    96  bsp.o(i.JY61_Frame)
    Limit_filter                             0x08003fe9   Thumb Code    52  power_restriction.o(i.Limit_filter)
    MPU6500_Init                             0x0800401d   Thumb Code   212  communication.o(i.MPU6500_Init)
    MPU6500_Read_Reg                         0x08004101   Thumb Code    68  communication.o(i.MPU6500_Read_Reg)
    MPU6500_Read_Regs                        0x08004151   Thumb Code    80  communication.o(i.MPU6500_Read_Regs)
    MPU6500_Write_Reg                        0x080041ad   Thumb Code    72  communication.o(i.MPU6500_Write_Reg)
    MX_ADC1_Init                             0x08004201   Thumb Code    74  adc.o(i.MX_ADC1_Init)
    MX_CAN1_Init                             0x08004259   Thumb Code    60  can.o(i.MX_CAN1_Init)
    MX_CAN2_Init                             0x0800429d   Thumb Code    60  can.o(i.MX_CAN2_Init)
    MX_DMA_Init                              0x080042e1   Thumb Code   120  dma.o(i.MX_DMA_Init)
    MX_FREERTOS_Init                         0x0800435d   Thumb Code   140  freertos.o(i.MX_FREERTOS_Init)
    MX_GPIO_Init                             0x080043f1   Thumb Code   448  gpio.o(i.MX_GPIO_Init)
    MX_SPI5_Init                             0x080045d5   Thumb Code    62  spi.o(i.MX_SPI5_Init)
    MX_TIM12_Init                            0x0800461d   Thumb Code    60  tim.o(i.MX_TIM12_Init)
    MX_TIM3_Init                             0x08004661   Thumb Code    36  tim.o(i.MX_TIM3_Init)
    MX_TIM5_Init                             0x0800468d   Thumb Code   140  tim.o(i.MX_TIM5_Init)
    MX_TIM6_Init                             0x08004721   Thumb Code    38  tim.o(i.MX_TIM6_Init)
    MX_UART4_Init                            0x08004751   Thumb Code    48  usart.o(i.MX_UART4_Init)
    MX_UART8_Init                            0x08004789   Thumb Code    48  usart.o(i.MX_UART8_Init)
    MX_USART1_UART_Init                      0x080047c1   Thumb Code    46  usart.o(i.MX_USART1_UART_Init)
    MX_USART2_UART_Init                      0x080047fd   Thumb Code    48  usart.o(i.MX_USART2_UART_Init)
    MX_USART3_UART_Init                      0x08004835   Thumb Code    48  usart.o(i.MX_USART3_UART_Init)
    MX_USART6_UART_Init                      0x0800486d   Thumb Code    48  usart.o(i.MX_USART6_UART_Init)
    MemManage_Handler                        0x080048a5   Thumb Code     2  stm32f4xx_it.o(i.MemManage_Handler)
    MouseKeyControlProcess                   0x080048a9   Thumb Code   306  data_pro_task.o(i.MouseKeyControlProcess)
    MyTime_memset                            0x08004a01   Thumb Code    28  power_restriction.o(i.MyTime_memset)
    MyTime_statistics                        0x08004a25   Thumb Code    56  power_restriction.o(i.MyTime_statistics)
    NMI_Handler                              0x08004a61   Thumb Code     2  stm32f4xx_it.o(i.NMI_Handler)
    PID_struct_init                          0x08004a85   Thumb Code    16  pid.o(i.PID_struct_init)
    RefreshDeviceOutLineTime                 0x08004a9d   Thumb Code    20  systemstate.o(i.RefreshDeviceOutLineTime)
    RefreshSysTime                           0x08004ab5   Thumb Code    10  systemstate.o(i.RefreshSysTime)
    RefreshTaskOutLineTime                   0x08004ac5   Thumb Code    20  systemstate.o(i.RefreshTaskOutLineTime)
    Remain_Power_Calculate                   0x08004add   Thumb Code   158  power_restriction.o(i.Remain_Power_Calculate)
    RemoteControlProcess                     0x08004b9d   Thumb Code   258  data_pro_task.o(i.RemoteControlProcess)
    Remote_Ctrl                              0x08004cbd   Thumb Code   100  communication.o(i.Remote_Ctrl)
    Remote_Data_Task                         0x08004d25   Thumb Code   270  data_pro_task.o(i.Remote_Data_Task)
    StartDefaultTask                         0x08004eff   Thumb Code     8  freertos.o(i.StartDefaultTask)
    Stir_Motor                               0x08004f09   Thumb Code    48  motor_use_can.o(i.Stir_Motor)
    SysTick_Handler                          0x08004f3d   Thumb Code     4  stm32f4xx_it.o(i.SysTick_Handler)
    SystemClock_Config                       0x08004f41   Thumb Code   150  main.o(i.SystemClock_Config)
    SystemInit                               0x08004fe1   Thumb Code    66  system_stm32f4xx.o(i.SystemInit)
    SystemState_Inite                        0x08005035   Thumb Code    18  systemstate.o(i.SystemState_Inite)
    TIM1_UP_TIM10_IRQHandler                 0x08005051   Thumb Code     6  stm32f4xx_it.o(i.TIM1_UP_TIM10_IRQHandler)
    TIM3_IRQHandler                          0x0800505d   Thumb Code     6  stm32f4xx_it.o(i.TIM3_IRQHandler)
    TIM5_PWM_Init                            0x08005069   Thumb Code    10  motor_use_tim.o(i.TIM5_PWM_Init)
    TIM6_DAC_IRQHandler                      0x08005079   Thumb Code     6  stm32f4xx_it.o(i.TIM6_DAC_IRQHandler)
    TIM8_BRK_TIM12_IRQHandler                0x08005085   Thumb Code     6  stm32f4xx_it.o(i.TIM8_BRK_TIM12_IRQHandler)
    TIM_Base_SetConfig                       0x08005091   Thumb Code   148  stm32f4xx_hal_tim.o(i.TIM_Base_SetConfig)
    TIM_CCxChannelCmd                        0x08005151   Thumb Code    22  stm32f4xx_hal_tim.o(i.TIM_CCxChannelCmd)
    TIM_OC2_SetConfig                        0x080051e5   Thumb Code    90  stm32f4xx_hal_tim.o(i.TIM_OC2_SetConfig)
    UART4_IRQHandler                         0x08005341   Thumb Code    90  stm32f4xx_it.o(i.UART4_IRQHandler)
    UART8_IRQHandler                         0x080053a9   Thumb Code    90  stm32f4xx_it.o(i.UART8_IRQHandler)
    USART1_IRQHandler                        0x080058d5   Thumb Code   102  stm32f4xx_it.o(i.USART1_IRQHandler)
    USART2_IRQHandler                        0x0800594d   Thumb Code   106  stm32f4xx_it.o(i.USART2_IRQHandler)
    USART3_IRQHandler                        0x080059cd   Thumb Code    28  stm32f4xx_it.o(i.USART3_IRQHandler)
    UsageFault_Handler                       0x080059ed   Thumb Code     2  stm32f4xx_it.o(i.UsageFault_Handler)
    Window_sliding_filter                    0x080059f1   Thumb Code    34  power_restriction.o(i.Window_sliding_filter)
    __0printf                                0x08005a19   Thumb Code    22  printfa.o(i.__0printf)
    __1printf                                0x08005a19   Thumb Code     0  printfa.o(i.__0printf)
    __2printf                                0x08005a19   Thumb Code     0  printfa.o(i.__0printf)
    __c89printf                              0x08005a19   Thumb Code     0  printfa.o(i.__0printf)
    printf                                   0x08005a19   Thumb Code     0  printfa.o(i.__0printf)
    __scatterload_copy                       0x08005a39   Thumb Code    14  handlers.o(i.__scatterload_copy)
    __scatterload_null                       0x08005a47   Thumb Code     2  handlers.o(i.__scatterload_null)
    __scatterload_zeroinit                   0x08005a49   Thumb Code    14  handlers.o(i.__scatterload_zeroinit)
    abs_limit                                0x0800630b   Thumb Code    42  pid.o(i.abs_limit)
    fputc                                    0x08006335   Thumb Code    18  usart.o(i.fputc)
    get_moto_measure_3508                    0x0800634d   Thumb Code    72  motor_use_can.o(i.get_moto_measure_3508)
    get_moto_measure_6623                    0x08006395   Thumb Code    68  motor_use_can.o(i.get_moto_measure_6623)
    get_moto_offset                          0x080063d9   Thumb Code    12  motor_use_can.o(i.get_moto_offset)
    gimbal_pid_init                          0x080063e5   Thumb Code   128  gimbal_task.o(i.gimbal_pid_init)
    hard_brak                                0x08006479   Thumb Code    32  data_pro_task.o(i.hard_brak)
    main                                     0x080064a9   Thumb Code    30  main.o(i.main)
    motor_move_setvmmps                      0x080064d3   Thumb Code    42  mecanum_calc.o(i.motor_move_setvmmps)
    osDelay                                  0x080064fd   Thumb Code    14  cmsis_os.o(i.osDelay)
    osDelayUntil                             0x0800650b   Thumb Code    14  cmsis_os.o(i.osDelayUntil)
    osKernelStart                            0x08006519   Thumb Code    10  cmsis_os.o(i.osKernelStart)
    osSystickHandler                         0x08006523   Thumb Code    20  cmsis_os.o(i.osSystickHandler)
    osThreadCreate                           0x08006537   Thumb Code    56  cmsis_os.o(i.osThreadCreate)
    pid_calc                                 0x08006571   Thumb Code   448  pid.o(i.pid_calc)
    power_limit                              0x08006749   Thumb Code   400  power_restriction.o(i.power_limit)
    pvPortMalloc                             0x08006a8d   Thumb Code   210  heap_4.o(i.pvPortMalloc)
    pxPortInitialiseStack                    0x08006b65   Thumb Code    36  port.o(i.pxPortInitialiseStack)
    testTask                                 0x08006b8d   Thumb Code   102  test_task.o(i.testTask)
    uxListRemove                             0x08006c15   Thumb Code    36  list.o(i.uxListRemove)
    vListInitialise                          0x08006c39   Thumb Code    22  list.o(i.vListInitialise)
    vListInitialiseItem                      0x08006c4f   Thumb Code     6  list.o(i.vListInitialiseItem)
    vListInsert                              0x08006c55   Thumb Code    48  list.o(i.vListInsert)
    vListInsertEnd                           0x08006c85   Thumb Code    24  list.o(i.vListInsertEnd)
    vPortEnterCritical                       0x08006c9d   Thumb Code    54  port.o(i.vPortEnterCritical)
    vPortExitCritical                        0x08006cdd   Thumb Code    34  port.o(i.vPortExitCritical)
    vPortFree                                0x08006d05   Thumb Code    88  heap_4.o(i.vPortFree)
    vPortSetupTimerInterrupt                 0x08006d61   Thumb Code    26  port.o(i.vPortSetupTimerInterrupt)
    vPortValidateInterruptPriority           0x08006d81   Thumb Code    74  port.o(i.vPortValidateInterruptPriority)
    vTaskDelay                               0x08006dd5   Thumb Code    94  tasks.o(i.vTaskDelay)
    vTaskDelayUntil                          0x08006e3d   Thumb Code   158  tasks.o(i.vTaskDelayUntil)
    vTaskNotifyGiveFromISR                   0x08006ee5   Thumb Code   170  tasks.o(i.vTaskNotifyGiveFromISR)
    vTaskStartScheduler                      0x08006f99   Thumb Code    90  tasks.o(i.vTaskStartScheduler)
    vTaskSuspendAll                          0x08007005   Thumb Code    10  tasks.o(i.vTaskSuspendAll)
    vTaskSwitchContext                       0x08007015   Thumb Code   110  tasks.o(i.vTaskSwitchContext)
    xPortStartScheduler                      0x08007091   Thumb Code   202  port.o(i.xPortStartScheduler)
    xPortSysTickHandler                      0x08007171   Thumb Code    38  port.o(i.xPortSysTickHandler)
    xTaskGenericCreate                       0x0800719d   Thumb Code   434  tasks.o(i.xTaskGenericCreate)
    xTaskGetSchedulerState                   0x0800735d   Thumb Code    22  tasks.o(i.xTaskGetSchedulerState)
    xTaskGetTickCount                        0x08007379   Thumb Code     6  tasks.o(i.xTaskGetTickCount)
    xTaskIncrementTick                       0x08007385   Thumb Code   194  tasks.o(i.xTaskIncrementTick)
    xTaskResumeAll                           0x08007451   Thumb Code   182  tasks.o(i.xTaskResumeAll)
    APBAHBPrescTable                         0x080075a0   Data          16  stm32f4xx_hal_rcc.o(.constdata)
    Region$$Table$$Base                      0x080075fc   Number         0  anon$$obj.o(Region$$Table)
    Region$$Table$$Limit                     0x0800761c   Number         0  anon$$obj.o(Region$$Table)
    defaultTaskHandle                        0x20000000   Data           4  freertos.o(.data)
    testTaskHandle                           0x20000004   Data           4  freertos.o(.data)
    ChassisTaskHandle                        0x20000008   Data           4  freertos.o(.data)
    RemoteDataTaskHandle                     0x2000000c   Data           4  freertos.o(.data)
    GimbalTaskHandle                         0x20000010   Data           4  freertos.o(.data)
    GunTaskHandle                            0x20000014   Data           4  freertos.o(.data)
    MiniPCDataTaskHandle                     0x20000018   Data           4  freertos.o(.data)
    RemoteData_flag                          0x2000001c   Data           1  stm32f4xx_it.o(.data)
    speed_golf                               0x20000020   Data           4  stm32f4xx_it.o(.data)
    gimbal_disable_flg                       0x20000034   Data           1  gimbal_task.o(.data)
    yaw_set                                  0x2000003c   Data           8  gimbal_task.o(.data)
    pit_set                                  0x20000044   Data           8  gimbal_task.o(.data)
    chassis_disable_flg                      0x2000004c   Data           1  chassis_task.o(.data)
    shot_anjian_counter                      0x2000004e   Data           1  data_pro_task.o(.data)
    shot_frequency                           0x2000004f   Data           1  data_pro_task.o(.data)
    press_counter                            0x20000050   Data           1  data_pro_task.o(.data)
    chassis_gimble_Mode_flg                  0x20000051   Data           1  data_pro_task.o(.data)
    XY_speed_max                             0x20000052   Data           2  data_pro_task.o(.data)
    XY_speed_min                             0x20000054   Data           2  data_pro_task.o(.data)
    W_speed_max                              0x20000056   Data           2  data_pro_task.o(.data)
    W_speed_min                              0x20000058   Data           2  data_pro_task.o(.data)
    gate1_counter                            0x2000005c   Data           2  test_task.o(.data)
    Photoelectric_gate1                      0x20000060   Data           4  test_task.o(.data)
    Photoelectric_gate2                      0x20000064   Data           4  test_task.o(.data)
    Golf_speed                               0x20000068   Data           4  test_task.o(.data)
    gate2_counter                            0x2000006c   Data           2  test_task.o(.data)
    Micro_Tick                               0x20000070   Data           4  test_task.o(.data)
    FreeRTOSRunTimeTicks                     0x20000080   Data           8  bsp.o(.data)
    limit                                    0x2000008c   Data          32  power_restriction.o(.data)
    MPU_id                                   0x200000ac   Data           1  communication.o(.data)
    stcAcc                                   0x200000c0   Data           8  communication.o(.data)
    stcGyro                                  0x200000c8   Data           8  communication.o(.data)
    stcAngle                                 0x200000d0   Data           8  communication.o(.data)
    UART8_RX_NUM                             0x200000e6   Data           2  communication.o(.data)
    UART4_RX_NUM                             0x200000e8   Data           2  communication.o(.data)
    pxCurrentTCB                             0x200000ec   Data           4  tasks.o(.data)
    SystemCoreClock                          0x20000150   Data           4  system_stm32f4xx.o(.data)
    uwTick                                   0x20000154   Data           4  stm32f4xx_hal.o(.data)
    __stdout                                 0x20000158   Data           4  stdout.o(.data)
    pid_dial_pos                             0x2000015c   Data         128  gun_task.o(.bss)
    pid_dial_spd                             0x200001dc   Data         128  gun_task.o(.bss)
    pid_stir_spd                             0x2000025c   Data         128  gun_task.o(.bss)
    ptr_heat_gun_t                           0x200002dc   Data          24  gun_task.o(.bss)
    pid_yaw_jy61                             0x200002f4   Data         128  gimbal_task.o(.bss)
    pid_pit_jy61                             0x20000374   Data         128  gimbal_task.o(.bss)
    pid_yaw_jy61_spd                         0x200003f4   Data         128  gimbal_task.o(.bss)
    pid_pit_jy61_spd                         0x20000474   Data         128  gimbal_task.o(.bss)
    moto_3508_set                            0x200004f4   Data          16  chassis_task.o(.bss)
    pid_chassis_follow                       0x20000504   Data         128  chassis_task.o(.bss)
    pid_chassis_follow_spd                   0x20000584   Data         128  chassis_task.o(.bss)
    pid_3508_pos                             0x20000624   Data         128  chassis_task.o(.bss)
    pid_3508_spd                             0x200006a4   Data         512  chassis_task.o(.bss)
    hspi5                                    0x200008a4   Data          88  spi.o(.bss)
    hadc1                                    0x200008fc   Data          72  adc.o(.bss)
    hdma_adc1                                0x20000944   Data          96  adc.o(.bss)
    htim5                                    0x200009a4   Data          60  tim.o(.bss)
    htim12                                   0x200009e0   Data          60  tim.o(.bss)
    htim3                                    0x20000a1c   Data          60  tim.o(.bss)
    htim6                                    0x20000a58   Data          60  tim.o(.bss)
    hcan1                                    0x20000b14   Data          64  can.o(.bss)
    hcan2                                    0x20000b54   Data          64  can.o(.bss)
    huart1                                   0x20000b94   Data          64  usart.o(.bss)
    huart2                                   0x20000bd4   Data          64  usart.o(.bss)
    huart3                                   0x20000c14   Data          64  usart.o(.bss)
    huart4                                   0x20000c54   Data          64  usart.o(.bss)
    huart6                                   0x20000c94   Data          64  usart.o(.bss)
    huart8                                   0x20000cd4   Data          64  usart.o(.bss)
    hdma_usart1_rx                           0x20000d14   Data          96  usart.o(.bss)
    hdma_usart2_rx                           0x20000d74   Data          96  usart.o(.bss)
    hdma_uart4_rx                            0x20000dd4   Data          96  usart.o(.bss)
    hdma_usart6_rx                           0x20000e34   Data          96  usart.o(.bss)
    hdma_uart8_rx                            0x20000e94   Data          96  usart.o(.bss)
    moto_chassis_get                         0x20000ef4   Data         224  motor_use_can.o(.bss)
    moto_stir_get                            0x20000fd4   Data          56  motor_use_can.o(.bss)
    moto_dial_get                            0x2000100c   Data          56  motor_use_can.o(.bss)
    pit_get                                  0x20001044   Data          56  motor_use_can.o(.bss)
    yaw_get                                  0x2000107c   Data          56  motor_use_can.o(.bss)
    uhADCxConvertedValue                     0x20001128   Data          40  power_restriction.o(.bss)
    current_get                              0x20001150   Data          68  power_restriction.o(.bss)
    time_for_limit                           0x20001198   Data          24  power_restriction.o(.bss)
    time_for_RP                              0x200011b0   Data          24  power_restriction.o(.bss)
    SystemState                              0x200011c8   Data          20  systemstate.o(.bss)
    g_Time_DeviceOutLine                     0x200011dc   Data          52  systemstate.o(.bss)
    g_Time_TASKOutLine                       0x20001210   Data          28  systemstate.o(.bss)
    ptr_jy61_t_yaw                           0x2000122c   Data          56  communication.o(.bss)
    ptr_jy61_t_pit                           0x20001264   Data          56  communication.o(.bss)
    ptr_jy61_t_angular_velocity              0x2000129c   Data          56  communication.o(.bss)
    imu_data                                 0x200012d4   Data          20  communication.o(.bss)
    imu_data_offest                          0x200012e8   Data          20  communication.o(.bss)
    USART1_RX_DATA                           0x2000132c   Data          18  communication.o(.bss)
    UART4_RX_DATA                            0x2000133e   Data          33  communication.o(.bss)
    gy_data_filter                           0x20001360   Data          10  communication.o(.bss)
    gz_data_filter                           0x2000136a   Data          10  communication.o(.bss)
    RC_Ctl                                   0x20001374   Data          20  communication.o(.bss)
    UART8_RX_DATA                            0x20001388   Data          33  communication.o(.bss)
    minipc_rx                                0x200013aa   Data          12  minipc.o(.bss)
    USART2_RX_DATA                           0x200013b6   Data           9  minipc.o(.bss)
    htim1                                    0x200050b0   Data          60  stm32f4xx_hal.o(.bss)
    __initial_sp                             0x200054f0   Data           0  startup_stm32f427xx.o(STACK)



==============================================================================

Memory Map of the image

  Image Entry point : 0x080001ad

  Load Region LR_IROM1 (Base: 0x08000000, Size: 0x00007778, Max: 0x00200000, ABSOLUTE, COMPRESSED[0x0000763c])

    Execution Region ER_IROM1 (Exec base: 0x08000000, Load base: 0x08000000, Size: 0x0000761c, Max: 0x00200000, ABSOLUTE)

    Exec Addr    Load Addr    Size         Type   Attr      Idx    E Section Name        Object

    0x08000000   0x08000000   0x000001ac   Data   RO         3184    RESET               startup_stm32f427xx.o
    0x080001ac   0x080001ac   0x00000000   Code   RO         6085  * .ARM.Collect$$$$00000000  mc_w.l(entry.o)
    0x080001ac   0x080001ac   0x00000004   Code   RO         6401    .ARM.Collect$$$$00000001  mc_w.l(entry2.o)
    0x080001b0   0x080001b0   0x00000004   Code   RO         6404    .ARM.Collect$$$$00000004  mc_w.l(entry5.o)
    0x080001b4   0x080001b4   0x00000000   Code   RO         6406    .ARM.Collect$$$$00000008  mc_w.l(entry7b.o)
    0x080001b4   0x080001b4   0x00000000   Code   RO         6408    .ARM.Collect$$$$0000000A  mc_w.l(entry8b.o)
    0x080001b4   0x080001b4   0x00000008   Code   RO         6409    .ARM.Collect$$$$0000000B  mc_w.l(entry9a.o)
    0x080001bc   0x080001bc   0x00000000   Code   RO         6411    .ARM.Collect$$$$0000000D  mc_w.l(entry10a.o)
    0x080001bc   0x080001bc   0x00000000   Code   RO         6413    .ARM.Collect$$$$0000000F  mc_w.l(entry11a.o)
    0x080001bc   0x080001bc   0x00000004   Code   RO         6402    .ARM.Collect$$$$00002712  mc_w.l(entry2.o)
    0x080001c0   0x080001c0   0x000000ba   Code   RO         3117    .emb_text           port.o
    0x0800027a   0x0800027a   0x00000002   PAD
    0x0800027c   0x0800027c   0x00000024   Code   RO         3185    .text               startup_stm32f427xx.o
    0x080002a0   0x080002a0   0x00000024   Code   RO         6088    .text               mc_w.l(memcpya.o)
    0x080002c4   0x080002c4   0x00000024   Code   RO         6090    .text               mc_w.l(memseta.o)
    0x080002e8   0x080002e8   0x0000014e   Code   RO         6387    .text               mf_w.l(dadd.o)
    0x08000436   0x08000436   0x000000de   Code   RO         6389    .text               mf_w.l(ddiv.o)
    0x08000514   0x08000514   0x00000022   Code   RO         6391    .text               mf_w.l(dflti.o)
    0x08000536   0x08000536   0x0000001a   Code   RO         6393    .text               mf_w.l(dfltui.o)
    0x08000550   0x08000550   0x00000026   Code   RO         6395    .text               mf_w.l(f2d.o)
    0x08000576   0x08000576   0x00000002   PAD
    0x08000578   0x08000578   0x00000030   Code   RO         6397    .text               mf_w.l(cdrcmple.o)
    0x080005a8   0x080005a8   0x00000038   Code   RO         6399    .text               mf_w.l(d2f.o)
    0x080005e0   0x080005e0   0x0000002c   Code   RO         6416    .text               mc_w.l(uidiv.o)
    0x0800060c   0x0800060c   0x00000062   Code   RO         6418    .text               mc_w.l(uldiv.o)
    0x0800066e   0x0800066e   0x0000001e   Code   RO         6420    .text               mc_w.l(llshl.o)
    0x0800068c   0x0800068c   0x00000024   Code   RO         6422    .text               mc_w.l(llsshr.o)
    0x080006b0   0x080006b0   0x00000000   Code   RO         6426    .text               mc_w.l(iusefp.o)
    0x080006b0   0x080006b0   0x0000006e   Code   RO         6427    .text               mf_w.l(fepilogue.o)
    0x0800071e   0x0800071e   0x000000ba   Code   RO         6429    .text               mf_w.l(depilogue.o)
    0x080007d8   0x080007d8   0x000000e4   Code   RO         6431    .text               mf_w.l(dmul.o)
    0x080008bc   0x080008bc   0x00000030   Code   RO         6433    .text               mf_w.l(dfixul.o)
    0x080008ec   0x080008ec   0x00000024   Code   RO         6435    .text               mc_w.l(init.o)
    0x08000910   0x08000910   0x00000020   Code   RO         6437    .text               mc_w.l(llushr.o)
    0x08000930   0x08000930   0x0000003a   Code   RO         6447    .text               mc_w.l(__dczerorl.o)
    0x0800096a   0x0800096a   0x00000062   Code   RO         5813    i.ADC_DMAConvCplt   stm32f4xx_hal_adc.o
    0x080009cc   0x080009cc   0x00000016   Code   RO         5814    i.ADC_DMAError      stm32f4xx_hal_adc.o
    0x080009e2   0x080009e2   0x0000000a   Code   RO         5815    i.ADC_DMAHalfConvCplt  stm32f4xx_hal_adc.o
    0x080009ec   0x080009ec   0x00000134   Code   RO         5816    i.ADC_Init          stm32f4xx_hal_adc.o
    0x08000b20   0x08000b20   0x00000034   Code   RO         1332    i.Allocate_Motor    motor_use_can.o
    0x08000b54   0x08000b54   0x00000118   Code   RO          877    i.BSP_Init          bsp.o
    0x08000c6c   0x08000c6c   0x00000002   Code   RO          371    i.BusFault_Handler  stm32f4xx_it.o
    0x08000c6e   0x08000c6e   0x00000002   PAD
    0x08000c70   0x08000c70   0x0000000c   Code   RO          372    i.CAN1_RX0_IRQHandler  stm32f4xx_it.o
    0x08000c7c   0x08000c7c   0x0000000c   Code   RO          373    i.CAN2_RX0_IRQHandler  stm32f4xx_it.o
    0x08000c88   0x08000c88   0x0000012c   Code   RO         3977    i.CAN_Receive_IT    stm32f4xx_hal_can.o
    0x08000db4   0x08000db4   0x00000050   Code   RO         1088    i.CanFilter_Init    can.o
    0x08000e04   0x08000e04   0x0000014c   Code   RO          698    i.Chassis_Contrl_Task  chassis_task.o
    0x08000f50   0x08000f50   0x0000003c   Code   RO         1333    i.Chassis_Motor     motor_use_can.o
    0x08000f8c   0x08000f8c   0x00000030   Code   RO         1334    i.Chassis_Motor_Disable  motor_use_can.o
    0x08000fbc   0x08000fbc   0x000000b8   Code   RO          699    i.Chassis_pid_init  chassis_task.o
    0x08001074   0x08001074   0x00000038   Code   RO         1335    i.Cloud_Platform_Motor  motor_use_can.o
    0x080010ac   0x080010ac   0x00000030   Code   RO         1337    i.Cloud_Platform_Motor_Disable  motor_use_can.o
    0x080010dc   0x080010dc   0x00000010   Code   RO          878    i.ConfigureTimerForRunTimeStats  bsp.o
    0x080010ec   0x080010ec   0x0000000c   Code   RO          374    i.DMA1_Stream2_IRQHandler  stm32f4xx_it.o
    0x080010f8   0x080010f8   0x0000000c   Code   RO          375    i.DMA1_Stream5_IRQHandler  stm32f4xx_it.o
    0x08001104   0x08001104   0x0000000c   Code   RO          376    i.DMA1_Stream6_IRQHandler  stm32f4xx_it.o
    0x08001110   0x08001110   0x0000000c   Code   RO          377    i.DMA2_Stream1_IRQHandler  stm32f4xx_it.o
    0x0800111c   0x0800111c   0x0000000c   Code   RO          378    i.DMA2_Stream2_IRQHandler  stm32f4xx_it.o
    0x08001128   0x08001128   0x0000000c   Code   RO          379    i.DMA2_Stream4_IRQHandler  stm32f4xx_it.o
    0x08001134   0x08001134   0x00000028   Code   RO         5428    i.DMA_CalcBaseAndBitshift  stm32f4xx_hal_dma.o
    0x0800115c   0x0800115c   0x00000054   Code   RO         5429    i.DMA_CheckFifoParam  stm32f4xx_hal_dma.o
    0x080011b0   0x080011b0   0x00000028   Code   RO         5430    i.DMA_SetConfig     stm32f4xx_hal_dma.o
    0x080011d8   0x080011d8   0x00000002   Code   RO          380    i.DebugMon_Handler  stm32f4xx_it.o
    0x080011da   0x080011da   0x00000006   Code   RO          381    i.EXTI2_IRQHandler  stm32f4xx_it.o
    0x080011e0   0x080011e0   0x00000006   Code   RO          382    i.EXTI9_5_IRQHandler  stm32f4xx_it.o
    0x080011e6   0x080011e6   0x00000002   Code   RO            4    i.Error_Handler     main.o
    0x080011e8   0x080011e8   0x00000064   Code   RO         1289    i.GUN_Init          motor_use_tim.o
    0x0800124c   0x0800124c   0x0000004c   Code   RO         1777    i.GetSystemTimer    systemstate.o
    0x08001298   0x08001298   0x000000b4   Code   RO         1535    i.Get_ADC_Value     power_restriction.o
    0x0800134c   0x0800134c   0x00000138   Code   RO          649    i.Gimbal_Contrl_Task  gimbal_task.o
    0x08001484   0x08001484   0x0000007c   Code   RO          605    i.Gun_Pid_Init      gun_task.o
    0x08001500   0x08001500   0x000001b0   Code   RO          606    i.Gun_Task          gun_task.o
    0x080016b0   0x080016b0   0x00000154   Code   RO         5818    i.HAL_ADC_ConfigChannel  stm32f4xx_hal_adc.o
    0x08001804   0x08001804   0x00000002   Code   RO         5819    i.HAL_ADC_ConvCpltCallback  stm32f4xx_hal_adc.o
    0x08001806   0x08001806   0x00000002   Code   RO         5820    i.HAL_ADC_ConvHalfCpltCallback  stm32f4xx_hal_adc.o
    0x08001808   0x08001808   0x00000002   Code   RO         5822    i.HAL_ADC_ErrorCallback  stm32f4xx_hal_adc.o
    0x0800180a   0x0800180a   0x00000054   Code   RO         5827    i.HAL_ADC_Init      stm32f4xx_hal_adc.o
    0x0800185e   0x0800185e   0x00000002   PAD
    0x08001860   0x08001860   0x0000007c   Code   RO          981    i.HAL_ADC_MspInit   adc.o
    0x080018dc   0x080018dc   0x000000fc   Code   RO         5834    i.HAL_ADC_Start_DMA  stm32f4xx_hal_adc.o
    0x080019d8   0x080019d8   0x000000e4   Code   RO         3978    i.HAL_CAN_ConfigFilter  stm32f4xx_hal_can.o
    0x08001abc   0x08001abc   0x00000040   Code   RO         3983    i.HAL_CAN_IRQHandler  stm32f4xx_hal_can.o
    0x08001afc   0x08001afc   0x00000148   Code   RO         3984    i.HAL_CAN_Init      stm32f4xx_hal_can.o
    0x08001c44   0x08001c44   0x000000c0   Code   RO         1090    i.HAL_CAN_MspInit   can.o
    0x08001d04   0x08001d04   0x00000086   Code   RO         3988    i.HAL_CAN_Receive_IT  stm32f4xx_hal_can.o
    0x08001d8a   0x08001d8a   0x00000002   PAD
    0x08001d8c   0x08001d8c   0x00000150   Code   RO          383    i.HAL_CAN_RxCpltCallback  stm32f4xx_it.o
    0x08001edc   0x08001edc   0x00000194   Code   RO         3991    i.HAL_CAN_Transmit  stm32f4xx_hal_can.o
    0x08002070   0x08002070   0x00000024   Code   RO         5432    i.HAL_DMA_Abort_IT  stm32f4xx_hal_dma.o
    0x08002094   0x08002094   0x000001a8   Code   RO         5436    i.HAL_DMA_IRQHandler  stm32f4xx_hal_dma.o
    0x0800223c   0x0800223c   0x000000d0   Code   RO         5437    i.HAL_DMA_Init      stm32f4xx_hal_dma.o
    0x0800230c   0x0800230c   0x00000046   Code   RO         5440    i.HAL_DMA_Start     stm32f4xx_hal_dma.o
    0x08002352   0x08002352   0x00000078   Code   RO         5441    i.HAL_DMA_Start_IT  stm32f4xx_hal_dma.o
    0x080023ca   0x080023ca   0x00000016   Code   RO         4692    i.HAL_Delay         stm32f4xx_hal.o
    0x080023e0   0x080023e0   0x00000070   Code   RO          384    i.HAL_GPIO_EXTI_Callback  stm32f4xx_it.o
    0x08002450   0x08002450   0x00000018   Code   RO         3913    i.HAL_GPIO_EXTI_IRQHandler  stm32f4xx_hal_gpio.o
    0x08002468   0x08002468   0x000001cc   Code   RO         3914    i.HAL_GPIO_Init     stm32f4xx_hal_gpio.o
    0x08002634   0x08002634   0x00000008   Code   RO         3917    i.HAL_GPIO_TogglePin  stm32f4xx_hal_gpio.o
    0x0800263c   0x0800263c   0x0000000a   Code   RO         3918    i.HAL_GPIO_WritePin  stm32f4xx_hal_gpio.o
    0x08002646   0x08002646   0x00000002   PAD
    0x08002648   0x08002648   0x0000000c   Code   RO         4700    i.HAL_GetTick       stm32f4xx_hal.o
    0x08002654   0x08002654   0x00000010   Code   RO         4701    i.HAL_IncTick       stm32f4xx_hal.o
    0x08002664   0x08002664   0x00000034   Code   RO         4702    i.HAL_Init          stm32f4xx_hal.o
    0x08002698   0x08002698   0x00000074   Code   RO         4703    i.HAL_InitTick      stm32f4xx_hal.o
    0x0800270c   0x0800270c   0x00000058   Code   RO          582    i.HAL_MspInit       stm32f4xx_hal_msp.o
    0x08002764   0x08002764   0x00000016   Code   RO         4465    i.HAL_NVIC_EnableIRQ  stm32f4xx_hal_cortex.o
    0x0800277a   0x0800277a   0x00000002   PAD
    0x0800277c   0x0800277c   0x00000040   Code   RO         4471    i.HAL_NVIC_SetPriority  stm32f4xx_hal_cortex.o
    0x080027bc   0x080027bc   0x00000024   Code   RO         4472    i.HAL_NVIC_SetPriorityGrouping  stm32f4xx_hal_cortex.o
    0x080027e0   0x080027e0   0x0000017c   Code   RO         5085    i.HAL_RCC_ClockConfig  stm32f4xx_hal_rcc.o
    0x0800295c   0x0800295c   0x00000040   Code   RO         5089    i.HAL_RCC_GetClockConfig  stm32f4xx_hal_rcc.o
    0x0800299c   0x0800299c   0x0000000c   Code   RO         5090    i.HAL_RCC_GetHCLKFreq  stm32f4xx_hal_rcc.o
    0x080029a8   0x080029a8   0x00000030   Code   RO         5092    i.HAL_RCC_GetPCLK1Freq  stm32f4xx_hal_rcc.o
    0x080029d8   0x080029d8   0x00000030   Code   RO         5093    i.HAL_RCC_GetPCLK2Freq  stm32f4xx_hal_rcc.o
    0x08002a08   0x08002a08   0x00000074   Code   RO         5094    i.HAL_RCC_GetSysClockFreq  stm32f4xx_hal_rcc.o
    0x08002a7c   0x08002a7c   0x000002e4   Code   RO         5097    i.HAL_RCC_OscConfig  stm32f4xx_hal_rcc.o
    0x08002d60   0x08002d60   0x00000080   Code   RO         5542    i.HAL_SPI_Init      stm32f4xx_hal_spi.o
    0x08002de0   0x08002de0   0x0000004c   Code   RO          939    i.HAL_SPI_MspInit   spi.o
    0x08002e2c   0x08002e2c   0x000001d8   Code   RO         5551    i.HAL_SPI_TransmitReceive  stm32f4xx_hal_spi.o
    0x08003004   0x08003004   0x00000018   Code   RO         4474    i.HAL_SYSTICK_CLKSourceConfig  stm32f4xx_hal_cortex.o
    0x0800301c   0x0800301c   0x00000028   Code   RO         4476    i.HAL_SYSTICK_Config  stm32f4xx_hal_cortex.o
    0x08003044   0x08003044   0x00000002   Code   RO         5189    i.HAL_TIMEx_BreakCallback  stm32f4xx_hal_tim_ex.o
    0x08003046   0x08003046   0x00000002   Code   RO         5190    i.HAL_TIMEx_CommutationCallback  stm32f4xx_hal_tim_ex.o
    0x08003048   0x08003048   0x00000050   Code   RO         5206    i.HAL_TIMEx_MasterConfigSynchronization  stm32f4xx_hal_tim_ex.o
    0x08003098   0x08003098   0x00000036   Code   RO         3264    i.HAL_TIM_Base_Init  stm32f4xx_hal_tim.o
    0x080030ce   0x080030ce   0x00000002   PAD
    0x080030d0   0x080030d0   0x000000a4   Code   RO         1022    i.HAL_TIM_Base_MspInit  tim.o
    0x08003174   0x08003174   0x00000018   Code   RO         3269    i.HAL_TIM_Base_Start_IT  stm32f4xx_hal_tim.o
    0x0800318c   0x0800318c   0x000000f2   Code   RO         3273    i.HAL_TIM_ConfigClockSource  stm32f4xx_hal_tim.o
    0x0800327e   0x0800327e   0x00000002   Code   RO         3293    i.HAL_TIM_IC_CaptureCallback  stm32f4xx_hal_tim.o
    0x08003280   0x08003280   0x00000166   Code   RO         3306    i.HAL_TIM_IRQHandler  stm32f4xx_hal_tim.o
    0x080033e6   0x080033e6   0x00000002   PAD
    0x080033e8   0x080033e8   0x0000004c   Code   RO         1023    i.HAL_TIM_MspPostInit  tim.o
    0x08003434   0x08003434   0x00000002   Code   RO         3309    i.HAL_TIM_OC_DelayElapsedCallback  stm32f4xx_hal_tim.o
    0x08003436   0x08003436   0x000000d0   Code   RO         3330    i.HAL_TIM_PWM_ConfigChannel  stm32f4xx_hal_tim.o
    0x08003506   0x08003506   0x00000036   Code   RO         3333    i.HAL_TIM_PWM_Init  stm32f4xx_hal_tim.o
    0x0800353c   0x0800353c   0x00000002   Code   RO         3335    i.HAL_TIM_PWM_MspInit  stm32f4xx_hal_tim.o
    0x0800353e   0x0800353e   0x00000002   Code   RO         3336    i.HAL_TIM_PWM_PulseFinishedCallback  stm32f4xx_hal_tim.o
    0x08003540   0x08003540   0x00000038   Code   RO         3337    i.HAL_TIM_PWM_Start  stm32f4xx_hal_tim.o
    0x08003578   0x08003578   0x0000007c   Code   RO          385    i.HAL_TIM_PeriodElapsedCallback  stm32f4xx_it.o
    0x080035f4   0x080035f4   0x00000002   Code   RO         3347    i.HAL_TIM_TriggerCallback  stm32f4xx_hal_tim.o
    0x080035f6   0x080035f6   0x00000066   Code   RO         4223    i.HAL_UART_DMAPause  stm32f4xx_hal_uart.o
    0x0800365c   0x0800365c   0x0000005e   Code   RO         4224    i.HAL_UART_DMAResume  stm32f4xx_hal_uart.o
    0x080036ba   0x080036ba   0x00000002   Code   RO         4227    i.HAL_UART_ErrorCallback  stm32f4xx_hal_uart.o
    0x080036bc   0x080036bc   0x00000110   Code   RO         4230    i.HAL_UART_IRQHandler  stm32f4xx_hal_uart.o
    0x080037cc   0x080037cc   0x00000062   Code   RO         4231    i.HAL_UART_Init     stm32f4xx_hal_uart.o
    0x0800382e   0x0800382e   0x00000002   PAD
    0x08003830   0x08003830   0x0000031c   Code   RO         1192    i.HAL_UART_MspInit  usart.o
    0x08003b4c   0x08003b4c   0x0000008c   Code   RO         4235    i.HAL_UART_Receive_DMA  stm32f4xx_hal_uart.o
    0x08003bd8   0x08003bd8   0x00000002   Code   RO          386    i.HAL_UART_RxCpltCallback  stm32f4xx_it.o
    0x08003bda   0x08003bda   0x000000ba   Code   RO         4239    i.HAL_UART_Transmit  stm32f4xx_hal_uart.o
    0x08003c94   0x08003c94   0x00000002   Code   RO         4242    i.HAL_UART_TxCpltCallback  stm32f4xx_hal_uart.o
    0x08003c96   0x08003c96   0x00000002   Code   RO          387    i.HardFault_Handler  stm32f4xx_it.o
    0x08003c98   0x08003c98   0x000000b4   Code   RO         1796    i.IMU_Get_Data      communication.o
    0x08003d4c   0x08003d4c   0x00000230   Code   RO         1800    i.JY61_Data_Pro     communication.o
    0x08003f7c   0x08003f7c   0x0000006c   Code   RO          879    i.JY61_Frame        bsp.o
    0x08003fe8   0x08003fe8   0x00000034   Code   RO         1537    i.Limit_filter      power_restriction.o
    0x0800401c   0x0800401c   0x000000e4   Code   RO         1801    i.MPU6500_Init      communication.o
    0x08004100   0x08004100   0x00000050   Code   RO         1802    i.MPU6500_Read_Reg  communication.o
    0x08004150   0x08004150   0x0000005c   Code   RO         1803    i.MPU6500_Read_Regs  communication.o
    0x080041ac   0x080041ac   0x00000054   Code   RO         1806    i.MPU6500_Write_Reg  communication.o
    0x08004200   0x08004200   0x00000058   Code   RO          982    i.MX_ADC1_Init      adc.o
    0x08004258   0x08004258   0x00000044   Code   RO         1091    i.MX_CAN1_Init      can.o
    0x0800429c   0x0800429c   0x00000044   Code   RO         1092    i.MX_CAN2_Init      can.o
    0x080042e0   0x080042e0   0x0000007c   Code   RO         1167    i.MX_DMA_Init       dma.o
    0x0800435c   0x0800435c   0x00000094   Code   RO          293    i.MX_FREERTOS_Init  freertos.o
    0x080043f0   0x080043f0   0x000001e4   Code   RO         1143    i.MX_GPIO_Init      gpio.o
    0x080045d4   0x080045d4   0x00000048   Code   RO          940    i.MX_SPI5_Init      spi.o
    0x0800461c   0x0800461c   0x00000044   Code   RO         1025    i.MX_TIM12_Init     tim.o
    0x08004660   0x08004660   0x0000002c   Code   RO         1026    i.MX_TIM3_Init      tim.o
    0x0800468c   0x0800468c   0x00000094   Code   RO         1027    i.MX_TIM5_Init      tim.o
    0x08004720   0x08004720   0x00000030   Code   RO         1028    i.MX_TIM6_Init      tim.o
    0x08004750   0x08004750   0x00000038   Code   RO         1193    i.MX_UART4_Init     usart.o
    0x08004788   0x08004788   0x00000038   Code   RO         1194    i.MX_UART8_Init     usart.o
    0x080047c0   0x080047c0   0x0000003c   Code   RO         1195    i.MX_USART1_UART_Init  usart.o
    0x080047fc   0x080047fc   0x00000038   Code   RO         1196    i.MX_USART2_UART_Init  usart.o
    0x08004834   0x08004834   0x00000038   Code   RO         1197    i.MX_USART3_UART_Init  usart.o
    0x0800486c   0x0800486c   0x00000038   Code   RO         1198    i.MX_USART6_UART_Init  usart.o
    0x080048a4   0x080048a4   0x00000002   Code   RO          388    i.MemManage_Handler  stm32f4xx_it.o
    0x080048a6   0x080048a6   0x00000002   PAD
    0x080048a8   0x080048a8   0x00000158   Code   RO          747    i.MouseKeyControlProcess  data_pro_task.o
    0x08004a00   0x08004a00   0x00000024   Code   RO         1540    i.MyTime_memset     power_restriction.o
    0x08004a24   0x08004a24   0x0000003c   Code   RO         1541    i.MyTime_statistics  power_restriction.o
    0x08004a60   0x08004a60   0x00000002   Code   RO          389    i.NMI_Handler       stm32f4xx_it.o
    0x08004a62   0x08004a62   0x00000020   Code   RO         4478    i.NVIC_SetPriority  stm32f4xx_hal_cortex.o
    0x08004a82   0x08004a82   0x00000002   PAD
    0x08004a84   0x08004a84   0x00000018   Code   RO         1434    i.PID_struct_init   pid.o
    0x08004a9c   0x08004a9c   0x00000018   Code   RO         1721    i.RefreshDeviceOutLineTime  systemstate.o
    0x08004ab4   0x08004ab4   0x00000010   Code   RO         1722    i.RefreshSysTime    systemstate.o
    0x08004ac4   0x08004ac4   0x00000018   Code   RO         1723    i.RefreshTaskOutLineTime  systemstate.o
    0x08004adc   0x08004adc   0x000000c0   Code   RO         1544    i.Remain_Power_Calculate  power_restriction.o
    0x08004b9c   0x08004b9c   0x00000120   Code   RO          749    i.RemoteControlProcess  data_pro_task.o
    0x08004cbc   0x08004cbc   0x00000068   Code   RO         1808    i.Remote_Ctrl       communication.o
    0x08004d24   0x08004d24   0x00000124   Code   RO          750    i.Remote_Data_Task  data_pro_task.o
    0x08004e48   0x08004e48   0x00000020   Code   RO         5564    i.SPI_CheckFlag_BSY  stm32f4xx_hal_spi.o
    0x08004e68   0x08004e68   0x00000096   Code   RO         5580    i.SPI_WaitFlagStateUntilTimeout  stm32f4xx_hal_spi.o
    0x08004efe   0x08004efe   0x00000008   Code   RO          294    i.StartDefaultTask  freertos.o
    0x08004f06   0x08004f06   0x00000002   PAD
    0x08004f08   0x08004f08   0x00000034   Code   RO         1338    i.Stir_Motor        motor_use_can.o
    0x08004f3c   0x08004f3c   0x00000004   Code   RO          390    i.SysTick_Handler   stm32f4xx_it.o
    0x08004f40   0x08004f40   0x000000a0   Code   RO            5    i.SystemClock_Config  main.o
    0x08004fe0   0x08004fe0   0x00000054   Code   RO         3193    i.SystemInit        system_stm32f4xx.o
    0x08005034   0x08005034   0x0000001c   Code   RO         1724    i.SystemState_Inite  systemstate.o
    0x08005050   0x08005050   0x0000000c   Code   RO          391    i.TIM1_UP_TIM10_IRQHandler  stm32f4xx_it.o
    0x0800505c   0x0800505c   0x0000000c   Code   RO          392    i.TIM3_IRQHandler   stm32f4xx_it.o
    0x08005068   0x08005068   0x00000010   Code   RO         1290    i.TIM5_PWM_Init     motor_use_tim.o
    0x08005078   0x08005078   0x0000000c   Code   RO          393    i.TIM6_DAC_IRQHandler  stm32f4xx_it.o
    0x08005084   0x08005084   0x0000000c   Code   RO          394    i.TIM8_BRK_TIM12_IRQHandler  stm32f4xx_it.o
    0x08005090   0x08005090   0x000000c0   Code   RO         3348    i.TIM_Base_SetConfig  stm32f4xx_hal_tim.o
    0x08005150   0x08005150   0x00000016   Code   RO         3349    i.TIM_CCxChannelCmd  stm32f4xx_hal_tim.o
    0x08005166   0x08005166   0x00000014   Code   RO         3355    i.TIM_ETR_SetConfig  stm32f4xx_hal_tim.o
    0x0800517a   0x0800517a   0x00000010   Code   RO         3356    i.TIM_ITRx_SetConfig  stm32f4xx_hal_tim.o
    0x0800518a   0x0800518a   0x00000002   PAD
    0x0800518c   0x0800518c   0x00000058   Code   RO         3357    i.TIM_OC1_SetConfig  stm32f4xx_hal_tim.o
    0x080051e4   0x080051e4   0x00000064   Code   RO         3358    i.TIM_OC2_SetConfig  stm32f4xx_hal_tim.o
    0x08005248   0x08005248   0x00000060   Code   RO         3359    i.TIM_OC3_SetConfig  stm32f4xx_hal_tim.o
    0x080052a8   0x080052a8   0x00000050   Code   RO         3360    i.TIM_OC4_SetConfig  stm32f4xx_hal_tim.o
    0x080052f8   0x080052f8   0x00000022   Code   RO         3362    i.TIM_TI1_ConfigInputStage  stm32f4xx_hal_tim.o
    0x0800531a   0x0800531a   0x00000024   Code   RO         3364    i.TIM_TI2_ConfigInputStage  stm32f4xx_hal_tim.o
    0x0800533e   0x0800533e   0x00000002   PAD
    0x08005340   0x08005340   0x00000068   Code   RO          395    i.UART4_IRQHandler  stm32f4xx_it.o
    0x080053a8   0x080053a8   0x00000068   Code   RO          396    i.UART8_IRQHandler  stm32f4xx_it.o
    0x08005410   0x08005410   0x00000010   Code   RO         4244    i.UART_DMAAbortOnError  stm32f4xx_hal_uart.o
    0x08005420   0x08005420   0x0000004a   Code   RO         4245    i.UART_DMAError     stm32f4xx_hal_uart.o
    0x0800546a   0x0800546a   0x0000003c   Code   RO         4246    i.UART_DMAReceiveCplt  stm32f4xx_hal_uart.o
    0x080054a6   0x080054a6   0x0000001c   Code   RO         4249    i.UART_EndRxTransfer  stm32f4xx_hal_uart.o
    0x080054c2   0x080054c2   0x00000012   Code   RO         4250    i.UART_EndTxTransfer  stm32f4xx_hal_uart.o
    0x080054d4   0x080054d4   0x0000008c   Code   RO         4251    i.UART_Receive_IT   stm32f4xx_hal_uart.o
    0x08005560   0x08005560   0x000002ac   Code   RO         4252    i.UART_SetConfig    stm32f4xx_hal_uart.o
    0x0800580c   0x0800580c   0x00000062   Code   RO         4253    i.UART_Transmit_IT  stm32f4xx_hal_uart.o
    0x0800586e   0x0800586e   0x00000064   Code   RO         4254    i.UART_WaitOnFlagUntilTimeout  stm32f4xx_hal_uart.o
    0x080058d2   0x080058d2   0x00000002   PAD
    0x080058d4   0x080058d4   0x00000078   Code   RO          397    i.USART1_IRQHandler  stm32f4xx_it.o
    0x0800594c   0x0800594c   0x00000080   Code   RO          398    i.USART2_IRQHandler  stm32f4xx_it.o
    0x080059cc   0x080059cc   0x00000020   Code   RO          399    i.USART3_IRQHandler  stm32f4xx_it.o
    0x080059ec   0x080059ec   0x00000002   Code   RO          400    i.UsageFault_Handler  stm32f4xx_it.o
    0x080059ee   0x080059ee   0x00000002   PAD
    0x080059f0   0x080059f0   0x00000028   Code   RO         1545    i.Window_sliding_filter  power_restriction.o
    0x08005a18   0x08005a18   0x00000020   Code   RO         6331    i.__0printf         mc_w.l(printfa.o)
    0x08005a38   0x08005a38   0x0000000e   Code   RO         6441    i.__scatterload_copy  mc_w.l(handlers.o)
    0x08005a46   0x08005a46   0x00000002   Code   RO         6442    i.__scatterload_null  mc_w.l(handlers.o)
    0x08005a48   0x08005a48   0x0000000e   Code   RO         6443    i.__scatterload_zeroinit  mc_w.l(handlers.o)
    0x08005a56   0x08005a56   0x00000002   PAD
    0x08005a58   0x08005a58   0x00000184   Code   RO         6338    i._fp_digits        mc_w.l(printfa.o)
    0x08005bdc   0x08005bdc   0x000006dc   Code   RO         6339    i._printf_core      mc_w.l(printfa.o)
    0x080062b8   0x080062b8   0x00000024   Code   RO         6340    i._printf_post_padding  mc_w.l(printfa.o)
    0x080062dc   0x080062dc   0x0000002e   Code   RO         6341    i._printf_pre_padding  mc_w.l(printfa.o)
    0x0800630a   0x0800630a   0x0000002a   Code   RO         1435    i.abs_limit         pid.o
    0x08006334   0x08006334   0x00000018   Code   RO         1201    i.fputc             usart.o
    0x0800634c   0x0800634c   0x00000048   Code   RO         1340    i.get_moto_measure_3508  motor_use_can.o
    0x08006394   0x08006394   0x00000044   Code   RO         1341    i.get_moto_measure_6623  motor_use_can.o
    0x080063d8   0x080063d8   0x0000000c   Code   RO         1342    i.get_moto_offset   motor_use_can.o
    0x080063e4   0x080063e4   0x00000094   Code   RO          650    i.gimbal_pid_init   gimbal_task.o
    0x08006478   0x08006478   0x00000030   Code   RO          751    i.hard_brak         data_pro_task.o
    0x080064a8   0x080064a8   0x0000001e   Code   RO            6    i.main              main.o
    0x080064c6   0x080064c6   0x0000000c   Code   RO         2129    i.makeFreeRtosPriority  cmsis_os.o
    0x080064d2   0x080064d2   0x0000002a   Code   RO         1503    i.motor_move_setvmmps  mecanum_calc.o
    0x080064fc   0x080064fc   0x0000000e   Code   RO         2130    i.osDelay           cmsis_os.o
    0x0800650a   0x0800650a   0x0000000e   Code   RO         2131    i.osDelayUntil      cmsis_os.o
    0x08006518   0x08006518   0x0000000a   Code   RO         2133    i.osKernelStart     cmsis_os.o
    0x08006522   0x08006522   0x00000014   Code   RO         2162    i.osSystickHandler  cmsis_os.o
    0x08006536   0x08006536   0x00000038   Code   RO         2163    i.osThreadCreate    cmsis_os.o
    0x0800656e   0x0800656e   0x00000002   PAD
    0x08006570   0x08006570   0x000001c4   Code   RO         1436    i.pid_calc          pid.o
    0x08006734   0x08006734   0x0000000e   Code   RO         1437    i.pid_param_init    pid.o
    0x08006742   0x08006742   0x00000006   Code   RO         1438    i.pid_reset         pid.o
    0x08006748   0x08006748   0x000001b4   Code   RO         1546    i.power_limit       power_restriction.o
    0x080068fc   0x080068fc   0x00000034   Code   RO         2460    i.prvAddCurrentTaskToDelayedList  tasks.o
    0x08006930   0x08006930   0x00000054   Code   RO         2461    i.prvCheckTasksWaitingTermination  tasks.o
    0x08006984   0x08006984   0x0000004c   Code   RO         2940    i.prvHeapInit       heap_4.o
    0x080069d0   0x080069d0   0x00000028   Code   RO         2462    i.prvIdleTask       tasks.o
    0x080069f8   0x080069f8   0x0000004c   Code   RO         2941    i.prvInsertBlockIntoFreeList  heap_4.o
    0x08006a44   0x08006a44   0x00000020   Code   RO         2464    i.prvResetNextTaskUnblockTime  tasks.o
    0x08006a64   0x08006a64   0x00000028   Code   RO         3118    i.prvTaskExitError  port.o
    0x08006a8c   0x08006a8c   0x000000d8   Code   RO         2942    i.pvPortMalloc      heap_4.o
    0x08006b64   0x08006b64   0x00000028   Code   RO         3119    i.pxPortInitialiseStack  port.o
    0x08006b8c   0x08006b8c   0x00000088   Code   RO          844    i.testTask          test_task.o
    0x08006c14   0x08006c14   0x00000024   Code   RO         3081    i.uxListRemove      list.o
    0x08006c38   0x08006c38   0x00000016   Code   RO         3082    i.vListInitialise   list.o
    0x08006c4e   0x08006c4e   0x00000006   Code   RO         3083    i.vListInitialiseItem  list.o
    0x08006c54   0x08006c54   0x00000030   Code   RO         3084    i.vListInsert       list.o
    0x08006c84   0x08006c84   0x00000018   Code   RO         3085    i.vListInsertEnd    list.o
    0x08006c9c   0x08006c9c   0x00000040   Code   RO         3121    i.vPortEnterCritical  port.o
    0x08006cdc   0x08006cdc   0x00000028   Code   RO         3122    i.vPortExitCritical  port.o
    0x08006d04   0x08006d04   0x0000005c   Code   RO         2943    i.vPortFree         heap_4.o
    0x08006d60   0x08006d60   0x00000020   Code   RO         3123    i.vPortSetupTimerInterrupt  port.o
    0x08006d80   0x08006d80   0x00000054   Code   RO         3124    i.vPortValidateInterruptPriority  port.o
    0x08006dd4   0x08006dd4   0x00000068   Code   RO         2475    i.vTaskDelay        tasks.o
    0x08006e3c   0x08006e3c   0x000000a8   Code   RO         2476    i.vTaskDelayUntil   tasks.o
    0x08006ee4   0x08006ee4   0x000000b4   Code   RO         2482    i.vTaskNotifyGiveFromISR  tasks.o
    0x08006f98   0x08006f98   0x0000006c   Code   RO         2490    i.vTaskStartScheduler  tasks.o
    0x08007004   0x08007004   0x00000010   Code   RO         2492    i.vTaskSuspendAll   tasks.o
    0x08007014   0x08007014   0x0000007c   Code   RO         2493    i.vTaskSwitchContext  tasks.o
    0x08007090   0x08007090   0x000000e0   Code   RO         3125    i.xPortStartScheduler  port.o
    0x08007170   0x08007170   0x0000002c   Code   RO         3126    i.xPortSysTickHandler  port.o
    0x0800719c   0x0800719c   0x000001c0   Code   RO         2495    i.xTaskGenericCreate  tasks.o
    0x0800735c   0x0800735c   0x0000001c   Code   RO         2499    i.xTaskGetSchedulerState  tasks.o
    0x08007378   0x08007378   0x0000000c   Code   RO         2500    i.xTaskGetTickCount  tasks.o
    0x08007384   0x08007384   0x000000cc   Code   RO         2502    i.xTaskIncrementTick  tasks.o
    0x08007450   0x08007450   0x000000c4   Code   RO         2508    i.xTaskResumeAll    tasks.o
    0x08007514   0x08007514   0x00000078   Data   RO          295    .constdata          freertos.o
    0x0800758c   0x0800758c   0x00000014   Data   RO         1813    .constdata          communication.o
    0x080075a0   0x080075a0   0x00000010   Data   RO         5098    .constdata          stm32f4xx_hal_rcc.o
    0x080075b0   0x080075b0   0x00000008   Data   RO         5443    .constdata          stm32f4xx_hal_dma.o
    0x080075b8   0x080075b8   0x00000044   Data   RO          296    .conststring        freertos.o
    0x080075fc   0x080075fc   0x00000020   Data   RO         6439    Region$$Table       anon$$obj.o


    Execution Region RW_IRAM1 (Exec base: 0x20000000, Load base: 0x0800761c, Size: 0x000054f0, Max: 0x00030000, ABSOLUTE, COMPRESSED[0x00000020])

    Exec Addr    Load Addr    Size         Type   Attr      Idx    E Section Name        Object

    0x20000000   COMPRESSED   0x00000018   Data   RW          297    .data               freertos.o
    0x20000018   COMPRESSED   0x00000004   Data   RW          299    .data               freertos.o
    0x2000001c   COMPRESSED   0x00000010   Data   RW          401    .data               stm32f4xx_it.o
    0x2000002c   COMPRESSED   0x00000008   Data   RW          609    .data               gun_task.o
    0x20000034   COMPRESSED   0x00000018   Data   RW          656    .data               gimbal_task.o
    0x2000004c   COMPRESSED   0x00000001   Data   RW          702    .data               chassis_task.o
    0x2000004d   COMPRESSED   0x00000001   PAD
    0x2000004e   COMPRESSED   0x0000000c   Data   RW          753    .data               data_pro_task.o
    0x2000005a   COMPRESSED   0x00000002   PAD
    0x2000005c   COMPRESSED   0x00000010   Data   RW          845    .data               test_task.o
    0x2000006c   COMPRESSED   0x00000002   Data   RW          846    .data               test_task.o
    0x2000006e   COMPRESSED   0x00000002   PAD
    0x20000070   COMPRESSED   0x00000004   Data   RW          848    .data               test_task.o
    0x20000074   COMPRESSED   0x00000004   PAD
    0x20000078   COMPRESSED   0x00000010   Data   RW          884    .data               bsp.o
    0x20000088   COMPRESSED   0x00000004   Data   RW         1094    .data               can.o
    0x2000008c   COMPRESSED   0x00000020   Data   RW         1549    .data               power_restriction.o
    0x200000ac   COMPRESSED   0x0000003a   Data   RW         1814    .data               communication.o
    0x200000e6   COMPRESSED   0x00000002   Data   RW         1817    .data               communication.o
    0x200000e8   COMPRESSED   0x00000002   Data   RW         1818    .data               communication.o
    0x200000ea   COMPRESSED   0x00000002   PAD
    0x200000ec   COMPRESSED   0x00000040   Data   RW         2511    .data               tasks.o
    0x2000012c   COMPRESSED   0x00000018   Data   RW         2948    .data               heap_4.o
    0x20000144   COMPRESSED   0x0000000c   Data   RW         3127    .data               port.o
    0x20000150   COMPRESSED   0x00000004   Data   RW         3195    .data               system_stm32f4xx.o
    0x20000154   COMPRESSED   0x00000004   Data   RW         4710    .data               stm32f4xx_hal.o
    0x20000158   COMPRESSED   0x00000004   Data   RW         6415    .data               mc_w.l(stdout.o)
    0x2000015c        -       0x00000198   Zero   RW          607    .bss                gun_task.o
    0x200002f4        -       0x00000200   Zero   RW          655    .bss                gimbal_task.o
    0x200004f4        -       0x000003b0   Zero   RW          700    .bss                chassis_task.o
    0x200008a4        -       0x00000058   Zero   RW          941    .bss                spi.o
    0x200008fc        -       0x000000a8   Zero   RW          983    .bss                adc.o
    0x200009a4        -       0x000000f0   Zero   RW         1029    .bss                tim.o
    0x20000a94        -       0x00000100   Zero   RW         1093    .bss                can.o
    0x20000b94        -       0x00000360   Zero   RW         1203    .bss                usart.o
    0x20000ef4        -       0x000000e0   Zero   RW         1344    .bss                motor_use_can.o
    0x20000fd4        -       0x00000038   Zero   RW         1345    .bss                motor_use_can.o
    0x2000100c        -       0x00000038   Zero   RW         1346    .bss                motor_use_can.o
    0x20001044        -       0x00000038   Zero   RW         1347    .bss                motor_use_can.o
    0x2000107c        -       0x00000038   Zero   RW         1348    .bss                motor_use_can.o
    0x200010b4        -       0x00000070   Zero   RW         1349    .bss                motor_use_can.o
    0x20001124   COMPRESSED   0x00000004   PAD
    0x20001128        -       0x000000a0   Zero   RW         1548    .bss                power_restriction.o
    0x200011c8        -       0x00000064   Zero   RW         1727    .bss                systemstate.o
    0x2000122c        -       0x0000015c   Zero   RW         1810    .bss                communication.o
    0x20001388        -       0x00000021   Zero   RW         1812    .bss                communication.o
    0x200013a9   COMPRESSED   0x00000001   PAD
    0x200013aa        -       0x00000015   Zero   RW         1919    .bss                minipc.o
    0x200013bf   COMPRESSED   0x00000001   PAD
    0x200013c0        -       0x000000f0   Zero   RW         2510    .bss                tasks.o
    0x200014b0        -       0x00003c00   Zero   RW         2947    .bss                heap_4.o
    0x200050b0        -       0x0000003c   Zero   RW         4708    .bss                stm32f4xx_hal.o
    0x200050ec   COMPRESSED   0x00000004   PAD
    0x200050f0        -       0x00000400   Zero   RW         3182    STACK               startup_stm32f427xx.o


==============================================================================

Image component sizes


      Code (inc. data)   RO Data    RW Data    ZI Data      Debug   Object Name

       212         34          0          0        168       1623   adc.o
       404         66          0         16          0       2256   bsp.o
       408         46          0          4        256       2963   can.o
       516         60          0          1        944       4346   chassis_task.o
       126          0          0          0          0      14279   cmsis_os.o
      1328         96         20         62        381      13618   communication.o
       972        106          0         12          0       5311   data_pro_task.o
       124          4          0          0          0        790   dma.o
       156          8        188         28          0       6556   freertos.o
       460         56          0         24        512       3883   gimbal_task.o
       484         36          0          0          0       1247   gpio.o
       556         78          0          8        408       4958   gun_task.o
       460         24          0         24      15360       7111   heap_4.o
       136          0          0          0          0       3446   list.o
       192         10          0          0          0     394884   main.o
        42          0          0          0          0        654   mecanum_calc.o
         0          0          0          0         21       1187   minipc.o
       468         30          0          0        560       7155   motor_use_can.o
       116         16          0          0          0       1355   motor_use_tim.o
       538         12          0          0          0       5224   pid.o
       754         84          0         12          0       9121   port.o
       996        104          0         32        160       6599   power_restriction.o
       148         22          0          0         88       1537   spi.o
        36          8        428          0       1024        788   startup_stm32f427xx.o
       218         32          0          4         60       4410   stm32f4xx_hal.o
      1120         48          0          0          0       7069   stm32f4xx_hal_adc.o
      1458         24          0          0          0       5799   stm32f4xx_hal_can.o
       218         14          0          0          0      30925   stm32f4xx_hal_cortex.o
      1022         22          8          0          0       7218   stm32f4xx_hal_dma.o
       502         58          0          0          0       3696   stm32f4xx_hal_gpio.o
        88          0          0          0          0        506   stm32f4xx_hal_msp.o
      1408         90         16          0          0       6428   stm32f4xx_hal_rcc.o
       782          0          0          0          0       4337   stm32f4xx_hal_spi.o
      1690         88          0          0          0      15944   stm32f4xx_hal_tim.o
        84          0          0          0          0       2350   stm32f4xx_hal_tim_ex.o
      2114         24          0          0          0      12873   stm32f4xx_hal_uart.o
      1234        242          0         16          0      20825   stm32f4xx_it.o
        84         18          0          4          0       1293   system_stm32f4xx.o
       168         38          0          0        100       4474   systemstate.o
      1796        146          0         64        240      27182   tasks.o
       136         34          0         22          0       1236   test_task.o
       548         68          0          0        240       3985   tim.o
      1160        126          0          0        864       6008   usart.o

    ----------------------------------------------------------------------
     25496       1972        692        344      21396     667449   Object Totals
         0          0         32          0          0          0   (incl. Generated)
        34          0          0         11         10          0   (incl. Padding)

    ----------------------------------------------------------------------

      Code (inc. data)   RO Data    RW Data    ZI Data      Debug   Library Member Name

        58          0          0          0          0          0   __dczerorl.o
         0          0          0          0          0          0   entry.o
         0          0          0          0          0          0   entry10a.o
         0          0          0          0          0          0   entry11a.o
         8          4          0          0          0          0   entry2.o
         4          0          0          0          0          0   entry5.o
         0          0          0          0          0          0   entry7b.o
         0          0          0          0          0          0   entry8b.o
         8          4          0          0          0          0   entry9a.o
        30          0          0          0          0          0   handlers.o
        36          8          0          0          0         68   init.o
         0          0          0          0          0          0   iusefp.o
        30          0          0          0          0         68   llshl.o
        36          0          0          0          0         68   llsshr.o
        32          0          0          0          0         68   llushr.o
        36          0          0          0          0         68   memcpya.o
        36          0          0          0          0        108   memseta.o
      2258         90          0          0          0        452   printfa.o
         0          0          0          4          0          0   stdout.o
        44          0          0          0          0         80   uidiv.o
        98          0          0          0          0         92   uldiv.o
        48          0          0          0          0         68   cdrcmple.o
        56          0          0          0          0         88   d2f.o
       334          0          0          0          0        148   dadd.o
       222          0          0          0          0        100   ddiv.o
       186          0          0          0          0        176   depilogue.o
        48          0          0          0          0         68   dfixul.o
        34          0          0          0          0         76   dflti.o
        26          0          0          0          0         76   dfltui.o
       228          0          0          0          0         96   dmul.o
        38          0          0          0          0         68   f2d.o
       110          0          0          0          0        168   fepilogue.o

    ----------------------------------------------------------------------
      4048        106          0          4          0       2204   Library Totals
         4          0          0          0          0          0   (incl. Padding)

    ----------------------------------------------------------------------

      Code (inc. data)   RO Data    RW Data    ZI Data      Debug   Library Name

      2714        106          0          4          0       1072   mc_w.l
      1330          0          0          0          0       1132   mf_w.l

    ----------------------------------------------------------------------
      4048        106          0          4          0       2204   Library Totals

    ----------------------------------------------------------------------

==============================================================================


      Code (inc. data)   RO Data    RW Data    ZI Data      Debug   

     29544       2078        692        348      21396     646245   Grand Totals
     29544       2078        692         32      21396     646245   ELF Image Totals (compressed)
     29544       2078        692         32          0          0   ROM Totals

==============================================================================

    Total RO  Size (Code + RO Data)                30236 (  29.53kB)
    Total RW  Size (RW Data + ZI Data)             21744 (  21.23kB)
    Total ROM Size (Code + RO Data + RW Data)      30268 (  29.56kB)

==============================================================================

