Component: ARM Compiler 5.06 update 3 (build 300) Tool: armlink [4d35c9]

==============================================================================

Section Cross References

    main.o(i.SystemClock_Config) refers to stm32f4xx_hal_rcc.o(i.HAL_RCC_OscConfig) for HAL_RCC_OscConfig
    main.o(i.SystemClock_Config) refers to stm32f4xx_hal_rcc.o(i.HAL_RCC_ClockConfig) for HAL_RCC_ClockConfig
    main.o(i.SystemClock_Config) refers to stm32f4xx_hal_rcc.o(i.HAL_RCC_GetHCLKFreq) for HAL_RCC_GetHCLKFreq
    main.o(i.SystemClock_Config) refers to stm32f4xx_hal_cortex.o(i.HAL_SYSTICK_Config) for HAL_SYSTICK_Config
    main.o(i.SystemClock_Config) refers to stm32f4xx_hal_cortex.o(i.HAL_SYSTICK_CLKSourceConfig) for HAL_SYSTICK_CLKSourceConfig
    main.o(i.SystemClock_Config) refers to stm32f4xx_hal_cortex.o(i.HAL_NVIC_SetPriority) for HAL_NVIC_SetPriority
    main.o(i.main) refers to stm32f4xx_hal.o(i.HAL_Init) for HAL_Init
    main.o(i.main) refers to main.o(i.SystemClock_Config) for SystemClock_Config
    main.o(i.main) refers to port.o(i.vPortEnterCritical) for vPortEnterCritical
    main.o(i.main) refers to bsp.o(i.BSP_Init) for BSP_Init
    main.o(i.main) refers to freertos.o(i.MX_FREERTOS_Init) for MX_FREERTOS_Init
    main.o(i.main) refers to port.o(i.vPortExitCritical) for vPortExitCritical
    main.o(i.main) refers to cmsis_os.o(i.osKernelStart) for osKernelStart
    freertos.o(i.MX_FREERTOS_Init) refers to memcpya.o(.text) for __aeabi_memcpy4
    freertos.o(i.MX_FREERTOS_Init) refers to cmsis_os.o(i.osThreadCreate) for osThreadCreate
    freertos.o(i.MX_FREERTOS_Init) refers to freertos.o(.constdata) for .constdata
    freertos.o(i.MX_FREERTOS_Init) refers to freertos.o(.data) for .data
    freertos.o(i.StartDefaultTask) refers to cmsis_os.o(i.osDelay) for osDelay
    freertos.o(.constdata) refers to freertos.o(.conststring) for .conststring
    freertos.o(.constdata) refers to freertos.o(i.StartDefaultTask) for StartDefaultTask
    freertos.o(.constdata) refers to test_task.o(i.testTask) for testTask
    freertos.o(.constdata) refers to data_pro_task.o(i.Remote_Data_Task) for Remote_Data_Task
    freertos.o(.constdata) refers to gimbal_task.o(i.Gimbal_Contrl_Task) for Gimbal_Contrl_Task
    stm32f4xx_it.o(i.CAN1_RX0_IRQHandler) refers to stm32f4xx_hal_can.o(i.HAL_CAN_IRQHandler) for HAL_CAN_IRQHandler
    stm32f4xx_it.o(i.CAN1_RX0_IRQHandler) refers to can.o(.bss) for hcan1
    stm32f4xx_it.o(i.CAN2_RX0_IRQHandler) refers to stm32f4xx_hal_can.o(i.HAL_CAN_IRQHandler) for HAL_CAN_IRQHandler
    stm32f4xx_it.o(i.CAN2_RX0_IRQHandler) refers to can.o(.bss) for hcan2
    stm32f4xx_it.o(i.DMA1_Stream2_IRQHandler) refers to stm32f4xx_hal_dma.o(i.HAL_DMA_IRQHandler) for HAL_DMA_IRQHandler
    stm32f4xx_it.o(i.DMA1_Stream2_IRQHandler) refers to usart.o(.bss) for hdma_uart4_rx
    stm32f4xx_it.o(i.DMA1_Stream4_IRQHandler) refers to stm32f4xx_hal_dma.o(i.HAL_DMA_IRQHandler) for HAL_DMA_IRQHandler
    stm32f4xx_it.o(i.DMA1_Stream4_IRQHandler) refers to tim.o(.bss) for hdma_tim5_ch2
    stm32f4xx_it.o(i.DMA1_Stream5_IRQHandler) refers to stm32f4xx_hal_dma.o(i.HAL_DMA_IRQHandler) for HAL_DMA_IRQHandler
    stm32f4xx_it.o(i.DMA1_Stream5_IRQHandler) refers to usart.o(.bss) for hdma_usart2_rx
    stm32f4xx_it.o(i.DMA1_Stream6_IRQHandler) refers to stm32f4xx_hal_dma.o(i.HAL_DMA_IRQHandler) for HAL_DMA_IRQHandler
    stm32f4xx_it.o(i.DMA1_Stream6_IRQHandler) refers to usart.o(.bss) for hdma_uart8_rx
    stm32f4xx_it.o(i.DMA2_Stream1_IRQHandler) refers to stm32f4xx_hal_dma.o(i.HAL_DMA_IRQHandler) for HAL_DMA_IRQHandler
    stm32f4xx_it.o(i.DMA2_Stream1_IRQHandler) refers to usart.o(.bss) for hdma_usart6_rx
    stm32f4xx_it.o(i.DMA2_Stream2_IRQHandler) refers to stm32f4xx_hal_dma.o(i.HAL_DMA_IRQHandler) for HAL_DMA_IRQHandler
    stm32f4xx_it.o(i.DMA2_Stream2_IRQHandler) refers to usart.o(.bss) for hdma_usart1_rx
    stm32f4xx_it.o(i.DMA2_Stream4_IRQHandler) refers to stm32f4xx_hal_dma.o(i.HAL_DMA_IRQHandler) for HAL_DMA_IRQHandler
    stm32f4xx_it.o(i.DMA2_Stream4_IRQHandler) refers to adc.o(.bss) for hdma_adc1
    stm32f4xx_it.o(i.EXTI0_IRQHandler) refers to stm32f4xx_hal_gpio.o(i.HAL_GPIO_EXTI_IRQHandler) for HAL_GPIO_EXTI_IRQHandler
    stm32f4xx_it.o(i.EXTI15_10_IRQHandler) refers to stm32f4xx_hal_gpio.o(i.HAL_GPIO_EXTI_IRQHandler) for HAL_GPIO_EXTI_IRQHandler
    stm32f4xx_it.o(i.EXTI1_IRQHandler) refers to stm32f4xx_hal_gpio.o(i.HAL_GPIO_EXTI_IRQHandler) for HAL_GPIO_EXTI_IRQHandler
    stm32f4xx_it.o(i.EXTI2_IRQHandler) refers to stm32f4xx_hal_gpio.o(i.HAL_GPIO_EXTI_IRQHandler) for HAL_GPIO_EXTI_IRQHandler
    stm32f4xx_it.o(i.EXTI4_IRQHandler) refers to stm32f4xx_hal_gpio.o(i.HAL_GPIO_EXTI_IRQHandler) for HAL_GPIO_EXTI_IRQHandler
    stm32f4xx_it.o(i.EXTI9_5_IRQHandler) refers to stm32f4xx_hal_gpio.o(i.HAL_GPIO_EXTI_IRQHandler) for HAL_GPIO_EXTI_IRQHandler
    stm32f4xx_it.o(i.HAL_CAN_RxCpltCallback) refers to systemstate.o(i.RefreshDeviceOutLineTime) for RefreshDeviceOutLineTime
[...]
    i.vTaskStartScheduler                    0x080058c4   Section        0  tasks.o(i.vTaskStartScheduler)
    i.vTaskSuspendAll                        0x08005930   Section        0  tasks.o(i.vTaskSuspendAll)
    i.vTaskSwitchContext                     0x08005940   Section        0  tasks.o(i.vTaskSwitchContext)
    i.xPortStartScheduler                    0x080059bc   Section        0  port.o(i.xPortStartScheduler)
    i.xPortSysTickHandler                    0x08005a9c   Section        0  port.o(i.xPortSysTickHandler)
    i.xTaskGenericCreate                     0x08005ac8   Section        0  tasks.o(i.xTaskGenericCreate)
    i.xTaskGetSchedulerState                 0x08005c88   Section        0  tasks.o(i.xTaskGetSchedulerState)
    i.xTaskGetTickCount                      0x08005ca4   Section        0  tasks.o(i.xTaskGetTickCount)
    i.xTaskIncrementTick                     0x08005cb0   Section        0  tasks.o(i.xTaskIncrementTick)
    i.xTaskResumeAll                         0x08005d7c   Section        0  tasks.o(i.xTaskResumeAll)
    .constdata                               0x08005e40   Section       80  freertos.o(.constdata)
    .constdata                               0x08005e90   Section       20  communication.o(.constdata)
    .constdata                               0x08005ea4   Section       16  stm32f4xx_hal_rcc.o(.constdata)
    .constdata                               0x08005eb4   Section        8  stm32f4xx_hal_dma.o(.constdata)
    flagBitshiftOffset                       0x08005eb4   Data           8  stm32f4xx_hal_dma.o(.constdata)
    .conststring                             0x08005ebc   Section       48  freertos.o(.conststring)
    .data                                    0x20000000   Section        4  main.o(.data)
    .data                                    0x20000004   Section       16  freertos.o(.data)
    .data                                    0x20000014   Section        4  freertos.o(.data)
    .data                                    0x20000018   Section       20  stm32f4xx_it.o(.data)
    pxHigherPriorityTaskWoken                0x20000024   Data           4  stm32f4xx_it.o(.data)
    pxHigherPriorityTaskWoken                0x20000028   Data           4  stm32f4xx_it.o(.data)
    .data                                    0x2000002c   Section       16  gimbal_task.o(.data)
    Yaw_Current_Value                        0x2000002e   Data           2  gimbal_task.o(.data)
    Pitch_Current_Value                      0x20000030   Data           2  gimbal_task.o(.data)
    .data                                    0x2000003c   Section      642  data_pro_task.o(.data)
    rBuffer1                                 0x20000048   Data         210  data_pro_task.o(.data)
    rBuffer2                                 0x2000011a   Data         210  data_pro_task.o(.data)
    rBuffer3                                 0x200001ec   Data         210  data_pro_task.o(.data)
    .data                                    0x200002c0   Section       28  test_task.o(.data)
    .data                                    0x200002dc   Section        4  test_task.o(.data)
    .data                                    0x200002e0   Section       16  bsp.o(.data)
    JY61_Frame_flag                          0x200002e0   Data           1  bsp.o(.data)
    JY61_Frame_Num                           0x200002e1   Data           1  bsp.o(.data)
    .data                                    0x200002f0   Section        4  can.o(.data)
    HAL_RCC_CAN1_CLK_ENABLED                 0x200002f0   Data           4  can.o(.data)
    .data                                    0x200002f4   Section       58  communication.o(.data)
    MPU_Rx                                   0x200002f5   Data           1  communication.o(.data)
    MPU_Tx                                   0x200002f6   Data           1  communication.o(.data)
    MPU_Rx                                   0x200002f7   Data           1  communication.o(.data)
    MPU_Tx                                   0x200002f8   Data           1  communication.o(.data)
    MPU_Rx                                   0x200002f9   Data           1  communication.o(.data)
    MPU_Tx                                   0x200002fa   Data           1  communication.o(.data)
    i                                        0x200002fc   Data           2  communication.o(.data)
    sum_gz                                   0x20000300   Data           4  communication.o(.data)
    sum_gy                                   0x20000304   Data           4  communication.o(.data)
    MPU_Tx_buff                              0x20000320   Data          14  communication.o(.data)
    .data                                    0x2000032e   Section        2  communication.o(.data)
    .data                                    0x20000330   Section        2  communication.o(.data)
    .data                                    0x20000334   Section       64  tasks.o(.data)
    uxTasksDeleted                           0x20000338   Data           4  tasks.o(.data)
    uxCurrentNumberOfTasks                   0x2000033c   Data           4  tasks.o(.data)
    xTickCount                               0x20000340   Data           4  tasks.o(.data)
    uxTopReadyPriority                       0x20000344   Data           4  tasks.o(.data)
    xSchedulerRunning                        0x20000348   Data           4  tasks.o(.data)
    uxPendedTicks                            0x2000034c   Data           4  tasks.o(.data)
    xYieldPending                            0x20000350   Data           4  tasks.o(.data)
    xNumOfOverflows                          0x20000354   Data           4  tasks.o(.data)
    uxTaskNumber                             0x20000358   Data           4  tasks.o(.data)
    xNextTaskUnblockTime                     0x2000035c   Data           4  tasks.o(.data)
    uxSchedulerSuspended                     0x20000360   Data           4  tasks.o(.data)
    ulTaskSwitchedInTime                     0x20000364   Data           4  tasks.o(.data)
    ulTotalRunTime                           0x20000368   Data           4  tasks.o(.data)
    pxDelayedTaskList                        0x2000036c   Data           4  tasks.o(.data)
    pxOverflowDelayedTaskList                0x20000370   Data           4  tasks.o(.data)
    .data                                    0x20000374   Section       24  heap_4.o(.data)
    pxEnd                                    0x20000374   Data           4  heap_4.o(.data)
    xFreeBytesRemaining                      0x20000378   Data           4  heap_4.o(.data)
    xMinimumEverFreeBytesRemaining           0x2000037c   Data           4  heap_4.o(.data)
    xBlockAllocatedBit                       0x20000380   Data           4  heap_4.o(.data)
    xStart                                   0x20000384   Data           8  heap_4.o(.data)
    .data                                    0x2000038c   Section       12  port.o(.data)
    ucMaxSysCallPriority                     0x2000038c   Data           1  port.o(.data)
    uxCriticalNesting                        0x20000390   Data           4  port.o(.data)
    ulMaxPRIGROUPValue                       0x20000394   Data           4  port.o(.data)
    .data                                    0x20000398   Section        4  system_stm32f4xx.o(.data)
    .data                                    0x2000039c   Section        4  stm32f4xx_hal.o(.data)
    .data                                    0x200003a0   Section        4  rand.o(.data)
    _rand_state                              0x200003a0   Data           4  rand.o(.data)
    .bss                                     0x200003a4   Section      560  gimbal_task.o(.bss)
    .bss                                     0x200005d4   Section       88  spi.o(.bss)
    .bss                                     0x2000062c   Section      168  adc.o(.bss)
    .bss                                     0x200006d4   Section      336  tim.o(.bss)
    .bss                                     0x20000824   Section      256  can.o(.bss)
    Tx1Message                               0x20000824   Data          28  can.o(.bss)
    Rx1Message                               0x20000840   Data          36  can.o(.bss)
    Tx2Message                               0x20000864   Data          28  can.o(.bss)
    Rx2Message                               0x20000880   Data          36  can.o(.bss)
    .bss                                     0x20000924   Section      864  usart.o(.bss)
    .bss                                     0x20000c84   Section       60  motor_use_can.o(.bss)
    .bss                                     0x20000cc0   Section      120  motor_use_can.o(.bss)
    .bss                                     0x20000d38   Section       60  motor_use_can.o(.bss)
    .bss                                     0x20000d74   Section       60  motor_use_can.o(.bss)
    .bss                                     0x20000db0   Section      136  power_restriction.o(.bss)
    .bss                                     0x20000e38   Section       96  systemstate.o(.bss)
    .bss                                     0x20000e98   Section      348  communication.o(.bss)
    raw_gz                                   0x20000f68   Data          24  communication.o(.bss)
    raw_gy                                   0x20000f80   Data          24  communication.o(.bss)
    .bss                                     0x20000ff4   Section       21  minipc.o(.bss)
    .bss                                     0x2000100c   Section      240  tasks.o(.bss)
    pxReadyTasksLists                        0x2000100c   Data         140  tasks.o(.bss)
    xDelayedTaskList1                        0x20001098   Data          20  tasks.o(.bss)
    xDelayedTaskList2                        0x200010ac   Data          20  tasks.o(.bss)
    xPendingReadyList                        0x200010c0   Data          20  tasks.o(.bss)
    xTasksWaitingTermination                 0x200010d4   Data          20  tasks.o(.bss)
    xSuspendedTaskList                       0x200010e8   Data          20  tasks.o(.bss)
    .bss                                     0x200010fc   Section    15360  heap_4.o(.bss)
    ucHeap                                   0x200010fc   Data       15360  heap_4.o(.bss)
    .bss                                     0x20004cfc   Section       60  stm32f4xx_hal.o(.bss)
    STACK                                    0x20004d38   Section     1024  startup_stm32f427xx.o(STACK)

    Global Symbols

    Symbol Name                              Value     Ov Type        Size  Object(Section)

    BuildAttributes$$THM_ISAv4$E$P$D$K$B$S$7EM$VFPi3$EXTD16$VFPS$VFMA$PE$A:L22UL41UL21$X:L11$S22US41US21$IEEE1$IW$USESV6$~STKCKD$USESV7$~SHL$OTIME$ROPI$EBA8$MICROLIB$REQ8$PRES8$EABIv2 0x00000000   Number         0  anon$$obj.o ABSOLUTE
    __ARM_use_no_argv                        0x00000000   Number         0  main.o ABSOLUTE
    _printf_a                                0x00000000   Number         0  stubs.o ABSOLUTE
    _printf_c                                0x00000000   Number         0  stubs.o ABSOLUTE
    _printf_charcount                        0x00000000   Number         0  stubs.o ABSOLUTE
    _printf_d                                0x00000000   Number         0  stubs.o ABSOLUTE
    _printf_e                                0x00000000   Number         0  stubs.o ABSOLUTE
    _printf_f                                0x00000000   Number         0  stubs.o ABSOLUTE
    _printf_flags                            0x00000000   Number         0  stubs.o ABSOLUTE
    _printf_fp_dec                           0x00000000   Number         0  stubs.o ABSOLUTE
    _printf_fp_hex                           0x00000000   Number         0  stubs.o ABSOLUTE
    _printf_g                                0x00000000   Number         0  stubs.o ABSOLUTE
    _printf_i                                0x00000000   Number         0  stubs.o ABSOLUTE
    _printf_int_dec                          0x00000000   Number         0  stubs.o ABSOLUTE
    _printf_l                                0x00000000   Number         0  stubs.o ABSOLUTE
    _printf_lc                               0x00000000   Number         0  stubs.o ABSOLUTE
    _printf_ll                               0x00000000   Number         0  stubs.o ABSOLUTE
    _printf_lld                              0x00000000   Number         0  stubs.o ABSOLUTE
    _printf_lli                              0x00000000   Number         0  stubs.o ABSOLUTE
    _printf_llo                              0x00000000   Number         0  stubs.o ABSOLUTE
    _printf_llu                              0x00000000   Number         0  stubs.o ABSOLUTE
    _printf_llx                              0x00000000   Number         0  stubs.o ABSOLUTE
    _printf_longlong_dec                     0x00000000   Number         0  stubs.o ABSOLUTE
    _printf_longlong_hex                     0x00000000   Number         0  stubs.o ABSOLUTE
    _printf_longlong_oct                     0x00000000   Number         0  stubs.o ABSOLUTE
    _printf_ls                               0x00000000   Number         0  stubs.o ABSOLUTE
    _printf_mbtowc                           0x00000000   Number         0  stubs.o ABSOLUTE
    _printf_n                                0x00000000   Number         0  stubs.o ABSOLUTE
    _printf_o                                0x00000000   Number         0  stubs.o ABSOLUTE
    _printf_p                                0x00000000   Number         0  stubs.o ABSOLUTE
    _printf_percent                          0x00000000   Number         0  stubs.o ABSOLUTE
    _printf_pre_padding                      0x00000000   Number         0  stubs.o ABSOLUTE
    _printf_return_value                     0x00000000   Number         0  stubs.o ABSOLUTE
    _printf_s                                0x00000000   Number         0  stubs.o ABSOLUTE
    _printf_sizespec                         0x00000000   Number         0  stubs.o ABSOLUTE
    _printf_str                              0x00000000   Number         0  stubs.o ABSOLUTE
    _printf_truncate_signed                  0x00000000   Number         0  stubs.o ABSOLUTE
    _printf_truncate_unsigned                0x00000000   Number         0  stubs.o ABSOLUTE
    _printf_u                                0x00000000   Number         0  stubs.o ABSOLUTE
    _printf_wc                               0x00000000   Number         0  stubs.o ABSOLUTE
    _printf_wctomb                           0x00000000   Number         0  stubs.o ABSOLUTE
    _printf_widthprec                        0x00000000   Number         0  stubs.o ABSOLUTE
    _printf_x                                0x00000000   Number         0  stubs.o ABSOLUTE
    __cpp_initialize__aeabi_                  - Undefined Weak Reference
    __cxa_finalize                            - Undefined Weak Reference
    _clock_init                               - Undefined Weak Reference
    _microlib_exit                            - Undefined Weak Reference
    __Vectors_Size                           0x000001ac   Number         0  startup_stm32f427xx.o ABSOLUTE
    __Vectors                                0x08000000   Data           4  startup_stm32f427xx.o(RESET)
    __Vectors_End                            0x080001ac   Data           0  startup_stm32f427xx.o(RESET)
    __main                                   0x080001ad   Thumb Code     0  entry.o(.ARM.Collect$$$$00000000)
    _main_stk                                0x080001ad   Thumb Code     0  entry2.o(.ARM.Collect$$$$00000001)
    _main_scatterload                        0x080001b1   Thumb Code     0  entry5.o(.ARM.Collect$$$$00000004)
    __main_after_scatterload                 0x080001b5   Thumb Code     0  entry5.o(.ARM.Collect$$$$00000004)
    _main_clock                              0x080001b5   Thumb Code     0  entry7b.o(.ARM.Collect$$$$00000008)
    _main_cpp_init                           0x080001b5   Thumb Code     0  entry8b.o(.ARM.Collect$$$$0000000A)
    _main_init                               0x080001b5   Thumb Code     0  entry9a.o(.ARM.Collect$$$$0000000B)
    __rt_final_cpp                           0x080001bd   Thumb Code     0  entry10a.o(.ARM.Collect$$$$0000000D)
    __rt_final_exit                          0x080001bd   Thumb Code     0  entry11a.o(.ARM.Collect$$$$0000000F)
    SVC_Handler                              0x080001c1   Thumb Code    28  port.o(.emb_text)
    __asm___6_port_c_39a90d8d__prvStartFirstTask 0x080001e1   Thumb Code    28  port.o(.emb_text)
    __asm___6_port_c_39a90d8d__prvEnableVFP  0x08000201   Thumb Code    16  port.o(.emb_text)
    PendSV_Handler                           0x08000215   Thumb Code    92  port.o(.emb_text)
    vPortGetIPSR                             0x08000275   Thumb Code     6  port.o(.emb_text)
    Reset_Handler                            0x0800027d   Thumb Code     8  startup_stm32f427xx.o(.text)
    ADC_IRQHandler                           0x08000297   Thumb Code     0  startup_stm32f427xx.o(.text)
    CAN1_RX1_IRQHandler                      0x08000297   Thumb Code     0  startup_stm32f427xx.o(.text)
    CAN1_SCE_IRQHandler                      0x08000297   Thumb Code     0  startup_stm32f427xx.o(.text)
    CAN1_TX_IRQHandler                       0x08000297   Thumb Code     0  startup_stm32f427xx.o(.text)
    CAN2_RX1_IRQHandler                      0x08000297   Thumb Code     0  startup_stm32f427xx.o(.text)
    CAN2_SCE_IRQHandler                      0x08000297   Thumb Code     0  startup_stm32f427xx.o(.text)
    CAN2_TX_IRQHandler                       0x08000297   Thumb Code     0  startup_stm32f427xx.o(.text)
    DCMI_IRQHandler                          0x08000297   Thumb Code     0  startup_stm32f427xx.o(.text)
    DMA1_Stream0_IRQHandler                  0x08000297   Thumb Code     0  startup_stm32f427xx.o(.text)
    DMA1_Stream1_IRQHandler                  0x08000297   Thumb Code     0  startup_stm32f427xx.o(.text)
    DMA1_Stream3_IRQHandler                  0x08000297   Thumb Code     0  startup_stm32f427xx.o(.text)
    DMA1_Stream7_IRQHandler                  0x08000297   Thumb Code     0  startup_stm32f427xx.o(.text)
    DMA2D_IRQHandler                         0x08000297   Thumb Code     0  startup_stm32f427xx.o(.text)
    DMA2_Stream0_IRQHandler                  0x08000297   Thumb Code     0  startup_stm32f427xx.o(.text)
    DMA2_Stream3_IRQHandler                  0x08000297   Thumb Code     0  startup_stm32f427xx.o(.text)
    DMA2_Stream5_IRQHandler                  0x08000297   Thumb Code     0  startup_stm32f427xx.o(.text)
    DMA2_Stream6_IRQHandler                  0x08000297   Thumb Code     0  startup_stm32f427xx.o(.text)
    DMA2_Stream7_IRQHandler                  0x08000297   Thumb Code     0  startup_stm32f427xx.o(.text)
    ETH_IRQHandler                           0x08000297   Thumb Code     0  startup_stm32f427xx.o(.text)
    ETH_WKUP_IRQHandler                      0x08000297   Thumb Code     0  startup_stm32f427xx.o(.text)
    EXTI3_IRQHandler                         0x08000297   Thumb Code     0  startup_stm32f427xx.o(.text)
    FLASH_IRQHandler                         0x08000297   Thumb Code     0  startup_stm32f427xx.o(.text)
    FMC_IRQHandler                           0x08000297   Thumb Code     0  startup_stm32f427xx.o(.text)
    FPU_IRQHandler                           0x08000297   Thumb Code     0  startup_stm32f427xx.o(.text)
    HASH_RNG_IRQHandler                      0x08000297   Thumb Code     0  startup_stm32f427xx.o(.text)
    I2C1_ER_IRQHandler                       0x08000297   Thumb Code     0  startup_stm32f427xx.o(.text)
    I2C1_EV_IRQHandler                       0x08000297   Thumb Code     0  startup_stm32f427xx.o(.text)
    I2C2_ER_IRQHandler                       0x08000297   Thumb Code     0  startup_stm32f427xx.o(.text)
    I2C2_EV_IRQHandler                       0x08000297   Thumb Code     0  startup_stm32f427xx.o(.text)
    I2C3_ER_IRQHandler                       0x08000297   Thumb Code     0  startup_stm32f427xx.o(.text)
    I2C3_EV_IRQHandler                       0x08000297   Thumb Code     0  startup_stm32f427xx.o(.text)
    OTG_FS_IRQHandler                        0x08000297   Thumb Code     0  startup_stm32f427xx.o(.text)
    OTG_FS_WKUP_IRQHandler                   0x08000297   Thumb Code     0  startup_stm32f427xx.o(.text)
    OTG_HS_EP1_IN_IRQHandler                 0x08000297   Thumb Code     0  startup_stm32f427xx.o(.text)
    OTG_HS_EP1_OUT_IRQHandler                0x08000297   Thumb Code     0  startup_stm32f427xx.o(.text)
    OTG_HS_IRQHandler                        0x08000297   Thumb Code     0  startup_stm32f427xx.o(.text)
    OTG_HS_WKUP_IRQHandler                   0x08000297   Thumb Code     0  startup_stm32f427xx.o(.text)
    PVD_IRQHandler                           0x08000297   Thumb Code     0  startup_stm32f427xx.o(.text)
    RCC_IRQHandler                           0x08000297   Thumb Code     0  startup_stm32f427xx.o(.text)
    RTC_Alarm_IRQHandler                     0x08000297   Thumb Code     0  startup_stm32f427xx.o(.text)
    RTC_WKUP_IRQHandler                      0x08000297   Thumb Code     0  startup_stm32f427xx.o(.text)
    SAI1_IRQHandler                          0x08000297   Thumb Code     0  startup_stm32f427xx.o(.text)
    SDIO_IRQHandler                          0x08000297   Thumb Code     0  startup_stm32f427xx.o(.text)
    SPI1_IRQHandler                          0x08000297   Thumb Code     0  startup_stm32f427xx.o(.text)
    SPI2_IRQHandler                          0x08000297   Thumb Code     0  startup_stm32f427xx.o(.text)
    SPI3_IRQHandler                          0x08000297   Thumb Code     0  startup_stm32f427xx.o(.text)
    SPI4_IRQHandler                          0x08000297   Thumb Code     0  startup_stm32f427xx.o(.text)
    SPI5_IRQHandler                          0x08000297   Thumb Code     0  startup_stm32f427xx.o(.text)
    SPI6_IRQHandler                          0x08000297   Thumb Code     0  startup_stm32f427xx.o(.text)
    TAMP_STAMP_IRQHandler                    0x08000297   Thumb Code     0  startup_stm32f427xx.o(.text)
    TIM1_BRK_TIM9_IRQHandler                 0x08000297   Thumb Code     0  startup_stm32f427xx.o(.text)
    TIM1_CC_IRQHandler                       0x08000297   Thumb Code     0  startup_stm32f427xx.o(.text)
    TIM1_TRG_COM_TIM11_IRQHandler            0x08000297   Thumb Code     0  startup_stm32f427xx.o(.text)
    TIM2_IRQHandler                          0x08000297   Thumb Code     0  startup_stm32f427xx.o(.text)
    TIM4_IRQHandler                          0x08000297   Thumb Code     0  startup_stm32f427xx.o(.text)
    TIM5_IRQHandler                          0x08000297   Thumb Code     0  startup_stm32f427xx.o(.text)
    TIM7_IRQHandler                          0x08000297   Thumb Code     0  startup_stm32f427xx.o(.text)
    TIM8_CC_IRQHandler                       0x08000297   Thumb Code     0  startup_stm32f427xx.o(.text)
    TIM8_TRG_COM_TIM14_IRQHandler            0x08000297   Thumb Code     0  startup_stm32f427xx.o(.text)
    TIM8_UP_TIM13_IRQHandler                 0x08000297   Thumb Code     0  startup_stm32f427xx.o(.text)
    UART5_IRQHandler                         0x08000297   Thumb Code     0  startup_stm32f427xx.o(.text)
    UART7_IRQHandler                         0x08000297   Thumb Code     0  startup_stm32f427xx.o(.text)
    USART6_IRQHandler                        0x08000297   Thumb Code     0  startup_stm32f427xx.o(.text)
    WWDG_IRQHandler                          0x08000297   Thumb Code     0  startup_stm32f427xx.o(.text)
    rand                                     0x080002a1   Thumb Code    20  rand.o(.text)
    srand                                    0x080002b5   Thumb Code     6  rand.o(.text)
    __aeabi_memcpy                           0x080002c5   Thumb Code    36  memcpya.o(.text)
    __aeabi_memcpy4                          0x080002c5   Thumb Code     0  memcpya.o(.text)
    __aeabi_memcpy8                          0x080002c5   Thumb Code     0  memcpya.o(.text)
    __aeabi_memset                           0x080002e9   Thumb Code    14  memseta.o(.text)
    __aeabi_memset4                          0x080002e9   Thumb Code     0  memseta.o(.text)
    __aeabi_memset8                          0x080002e9   Thumb Code     0  memseta.o(.text)
    __aeabi_memclr                           0x080002f7   Thumb Code     4  memseta.o(.text)
    __aeabi_memclr4                          0x080002f7   Thumb Code     0  memseta.o(.text)
    __aeabi_memclr8                          0x080002f7   Thumb Code     0  memseta.o(.text)
    _memset$wrapper                          0x080002fb   Thumb Code    18  memseta.o(.text)
    __aeabi_dadd                             0x0800030d   Thumb Code   322  dadd.o(.text)
    __aeabi_dsub                             0x0800044f   Thumb Code     6  dadd.o(.text)
    __aeabi_drsub                            0x08000455   Thumb Code     6  dadd.o(.text)
    __aeabi_ddiv                             0x0800045b   Thumb Code   222  ddiv.o(.text)
    __aeabi_i2d                              0x08000539   Thumb Code    34  dflti.o(.text)
    __aeabi_ui2d                             0x0800055b   Thumb Code    26  dfltui.o(.text)
    __aeabi_d2f                              0x08000575   Thumb Code    56  d2f.o(.text)
    __aeabi_llsl                             0x080005ad   Thumb Code    30  llshl.o(.text)
    _ll_shift_l                              0x080005ad   Thumb Code     0  llshl.o(.text)
    __aeabi_lasr                             0x080005cb   Thumb Code    36  llsshr.o(.text)
    _ll_sshift_r                             0x080005cb   Thumb Code     0  llsshr.o(.text)
    __I$use$fp                               0x080005ef   Thumb Code     0  iusefp.o(.text)
    _float_round                             0x080005ef   Thumb Code    18  fepilogue.o(.text)
    _float_epilogue                          0x08000601   Thumb Code    92  fepilogue.o(.text)
    _double_round                            0x0800065d   Thumb Code    30  depilogue.o(.text)
    _double_epilogue                         0x0800067b   Thumb Code   156  depilogue.o(.text)
    __scatterload                            0x08000719   Thumb Code    28  init.o(.text)
    __scatterload_rt2                        0x08000719   Thumb Code     0  init.o(.text)
    __aeabi_llsr                             0x0800073d   Thumb Code    32  llushr.o(.text)
    _ll_ushift_r                             0x0800073d   Thumb Code     0  llushr.o(.text)
    __decompress                             0x0800075d   Thumb Code     0  __dczerorl2.o(.text)
    __decompress1                            0x0800075d   Thumb Code    86  __dczerorl2.o(.text)
    BSP_Init                                 0x08000969   Thumb Code   212  bsp.o(i.BSP_Init)
    BusFault_Handler                         0x08000a69   Thumb Code     2  stm32f4xx_it.o(i.BusFault_Handler)
    CAN1_RX0_IRQHandler                      0x08000a6d   Thumb Code     6  stm32f4xx_it.o(i.CAN1_RX0_IRQHandler)
    CAN2_RX0_IRQHandler                      0x08000a79   Thumb Code     6  stm32f4xx_it.o(i.CAN2_RX0_IRQHandler)
    CanFilter_Init                           0x08000bb1   Thumb Code    74  can.o(i.CanFilter_Init)
    ConfigureTimerForRunTimeStats            0x08000c01   Thumb Code    12  bsp.o(i.ConfigureTimerForRunTimeStats)
    DMA1_Stream2_IRQHandler                  0x08000c11   Thumb Code     6  stm32f4xx_it.o(i.DMA1_Stream2_IRQHandler)
    DMA1_Stream4_IRQHandler                  0x08000c1d   Thumb Code     6  stm32f4xx_it.o(i.DMA1_Stream4_IRQHandler)
    DMA1_Stream5_IRQHandler                  0x08000c29   Thumb Code     6  stm32f4xx_it.o(i.DMA1_Stream5_IRQHandler)
    DMA1_Stream6_IRQHandler                  0x08000c35   Thumb Code     6  stm32f4xx_it.o(i.DMA1_Stream6_IRQHandler)
    DMA2_Stream1_IRQHandler                  0x08000c41   Thumb Code     6  stm32f4xx_it.o(i.DMA2_Stream1_IRQHandler)
    DMA2_Stream2_IRQHandler                  0x08000c4d   Thumb Code     6  stm32f4xx_it.o(i.DMA2_Stream2_IRQHandler)
    DMA2_Stream4_IRQHandler                  0x08000c59   Thumb Code     6  stm32f4xx_it.o(i.DMA2_Stream4_IRQHandler)
    DebugMon_Handler                         0x08000d09   Thumb Code     2  stm32f4xx_it.o(i.DebugMon_Handler)
    EXTI0_IRQHandler                         0x08000d0b   Thumb Code     6  stm32f4xx_it.o(i.EXTI0_IRQHandler)
    EXTI15_10_IRQHandler                     0x08000d11   Thumb Code     8  stm32f4xx_it.o(i.EXTI15_10_IRQHandler)
    EXTI1_IRQHandler                         0x08000d19   Thumb Code     6  stm32f4xx_it.o(i.EXTI1_IRQHandler)
    EXTI2_IRQHandler                         0x08000d1f   Thumb Code     6  stm32f4xx_it.o(i.EXTI2_IRQHandler)
    EXTI4_IRQHandler                         0x08000d25   Thumb Code     6  stm32f4xx_it.o(i.EXTI4_IRQHandler)
    EXTI9_5_IRQHandler                       0x08000d2b   Thumb Code     8  stm32f4xx_it.o(i.EXTI9_5_IRQHandler)
    Error_Handler                            0x08000d33   Thumb Code     2  main.o(i.Error_Handler)
    GetSystemTimer                           0x08000d35   Thumb Code    62  systemstate.o(i.GetSystemTimer)
    Gimbal_Contrl_Task                       0x08000d81   Thumb Code   312  gimbal_task.o(i.Gimbal_Contrl_Task)
    HAL_ADC_ConfigChannel                    0x08000ee1   Thumb Code   324  stm32f4xx_hal_adc.o(i.HAL_ADC_ConfigChannel)
    HAL_ADC_ConvCpltCallback                 0x08001035   Thumb Code     2  stm32f4xx_hal_adc.o(i.HAL_ADC_ConvCpltCallback)
    HAL_ADC_ConvHalfCpltCallback             0x08001037   Thumb Code     2  stm32f4xx_hal_adc.o(i.HAL_ADC_ConvHalfCpltCallback)
    HAL_ADC_ErrorCallback                    0x08001039   Thumb Code     2  stm32f4xx_hal_adc.o(i.HAL_ADC_ErrorCallback)
    HAL_ADC_Init                             0x0800103b   Thumb Code    84  stm32f4xx_hal_adc.o(i.HAL_ADC_Init)
    HAL_ADC_MspInit                          0x08001091   Thumb Code   104  adc.o(i.HAL_ADC_MspInit)
    HAL_ADC_Start_DMA                        0x0800110d   Thumb Code   228  stm32f4xx_hal_adc.o(i.HAL_ADC_Start_DMA)
    HAL_CAN_ConfigFilter                     0x08001209   Thumb Code   218  stm32f4xx_hal_can.o(i.HAL_CAN_ConfigFilter)
    HAL_CAN_IRQHandler                       0x080012ed   Thumb Code    64  stm32f4xx_hal_can.o(i.HAL_CAN_IRQHandler)
    HAL_CAN_Init                             0x0800132d   Thumb Code   328  stm32f4xx_hal_can.o(i.HAL_CAN_Init)
    HAL_CAN_MspInit                          0x08001475   Thumb Code   168  can.o(i.HAL_CAN_MspInit)
    HAL_CAN_Receive_IT                       0x08001535   Thumb Code   134  stm32f4xx_hal_can.o(i.HAL_CAN_Receive_IT)
    HAL_CAN_RxCpltCallback                   0x080015bd   Thumb Code   268  stm32f4xx_it.o(i.HAL_CAN_RxCpltCallback)
    HAL_DMA_Abort_IT                         0x080016e1   Thumb Code    36  stm32f4xx_hal_dma.o(i.HAL_DMA_Abort_IT)
    HAL_DMA_IRQHandler                       0x08001705   Thumb Code   414  stm32f4xx_hal_dma.o(i.HAL_DMA_IRQHandler)
    HAL_DMA_Init                             0x080018ad   Thumb Code   202  stm32f4xx_hal_dma.o(i.HAL_DMA_Init)
    HAL_DMA_Start                            0x0800197d   Thumb Code    70  stm32f4xx_hal_dma.o(i.HAL_DMA_Start)
    HAL_DMA_Start_IT                         0x080019c3   Thumb Code   120  stm32f4xx_hal_dma.o(i.HAL_DMA_Start_IT)
    HAL_Delay                                0x08001a3b   Thumb Code    22  stm32f4xx_hal.o(i.HAL_Delay)
    HAL_GPIO_EXTI_Callback                   0x08001a51   Thumb Code    84  stm32f4xx_it.o(i.HAL_GPIO_EXTI_Callback)
    HAL_GPIO_EXTI_IRQHandler                 0x08001abd   Thumb Code    18  stm32f4xx_hal_gpio.o(i.HAL_GPIO_EXTI_IRQHandler)
    HAL_GPIO_Init                            0x08001ad5   Thumb Code   408  stm32f4xx_hal_gpio.o(i.HAL_GPIO_Init)
    HAL_GPIO_ReadPin                         0x08001ca1   Thumb Code    10  stm32f4xx_hal_gpio.o(i.HAL_GPIO_ReadPin)
    HAL_GPIO_WritePin                        0x08001cab   Thumb Code    10  stm32f4xx_hal_gpio.o(i.HAL_GPIO_WritePin)
    HAL_GetTick                              0x08001cb5   Thumb Code     6  stm32f4xx_hal.o(i.HAL_GetTick)
    HAL_IncTick                              0x08001cc1   Thumb Code    10  stm32f4xx_hal.o(i.HAL_IncTick)
    HAL_Init                                 0x08001cd1   Thumb Code    48  stm32f4xx_hal.o(i.HAL_Init)
    HAL_InitTick                             0x08001d05   Thumb Code   100  stm32f4xx_hal.o(i.HAL_InitTick)
    HAL_MspInit                              0x08001d79   Thumb Code    88  stm32f4xx_hal_msp.o(i.HAL_MspInit)
    HAL_NVIC_EnableIRQ                       0x08001dd1   Thumb Code    22  stm32f4xx_hal_cortex.o(i.HAL_NVIC_EnableIRQ)
    HAL_NVIC_SetPriority                     0x08001de9   Thumb Code    60  stm32f4xx_hal_cortex.o(i.HAL_NVIC_SetPriority)
    HAL_NVIC_SetPriorityGrouping             0x08001e29   Thumb Code    26  stm32f4xx_hal_cortex.o(i.HAL_NVIC_SetPriorityGrouping)
    HAL_RCC_ClockConfig                      0x08001e4d   Thumb Code   364  stm32f4xx_hal_rcc.o(i.HAL_RCC_ClockConfig)
    HAL_RCC_GetClockConfig                   0x08001fc9   Thumb Code    54  stm32f4xx_hal_rcc.o(i.HAL_RCC_GetClockConfig)
    HAL_RCC_GetHCLKFreq                      0x08002009   Thumb Code     6  stm32f4xx_hal_rcc.o(i.HAL_RCC_GetHCLKFreq)
    HAL_RCC_GetPCLK1Freq                     0x08002015   Thumb Code    34  stm32f4xx_hal_rcc.o(i.HAL_RCC_GetPCLK1Freq)
    HAL_RCC_GetPCLK2Freq                     0x08002045   Thumb Code    34  stm32f4xx_hal_rcc.o(i.HAL_RCC_GetPCLK2Freq)
    HAL_RCC_GetSysClockFreq                  0x08002075   Thumb Code   104  stm32f4xx_hal_rcc.o(i.HAL_RCC_GetSysClockFreq)
    HAL_RCC_OscConfig                        0x080020e9   Thumb Code   722  stm32f4xx_hal_rcc.o(i.HAL_RCC_OscConfig)
    HAL_SPI_Init                             0x080023cd   Thumb Code   128  stm32f4xx_hal_spi.o(i.HAL_SPI_Init)
    HAL_SPI_MspInit                          0x0800244d   Thumb Code    64  spi.o(i.HAL_SPI_MspInit)
    HAL_SPI_TransmitReceive                  0x08002499   Thumb Code   472  stm32f4xx_hal_spi.o(i.HAL_SPI_TransmitReceive)
    HAL_SYSTICK_CLKSourceConfig              0x08002671   Thumb Code    24  stm32f4xx_hal_cortex.o(i.HAL_SYSTICK_CLKSourceConfig)
    HAL_SYSTICK_Config                       0x08002689   Thumb Code    40  stm32f4xx_hal_cortex.o(i.HAL_SYSTICK_Config)
    HAL_TIMEx_BreakCallback                  0x080026b1   Thumb Code     2  stm32f4xx_hal_tim_ex.o(i.HAL_TIMEx_BreakCallback)
    HAL_TIMEx_CommutationCallback            0x080026b3   Thumb Code     2  stm32f4xx_hal_tim_ex.o(i.HAL_TIMEx_CommutationCallback)
    HAL_TIMEx_MasterConfigSynchronization    0x080026b5   Thumb Code    80  stm32f4xx_hal_tim_ex.o(i.HAL_TIMEx_MasterConfigSynchronization)
    HAL_TIM_Base_Init                        0x08002705   Thumb Code    54  stm32f4xx_hal_tim.o(i.HAL_TIM_Base_Init)
    HAL_TIM_Base_MspInit                     0x0800273d   Thumb Code   144  tim.o(i.HAL_TIM_Base_MspInit)
    HAL_TIM_Base_Start_IT                    0x080027e1   Thumb Code    24  stm32f4xx_hal_tim.o(i.HAL_TIM_Base_Start_IT)
    HAL_TIM_ConfigClockSource                0x080027f9   Thumb Code   242  stm32f4xx_hal_tim.o(i.HAL_TIM_ConfigClockSource)
    HAL_TIM_IC_CaptureCallback               0x080028eb   Thumb Code     2  stm32f4xx_hal_tim.o(i.HAL_TIM_IC_CaptureCallback)
    HAL_TIM_IRQHandler                       0x080028ed   Thumb Code   358  stm32f4xx_hal_tim.o(i.HAL_TIM_IRQHandler)
    HAL_TIM_MspPostInit                      0x08002a55   Thumb Code    62  tim.o(i.HAL_TIM_MspPostInit)
    HAL_TIM_OC_DelayElapsedCallback          0x08002aa1   Thumb Code     2  stm32f4xx_hal_tim.o(i.HAL_TIM_OC_DelayElapsedCallback)
    HAL_TIM_PWM_ConfigChannel                0x08002aa3   Thumb Code   208  stm32f4xx_hal_tim.o(i.HAL_TIM_PWM_ConfigChannel)
    HAL_TIM_PWM_Init                         0x08002b73   Thumb Code    54  stm32f4xx_hal_tim.o(i.HAL_TIM_PWM_Init)
    HAL_TIM_PWM_MspInit                      0x08002ba9   Thumb Code    88  tim.o(i.HAL_TIM_PWM_MspInit)
    HAL_TIM_PWM_PulseFinishedCallback        0x08002c11   Thumb Code     8  stm32f4xx_it.o(i.HAL_TIM_PWM_PulseFinishedCallback)
    HAL_TIM_PWM_Stop_DMA                     0x08002c1d   Thumb Code   134  stm32f4xx_hal_tim.o(i.HAL_TIM_PWM_Stop_DMA)
    HAL_TIM_PeriodElapsedCallback            0x08002cad   Thumb Code   110  stm32f4xx_it.o(i.HAL_TIM_PeriodElapsedCallback)
    HAL_TIM_TriggerCallback                  0x08002d45   Thumb Code     2  stm32f4xx_hal_tim.o(i.HAL_TIM_TriggerCallback)
    HAL_UART_ErrorCallback                   0x08002d47   Thumb Code     2  stm32f4xx_hal_uart.o(i.HAL_UART_ErrorCallback)
    HAL_UART_IRQHandler                      0x08002d49   Thumb Code   266  stm32f4xx_hal_uart.o(i.HAL_UART_IRQHandler)
    HAL_UART_Init                            0x08002e59   Thumb Code    98  stm32f4xx_hal_uart.o(i.HAL_UART_Init)
    HAL_UART_MspInit                         0x08002ebd   Thumb Code   730  usart.o(i.HAL_UART_MspInit)
    HAL_UART_Receive_DMA                     0x080031d9   Thumb Code   130  stm32f4xx_hal_uart.o(i.HAL_UART_Receive_DMA)
    HAL_UART_RxCpltCallback                  0x08003265   Thumb Code     2  stm32f4xx_it.o(i.HAL_UART_RxCpltCallback)
    HAL_UART_Transmit                        0x08003267   Thumb Code   186  stm32f4xx_hal_uart.o(i.HAL_UART_Transmit)
    HAL_UART_TxCpltCallback                  0x08003321   Thumb Code     2  stm32f4xx_hal_uart.o(i.HAL_UART_TxCpltCallback)
    HardFault_Handler                        0x08003323   Thumb Code     2  stm32f4xx_it.o(i.HardFault_Handler)
    IMU_Get_Data                             0x08003325   Thumb Code   176  communication.o(i.IMU_Get_Data)
    JY61_Data_Pro                            0x080033d9   Thumb Code   524  communication.o(i.JY61_Data_Pro)
    Limit_filter                             0x08003609   Thumb Code    52  power_restriction.o(i.Limit_filter)
    MPU6500_Init                             0x0800363d   Thumb Code   212  communication.o(i.MPU6500_Init)
    MPU6500_Read_Reg                         0x08003721   Thumb Code    68  communication.o(i.MPU6500_Read_Reg)
    MPU6500_Read_Regs                        0x08003771   Thumb Code    80  communication.o(i.MPU6500_Read_Regs)
    MPU6500_Write_Reg                        0x080037cd   Thumb Code    72  communication.o(i.MPU6500_Write_Reg)
    MX_ADC1_Init                             0x08003821   Thumb Code    74  adc.o(i.MX_ADC1_Init)
    MX_CAN1_Init                             0x08003879   Thumb Code    60  can.o(i.MX_CAN1_Init)
    MX_CAN2_Init                             0x080038bd   Thumb Code    60  can.o(i.MX_CAN2_Init)
    MX_DMA_Init                              0x08003901   Thumb Code   136  dma.o(i.MX_DMA_Init)
    MX_FREERTOS_Init                         0x0800398d   Thumb Code    96  freertos.o(i.MX_FREERTOS_Init)
    MX_GPIO_Init                             0x080039f5   Thumb Code   640  gpio.o(i.MX_GPIO_Init)
    MX_SPI5_Init                             0x08003c9d   Thumb Code    62  spi.o(i.MX_SPI5_Init)
    MX_TIM12_Init                            0x08003ce5   Thumb Code    60  tim.o(i.MX_TIM12_Init)
    MX_TIM3_Init                             0x08003d29   Thumb Code    36  tim.o(i.MX_TIM3_Init)
    MX_TIM5_Init                             0x08003d55   Thumb Code   104  tim.o(i.MX_TIM5_Init)
    MX_TIM6_Init                             0x08003dc5   Thumb Code    38  tim.o(i.MX_TIM6_Init)
    MX_UART4_Init                            0x08003df5   Thumb Code    48  usart.o(i.MX_UART4_Init)
    MX_UART8_Init                            0x08003e2d   Thumb Code    48  usart.o(i.MX_UART8_Init)
    MX_USART1_UART_Init                      0x08003e65   Thumb Code    46  usart.o(i.MX_USART1_UART_Init)
    MX_USART2_UART_Init                      0x08003ea1   Thumb Code    48  usart.o(i.MX_USART2_UART_Init)
    MX_USART3_UART_Init                      0x08003ed9   Thumb Code    48  usart.o(i.MX_USART3_UART_Init)
    MX_USART6_UART_Init                      0x08003f11   Thumb Code    48  usart.o(i.MX_USART6_UART_Init)
    MemManage_Handler                        0x08003f49   Thumb Code     2  stm32f4xx_it.o(i.MemManage_Handler)
    Motor1                                   0x08003f4d   Thumb Code    10  test_task.o(i.Motor1)
    Motor1_Dis                               0x08003f5d   Thumb Code    10  test_task.o(i.Motor1_Dis)
    Motor2                                   0x08003f6d   Thumb Code    10  test_task.o(i.Motor2)
    Motor2_Dis                               0x08003f7d   Thumb Code    10  test_task.o(i.Motor2_Dis)
    Motor3                                   0x08003f8d   Thumb Code    10  test_task.o(i.Motor3)
    Motor3_Dis                               0x08003f9d   Thumb Code    10  test_task.o(i.Motor3_Dis)
    Motor4                                   0x08003fad   Thumb Code    10  test_task.o(i.Motor4)
    Motor4_Dis                               0x08003fbd   Thumb Code    10  test_task.o(i.Motor4_Dis)
    Motor5                                   0x08003fcd   Thumb Code    10  test_task.o(i.Motor5)
    Motor5_Dis                               0x08003fdd   Thumb Code    10  test_task.o(i.Motor5_Dis)
    NMI_Handler                              0x08003fed   Thumb Code     2  stm32f4xx_it.o(i.NMI_Handler)
    PID_struct_init                          0x08004011   Thumb Code    16  pid.o(i.PID_struct_init)
    RefreshDeviceOutLineTime                 0x08004029   Thumb Code    20  systemstate.o(i.RefreshDeviceOutLineTime)
    RefreshSysTime                           0x08004041   Thumb Code    10  systemstate.o(i.RefreshSysTime)
    RefreshTaskOutLineTime                   0x08004051   Thumb Code    20  systemstate.o(i.RefreshTaskOutLineTime)
    Remote_Data_Task                         0x08004069   Thumb Code    72  data_pro_task.o(i.Remote_Data_Task)
    StartDefaultTask                         0x0800416f   Thumb Code     8  freertos.o(i.StartDefaultTask)
    SysTick_Handler                          0x08004177   Thumb Code     4  stm32f4xx_it.o(i.SysTick_Handler)
    SystemClock_Config                       0x0800417d   Thumb Code   150  main.o(i.SystemClock_Config)
    SystemInit                               0x0800421d   Thumb Code    66  system_stm32f4xx.o(i.SystemInit)
    SystemState_Inite                        0x08004271   Thumb Code    18  systemstate.o(i.SystemState_Inite)
    TIM1_UP_TIM10_IRQHandler                 0x0800428d   Thumb Code     6  stm32f4xx_it.o(i.TIM1_UP_TIM10_IRQHandler)
    TIM3_IRQHandler                          0x08004299   Thumb Code     6  stm32f4xx_it.o(i.TIM3_IRQHandler)
    TIM6_DAC_IRQHandler                      0x080042a5   Thumb Code     6  stm32f4xx_it.o(i.TIM6_DAC_IRQHandler)
    TIM8_BRK_TIM12_IRQHandler                0x080042b1   Thumb Code     6  stm32f4xx_it.o(i.TIM8_BRK_TIM12_IRQHandler)
    TIM_Base_SetConfig                       0x080042bd   Thumb Code   148  stm32f4xx_hal_tim.o(i.TIM_Base_SetConfig)
    TIM_CCxChannelCmd                        0x0800437d   Thumb Code    22  stm32f4xx_hal_tim.o(i.TIM_CCxChannelCmd)
    TIM_OC2_SetConfig                        0x08004411   Thumb Code    90  stm32f4xx_hal_tim.o(i.TIM_OC2_SetConfig)
    UART4_IRQHandler                         0x0800456d   Thumb Code    90  stm32f4xx_it.o(i.UART4_IRQHandler)
    UART8_IRQHandler                         0x080045d5   Thumb Code    90  stm32f4xx_it.o(i.UART8_IRQHandler)
    USART1_IRQHandler                        0x08004b01   Thumb Code   102  stm32f4xx_it.o(i.USART1_IRQHandler)
    USART2_IRQHandler                        0x08004b79   Thumb Code   106  stm32f4xx_it.o(i.USART2_IRQHandler)
    USART3_IRQHandler                        0x08004bf9   Thumb Code    28  stm32f4xx_it.o(i.USART3_IRQHandler)
    UsageFault_Handler                       0x08004c19   Thumb Code     2  stm32f4xx_it.o(i.UsageFault_Handler)
    Vibration_Read                           0x08004c1d   Thumb Code   200  test_task.o(i.Vibration_Read)
    __scatterload_copy                       0x08004ce9   Thumb Code    14  handlers.o(i.__scatterload_copy)
    __scatterload_null                       0x08004cf7   Thumb Code     2  handlers.o(i.__scatterload_null)
    __scatterload_zeroinit                   0x08004cf9   Thumb Code    14  handlers.o(i.__scatterload_zeroinit)
    abs_limit                                0x08004d07   Thumb Code    42  pid.o(i.abs_limit)
    get_moto_measure_3508                    0x08004d31   Thumb Code    72  motor_use_can.o(i.get_moto_measure_3508)
    get_moto_measure_6623                    0x08004d79   Thumb Code    68  motor_use_can.o(i.get_moto_measure_6623)
    get_moto_offset                          0x08004dbd   Thumb Code    12  motor_use_can.o(i.get_moto_offset)
    gimbal_pid_init                          0x08004dc9   Thumb Code   126  gimbal_task.o(i.gimbal_pid_init)
    light_reset                              0x08004e61   Thumb Code    74  test_task.o(i.light_reset)
    main                                     0x08004eb1   Thumb Code    30  main.o(i.main)
    osDelay                                  0x08004edb   Thumb Code    14  cmsis_os.o(i.osDelay)
    osDelayUntil                             0x08004ee9   Thumb Code    14  cmsis_os.o(i.osDelayUntil)
    osKernelStart                            0x08004ef7   Thumb Code    10  cmsis_os.o(i.osKernelStart)
    osSystickHandler                         0x08004f01   Thumb Code    20  cmsis_os.o(i.osSystickHandler)
    osThreadCreate                           0x08004f15   Thumb Code    56  cmsis_os.o(i.osThreadCreate)
    pid_calc                                 0x08004f4d   Thumb Code   448  pid.o(i.pid_calc)
    pvPortMalloc                             0x080052b5   Thumb Code   210  heap_4.o(i.pvPortMalloc)
    pxPortInitialiseStack                    0x0800538d   Thumb Code    36  port.o(i.pxPortInitialiseStack)
    rand_light                               0x080053b5   Thumb Code   218  test_task.o(i.rand_light)
    testTask                                 0x08005495   Thumb Code    70  test_task.o(i.testTask)
    time_check                               0x080054e5   Thumb Code    88  test_task.o(i.time_check)
    uxListRemove                             0x08005541   Thumb Code    36  list.o(i.uxListRemove)
    vListInitialise                          0x08005565   Thumb Code    22  list.o(i.vListInitialise)
    vListInitialiseItem                      0x0800557b   Thumb Code     6  list.o(i.vListInitialiseItem)
    vListInsert                              0x08005581   Thumb Code    48  list.o(i.vListInsert)
    vListInsertEnd                           0x080055b1   Thumb Code    24  list.o(i.vListInsertEnd)
    vPortEnterCritical                       0x080055c9   Thumb Code    54  port.o(i.vPortEnterCritical)
    vPortExitCritical                        0x08005609   Thumb Code    34  port.o(i.vPortExitCritical)
    vPortFree                                0x08005631   Thumb Code    88  heap_4.o(i.vPortFree)
    vPortSetupTimerInterrupt                 0x0800568d   Thumb Code    26  port.o(i.vPortSetupTimerInterrupt)
    vPortValidateInterruptPriority           0x080056ad   Thumb Code    74  port.o(i.vPortValidateInterruptPriority)
    vTaskDelay                               0x08005701   Thumb Code    94  tasks.o(i.vTaskDelay)
    vTaskDelayUntil                          0x08005769   Thumb Code   158  tasks.o(i.vTaskDelayUntil)
    vTaskNotifyGiveFromISR                   0x08005811   Thumb Code   170  tasks.o(i.vTaskNotifyGiveFromISR)
    vTaskStartScheduler                      0x080058c5   Thumb Code    90  tasks.o(i.vTaskStartScheduler)
    vTaskSuspendAll                          0x08005931   Thumb Code    10  tasks.o(i.vTaskSuspendAll)
    vTaskSwitchContext                       0x08005941   Thumb Code   110  tasks.o(i.vTaskSwitchContext)
    xPortStartScheduler                      0x080059bd   Thumb Code   202  port.o(i.xPortStartScheduler)
    xPortSysTickHandler                      0x08005a9d   Thumb Code    38  port.o(i.xPortSysTickHandler)
    xTaskGenericCreate                       0x08005ac9   Thumb Code   434  tasks.o(i.xTaskGenericCreate)
    xTaskGetSchedulerState                   0x08005c89   Thumb Code    22  tasks.o(i.xTaskGetSchedulerState)
    xTaskGetTickCount                        0x08005ca5   Thumb Code     6  tasks.o(i.xTaskGetTickCount)
    xTaskIncrementTick                       0x08005cb1   Thumb Code   194  tasks.o(i.xTaskIncrementTick)
    xTaskResumeAll                           0x08005d7d   Thumb Code   182  tasks.o(i.xTaskResumeAll)
    APBAHBPrescTable                         0x08005ea4   Data          16  stm32f4xx_hal_rcc.o(.constdata)
    Region$$Table$$Base                      0x08005eec   Number         0  anon$$obj.o(Region$$Table)
    Region$$Table$$Limit                     0x08005f0c   Number         0  anon$$obj.o(Region$$Table)
    rrand_count                              0x20000000   Data           4  main.o(.data)
    defaultTaskHandle                        0x20000004   Data           4  freertos.o(.data)
    testTaskHandle                           0x20000008   Data           4  freertos.o(.data)
    RemoteDataTaskHandle                     0x2000000c   Data           4  freertos.o(.data)
    GimbalTaskHandle                         0x20000010   Data           4  freertos.o(.data)
    MiniPCDataTaskHandle                     0x20000014   Data           4  freertos.o(.data)
    RemoteData_flag                          0x20000018   Data           1  stm32f4xx_it.o(.data)
    lk_count                                 0x2000001c   Data           4  stm32f4xx_it.o(.data)
    lk_count1                                0x20000020   Data           4  stm32f4xx_it.o(.data)
    gimbal_disable_flg                       0x2000002c   Data           1  gimbal_task.o(.data)
    Set_speed_z                              0x20000034   Data           4  gimbal_task.o(.data)
    u_send_jy                                0x20000038   Data           4  gimbal_task.o(.data)
    WS_Status                                0x2000003c   Data           1  data_pro_task.o(.data)
    WS_Flag                                  0x2000003d   Data           1  data_pro_task.o(.data)
    WS_fl_count                              0x2000003e   Data           1  data_pro_task.o(.data)
    FC_Flag                                  0x2000003f   Data           1  data_pro_task.o(.data)
    shot_anjian_counter                      0x20000040   Data           1  data_pro_task.o(.data)
    shot_frequency                           0x20000041   Data           1  data_pro_task.o(.data)
    press_counter                            0x20000042   Data           1  data_pro_task.o(.data)
    chassis_gimble_Mode_flg                  0x20000043   Data           1  data_pro_task.o(.data)
    XY_speed_max                             0x20000044   Data           2  data_pro_task.o(.data)
    XY_speed_min                             0x20000046   Data           2  data_pro_task.o(.data)
    LED_rand                                 0x200002c0   Data           1  test_task.o(.data)
    aaaa                                     0x200002c1   Data           1  test_task.o(.data)
    reset_count                              0x200002c4   Data           4  test_task.o(.data)
    LED1                                     0x200002c8   Data           4  test_task.o(.data)
    LED2                                     0x200002cc   Data           4  test_task.o(.data)
    LED3                                     0x200002d0   Data           4  test_task.o(.data)
    LED4                                     0x200002d4   Data           4  test_task.o(.data)
    LED5                                     0x200002d8   Data           4  test_task.o(.data)
    Micro_Tick                               0x200002dc   Data           4  test_task.o(.data)
    FreeRTOSRunTimeTicks                     0x200002e8   Data           8  bsp.o(.data)
    MPU_id                                   0x200002f4   Data           1  communication.o(.data)
    stcAcc                                   0x20000308   Data           8  communication.o(.data)
    stcGyro                                  0x20000310   Data           8  communication.o(.data)
    stcAngle                                 0x20000318   Data           8  communication.o(.data)
    UART8_RX_NUM                             0x2000032e   Data           2  communication.o(.data)
    UART4_RX_NUM                             0x20000330   Data           2  communication.o(.data)
    pxCurrentTCB                             0x20000334   Data           4  tasks.o(.data)
    SystemCoreClock                          0x20000398   Data           4  system_stm32f4xx.o(.data)
    uwTick                                   0x2000039c   Data           4  stm32f4xx_hal.o(.data)
    pid_yaw                                  0x200003a4   Data         128  gimbal_task.o(.bss)
    pid_pit                                  0x20000424   Data         128  gimbal_task.o(.bss)
    pid_yaw_spd                              0x200004a4   Data         128  gimbal_task.o(.bss)
    pid_pit_spd                              0x20000524   Data         128  gimbal_task.o(.bss)
    yaw_set                                  0x200005a4   Data          16  gimbal_task.o(.bss)
    yaw_set_follow                           0x200005b4   Data          16  gimbal_task.o(.bss)
    pit_set                                  0x200005c4   Data          16  gimbal_task.o(.bss)
    hspi5                                    0x200005d4   Data          88  spi.o(.bss)
    hadc1                                    0x2000062c   Data          72  adc.o(.bss)
    hdma_adc1                                0x20000674   Data          96  adc.o(.bss)
    hdma_tim5_ch2                            0x200006d4   Data          96  tim.o(.bss)
    htim5                                    0x20000734   Data          60  tim.o(.bss)
    htim12                                   0x20000770   Data          60  tim.o(.bss)
    htim3                                    0x200007ac   Data          60  tim.o(.bss)
    htim6                                    0x200007e8   Data          60  tim.o(.bss)
    hcan1                                    0x200008a4   Data          64  can.o(.bss)
    hcan2                                    0x200008e4   Data          64  can.o(.bss)
    huart1                                   0x20000924   Data          64  usart.o(.bss)
    huart2                                   0x20000964   Data          64  usart.o(.bss)
    huart3                                   0x200009a4   Data          64  usart.o(.bss)
    huart4                                   0x200009e4   Data          64  usart.o(.bss)
    huart6                                   0x20000a24   Data          64  usart.o(.bss)
    huart8                                   0x20000a64   Data          64  usart.o(.bss)
    hdma_usart1_rx                           0x20000aa4   Data          96  usart.o(.bss)
    hdma_usart2_rx                           0x20000b04   Data          96  usart.o(.bss)
    hdma_uart4_rx                            0x20000b64   Data          96  usart.o(.bss)
    hdma_usart6_rx                           0x20000bc4   Data          96  usart.o(.bss)
    hdma_uart8_rx                            0x20000c24   Data          96  usart.o(.bss)
    moto_dial_get                            0x20000c84   Data          60  motor_use_can.o(.bss)
    moto_M_get                               0x20000cc0   Data         120  motor_use_can.o(.bss)
    pit_get                                  0x20000d38   Data          60  motor_use_can.o(.bss)
    yaw_get                                  0x20000d74   Data          60  motor_use_can.o(.bss)
    uhADCxConvertedValue                     0x20000db0   Data          40  power_restriction.o(.bss)
    current_get                              0x20000dd8   Data          68  power_restriction.o(.bss)
    time_for_RP                              0x20000e20   Data          24  power_restriction.o(.bss)
    SystemState                              0x20000e38   Data          20  systemstate.o(.bss)
    g_Time_DeviceOutLine                     0x20000e4c   Data          48  systemstate.o(.bss)
    g_Time_TASKOutLine                       0x20000e7c   Data          28  systemstate.o(.bss)
    ptr_jy61_t_yaw                           0x20000e98   Data          56  communication.o(.bss)
    ptr_jy61_t_pit                           0x20000ed0   Data          56  communication.o(.bss)
    ptr_jy61_t_angular_velocity              0x20000f08   Data          56  communication.o(.bss)
    imu_data                                 0x20000f40   Data          20  communication.o(.bss)
    imu_data_offest                          0x20000f54   Data          20  communication.o(.bss)
    USART1_RX_DATA                           0x20000f98   Data          18  communication.o(.bss)
    UART4_RX_DATA                            0x20000faa   Data          33  communication.o(.bss)
    gy_data_filter                           0x20000fcc   Data          10  communication.o(.bss)
    gz_data_filter                           0x20000fd6   Data          10  communication.o(.bss)
    RC_Ctl                                   0x20000fe0   Data          20  communication.o(.bss)
    minipc_rx                                0x20000ff4   Data          12  minipc.o(.bss)
    USART2_RX_DATA                           0x20001000   Data           9  minipc.o(.bss)
    htim1                                    0x20004cfc   Data          60  stm32f4xx_hal.o(.bss)
    __initial_sp                             0x20005138   Data           0  startup_stm32f427xx.o(STACK)



==============================================================================

Memory Map of the image

  Image Entry point : 0x080001ad

  Load Region LR_IROM1 (Base: 0x08000000, Size: 0x000062b0, Max: 0x00200000, ABSOLUTE, COMPRESSED[0x00005f54])

    Execution Region ER_IROM1 (Base: 0x08000000, Size: 0x00005f0c, Max: 0x00200000, ABSOLUTE)

    Base Addr    Size         Type   Attr      Idx    E Section Name        Object

    0x08000000   0x000001ac   Data   RO         3235    RESET               startup_stm32f427xx.o
    0x080001ac   0x00000000   Code   RO         6136  * .ARM.Collect$$$$00000000  mc_w.l(entry.o)
    0x080001ac   0x00000004   Code   RO         6453    .ARM.Collect$$$$00000001  mc_w.l(entry2.o)
    0x080001b0   0x00000004   Code   RO         6456    .ARM.Collect$$$$00000004  mc_w.l(entry5.o)
    0x080001b4   0x00000000   Code   RO         6458    .ARM.Collect$$$$00000008  mc_w.l(entry7b.o)
    0x080001b4   0x00000000   Code   RO         6460    .ARM.Collect$$$$0000000A  mc_w.l(entry8b.o)
    0x080001b4   0x00000008   Code   RO         6461    .ARM.Collect$$$$0000000B  mc_w.l(entry9a.o)
    0x080001bc   0x00000000   Code   RO         6463    .ARM.Collect$$$$0000000D  mc_w.l(entry10a.o)
    0x080001bc   0x00000000   Code   RO         6465    .ARM.Collect$$$$0000000F  mc_w.l(entry11a.o)
    0x080001bc   0x00000004   Code   RO         6454    .ARM.Collect$$$$00002712  mc_w.l(entry2.o)
    0x080001c0   0x000000ba   Code   RO         3168    .emb_text           port.o
    0x0800027a   0x00000002   PAD
    0x0800027c   0x00000024   Code   RO         3236    .text               startup_stm32f427xx.o
    0x080002a0   0x00000024   Code   RO         6139    .text               mc_w.l(rand.o)
    0x080002c4   0x00000024   Code   RO         6142    .text               mc_w.l(memcpya.o)
    0x080002e8   0x00000024   Code   RO         6144    .text               mc_w.l(memseta.o)
    0x0800030c   0x0000014e   Code   RO         6441    .text               mf_w.l(dadd.o)
    0x0800045a   0x000000de   Code   RO         6443    .text               mf_w.l(ddiv.o)
    0x08000538   0x00000022   Code   RO         6445    .text               mf_w.l(dflti.o)
    0x0800055a   0x0000001a   Code   RO         6447    .text               mf_w.l(dfltui.o)
    0x08000574   0x00000038   Code   RO         6451    .text               mf_w.l(d2f.o)
    0x080005ac   0x0000001e   Code   RO         6472    .text               mc_w.l(llshl.o)
    0x080005ca   0x00000024   Code   RO         6474    .text               mc_w.l(llsshr.o)
    0x080005ee   0x00000000   Code   RO         6478    .text               mc_w.l(iusefp.o)
    0x080005ee   0x0000006e   Code   RO         6479    .text               mf_w.l(fepilogue.o)
    0x0800065c   0x000000ba   Code   RO         6481    .text               mf_w.l(depilogue.o)
    0x08000716   0x00000002   PAD
    0x08000718   0x00000024   Code   RO         6489    .text               mc_w.l(init.o)
    0x0800073c   0x00000020   Code   RO         6491    .text               mc_w.l(llushr.o)
    0x0800075c   0x00000056   Code   RO         6501    .text               mc_w.l(__dczerorl2.o)
    0x080007b2   0x00000062   Code   RO         5864    i.ADC_DMAConvCplt   stm32f4xx_hal_adc.o
    0x08000814   0x00000016   Code   RO         5865    i.ADC_DMAError      stm32f4xx_hal_adc.o
    0x0800082a   0x0000000a   Code   RO         5866    i.ADC_DMAHalfConvCplt  stm32f4xx_hal_adc.o
    0x08000834   0x00000134   Code   RO         5867    i.ADC_Init          stm32f4xx_hal_adc.o
    0x08000968   0x00000100   Code   RO          962    i.BSP_Init          bsp.o
    0x08000a68   0x00000002   Code   RO          376    i.BusFault_Handler  stm32f4xx_it.o
    0x08000a6a   0x00000002   PAD
    0x08000a6c   0x0000000c   Code   RO          377    i.CAN1_RX0_IRQHandler  stm32f4xx_it.o
    0x08000a78   0x0000000c   Code   RO          378    i.CAN2_RX0_IRQHandler  stm32f4xx_it.o
    0x08000a84   0x0000012c   Code   RO         4028    i.CAN_Receive_IT    stm32f4xx_hal_can.o
    0x08000bb0   0x00000050   Code   RO         1179    i.CanFilter_Init    can.o
    0x08000c00   0x00000010   Code   RO          963    i.ConfigureTimerForRunTimeStats  bsp.o
    0x08000c10   0x0000000c   Code   RO          379    i.DMA1_Stream2_IRQHandler  stm32f4xx_it.o
    0x08000c1c   0x0000000c   Code   RO          380    i.DMA1_Stream4_IRQHandler  stm32f4xx_it.o
    0x08000c28   0x0000000c   Code   RO          381    i.DMA1_Stream5_IRQHandler  stm32f4xx_it.o
    0x08000c34   0x0000000c   Code   RO          382    i.DMA1_Stream6_IRQHandler  stm32f4xx_it.o
    0x08000c40   0x0000000c   Code   RO          383    i.DMA2_Stream1_IRQHandler  stm32f4xx_it.o
    0x08000c4c   0x0000000c   Code   RO          384    i.DMA2_Stream2_IRQHandler  stm32f4xx_it.o
    0x08000c58   0x0000000c   Code   RO          385    i.DMA2_Stream4_IRQHandler  stm32f4xx_it.o
    0x08000c64   0x00000028   Code   RO         5479    i.DMA_CalcBaseAndBitshift  stm32f4xx_hal_dma.o
    0x08000c8c   0x00000054   Code   RO         5480    i.DMA_CheckFifoParam  stm32f4xx_hal_dma.o
    0x08000ce0   0x00000028   Code   RO         5481    i.DMA_SetConfig     stm32f4xx_hal_dma.o
    0x08000d08   0x00000002   Code   RO          386    i.DebugMon_Handler  stm32f4xx_it.o
    0x08000d0a   0x00000006   Code   RO          387    i.EXTI0_IRQHandler  stm32f4xx_it.o
    0x08000d10   0x00000008   Code   RO          388    i.EXTI15_10_IRQHandler  stm32f4xx_it.o
    0x08000d18   0x00000006   Code   RO          389    i.EXTI1_IRQHandler  stm32f4xx_it.o
    0x08000d1e   0x00000006   Code   RO          390    i.EXTI2_IRQHandler  stm32f4xx_it.o
    0x08000d24   0x00000006   Code   RO          391    i.EXTI4_IRQHandler  stm32f4xx_it.o
    0x08000d2a   0x00000008   Code   RO          392    i.EXTI9_5_IRQHandler  stm32f4xx_it.o
    0x08000d32   0x00000002   Code   RO            4    i.Error_Handler     main.o
    0x08000d34   0x0000004c   Code   RO         1879    i.GetSystemTimer    systemstate.o
    0x08000d80   0x00000160   Code   RO          696    i.Gimbal_Contrl_Task  gimbal_task.o
    0x08000ee0   0x00000154   Code   RO         5869    i.HAL_ADC_ConfigChannel  stm32f4xx_hal_adc.o
    0x08001034   0x00000002   Code   RO         5870    i.HAL_ADC_ConvCpltCallback  stm32f4xx_hal_adc.o
    0x08001036   0x00000002   Code   RO         5871    i.HAL_ADC_ConvHalfCpltCallback  stm32f4xx_hal_adc.o
    0x08001038   0x00000002   Code   RO         5873    i.HAL_ADC_ErrorCallback  stm32f4xx_hal_adc.o
    0x0800103a   0x00000054   Code   RO         5878    i.HAL_ADC_Init      stm32f4xx_hal_adc.o
    0x0800108e   0x00000002   PAD
    0x08001090   0x0000007c   Code   RO         1066    i.HAL_ADC_MspInit   adc.o
    0x0800110c   0x000000fc   Code   RO         5885    i.HAL_ADC_Start_DMA  stm32f4xx_hal_adc.o
    0x08001208   0x000000e4   Code   RO         4029    i.HAL_CAN_ConfigFilter  stm32f4xx_hal_can.o
    0x080012ec   0x00000040   Code   RO         4034    i.HAL_CAN_IRQHandler  stm32f4xx_hal_can.o
    0x0800132c   0x00000148   Code   RO         4035    i.HAL_CAN_Init      stm32f4xx_hal_can.o
    0x08001474   0x000000c0   Code   RO         1181    i.HAL_CAN_MspInit   can.o
    0x08001534   0x00000086   Code   RO         4039    i.HAL_CAN_Receive_IT  stm32f4xx_hal_can.o
    0x080015ba   0x00000002   PAD
    0x080015bc   0x00000124   Code   RO          393    i.HAL_CAN_RxCpltCallback  stm32f4xx_it.o
    0x080016e0   0x00000024   Code   RO         5483    i.HAL_DMA_Abort_IT  stm32f4xx_hal_dma.o
    0x08001704   0x000001a8   Code   RO         5487    i.HAL_DMA_IRQHandler  stm32f4xx_hal_dma.o
    0x080018ac   0x000000d0   Code   RO         5488    i.HAL_DMA_Init      stm32f4xx_hal_dma.o
    0x0800197c   0x00000046   Code   RO         5491    i.HAL_DMA_Start     stm32f4xx_hal_dma.o
    0x080019c2   0x00000078   Code   RO         5492    i.HAL_DMA_Start_IT  stm32f4xx_hal_dma.o
    0x08001a3a   0x00000016   Code   RO         4743    i.HAL_Delay         stm32f4xx_hal.o
    0x08001a50   0x0000006c   Code   RO          394    i.HAL_GPIO_EXTI_Callback  stm32f4xx_it.o
    0x08001abc   0x00000018   Code   RO         3964    i.HAL_GPIO_EXTI_IRQHandler  stm32f4xx_hal_gpio.o
    0x08001ad4   0x000001cc   Code   RO         3965    i.HAL_GPIO_Init     stm32f4xx_hal_gpio.o
    0x08001ca0   0x0000000a   Code   RO         3967    i.HAL_GPIO_ReadPin  stm32f4xx_hal_gpio.o
    0x08001caa   0x0000000a   Code   RO         3969    i.HAL_GPIO_WritePin  stm32f4xx_hal_gpio.o
    0x08001cb4   0x0000000c   Code   RO         4751    i.HAL_GetTick       stm32f4xx_hal.o
    0x08001cc0   0x00000010   Code   RO         4752    i.HAL_IncTick       stm32f4xx_hal.o
    0x08001cd0   0x00000034   Code   RO         4753    i.HAL_Init          stm32f4xx_hal.o
    0x08001d04   0x00000074   Code   RO         4754    i.HAL_InitTick      stm32f4xx_hal.o
    0x08001d78   0x00000058   Code   RO          627    i.HAL_MspInit       stm32f4xx_hal_msp.o
    0x08001dd0   0x00000016   Code   RO         4516    i.HAL_NVIC_EnableIRQ  stm32f4xx_hal_cortex.o
    0x08001de6   0x00000002   PAD
    0x08001de8   0x00000040   Code   RO         4522    i.HAL_NVIC_SetPriority  stm32f4xx_hal_cortex.o
    0x08001e28   0x00000024   Code   RO         4523    i.HAL_NVIC_SetPriorityGrouping  stm32f4xx_hal_cortex.o
    0x08001e4c   0x0000017c   Code   RO         5136    i.HAL_RCC_ClockConfig  stm32f4xx_hal_rcc.o
    0x08001fc8   0x00000040   Code   RO         5140    i.HAL_RCC_GetClockConfig  stm32f4xx_hal_rcc.o
    0x08002008   0x0000000c   Code   RO         5141    i.HAL_RCC_GetHCLKFreq  stm32f4xx_hal_rcc.o
    0x08002014   0x00000030   Code   RO         5143    i.HAL_RCC_GetPCLK1Freq  stm32f4xx_hal_rcc.o
    0x08002044   0x00000030   Code   RO         5144    i.HAL_RCC_GetPCLK2Freq  stm32f4xx_hal_rcc.o
    0x08002074   0x00000074   Code   RO         5145    i.HAL_RCC_GetSysClockFreq  stm32f4xx_hal_rcc.o
    0x080020e8   0x000002e4   Code   RO         5148    i.HAL_RCC_OscConfig  stm32f4xx_hal_rcc.o
    0x080023cc   0x00000080   Code   RO         5593    i.HAL_SPI_Init      stm32f4xx_hal_spi.o
    0x0800244c   0x0000004c   Code   RO         1024    i.HAL_SPI_MspInit   spi.o
    0x08002498   0x000001d8   Code   RO         5602    i.HAL_SPI_TransmitReceive  stm32f4xx_hal_spi.o
    0x08002670   0x00000018   Code   RO         4525    i.HAL_SYSTICK_CLKSourceConfig  stm32f4xx_hal_cortex.o
    0x08002688   0x00000028   Code   RO         4527    i.HAL_SYSTICK_Config  stm32f4xx_hal_cortex.o
    0x080026b0   0x00000002   Code   RO         5240    i.HAL_TIMEx_BreakCallback  stm32f4xx_hal_tim_ex.o
    0x080026b2   0x00000002   Code   RO         5241    i.HAL_TIMEx_CommutationCallback  stm32f4xx_hal_tim_ex.o
    0x080026b4   0x00000050   Code   RO         5257    i.HAL_TIMEx_MasterConfigSynchronization  stm32f4xx_hal_tim_ex.o
    0x08002704   0x00000036   Code   RO         3315    i.HAL_TIM_Base_Init  stm32f4xx_hal_tim.o
    0x0800273a   0x00000002   PAD
    0x0800273c   0x000000a4   Code   RO         1107    i.HAL_TIM_Base_MspInit  tim.o
    0x080027e0   0x00000018   Code   RO         3320    i.HAL_TIM_Base_Start_IT  stm32f4xx_hal_tim.o
    0x080027f8   0x000000f2   Code   RO         3324    i.HAL_TIM_ConfigClockSource  stm32f4xx_hal_tim.o
    0x080028ea   0x00000002   Code   RO         3344    i.HAL_TIM_IC_CaptureCallback  stm32f4xx_hal_tim.o
    0x080028ec   0x00000166   Code   RO         3357    i.HAL_TIM_IRQHandler  stm32f4xx_hal_tim.o
    0x08002a52   0x00000002   PAD
    0x08002a54   0x0000004c   Code   RO         1108    i.HAL_TIM_MspPostInit  tim.o
    0x08002aa0   0x00000002   Code   RO         3360    i.HAL_TIM_OC_DelayElapsedCallback  stm32f4xx_hal_tim.o
    0x08002aa2   0x000000d0   Code   RO         3381    i.HAL_TIM_PWM_ConfigChannel  stm32f4xx_hal_tim.o
    0x08002b72   0x00000036   Code   RO         3384    i.HAL_TIM_PWM_Init  stm32f4xx_hal_tim.o
    0x08002ba8   0x00000068   Code   RO         1110    i.HAL_TIM_PWM_MspInit  tim.o
    0x08002c10   0x0000000c   Code   RO          395    i.HAL_TIM_PWM_PulseFinishedCallback  stm32f4xx_it.o
    0x08002c1c   0x00000090   Code   RO         3392    i.HAL_TIM_PWM_Stop_DMA  stm32f4xx_hal_tim.o
    0x08002cac   0x00000098   Code   RO          396    i.HAL_TIM_PeriodElapsedCallback  stm32f4xx_it.o
    0x08002d44   0x00000002   Code   RO         3398    i.HAL_TIM_TriggerCallback  stm32f4xx_hal_tim.o
    0x08002d46   0x00000002   Code   RO         4278    i.HAL_UART_ErrorCallback  stm32f4xx_hal_uart.o
    0x08002d48   0x00000110   Code   RO         4281    i.HAL_UART_IRQHandler  stm32f4xx_hal_uart.o
    0x08002e58   0x00000062   Code   RO         4282    i.HAL_UART_Init     stm32f4xx_hal_uart.o
    0x08002eba   0x00000002   PAD
    0x08002ebc   0x0000031c   Code   RO         1283    i.HAL_UART_MspInit  usart.o
    0x080031d8   0x0000008c   Code   RO         4286    i.HAL_UART_Receive_DMA  stm32f4xx_hal_uart.o
    0x08003264   0x00000002   Code   RO          397    i.HAL_UART_RxCpltCallback  stm32f4xx_it.o
    0x08003266   0x000000ba   Code   RO         4290    i.HAL_UART_Transmit  stm32f4xx_hal_uart.o
    0x08003320   0x00000002   Code   RO         4293    i.HAL_UART_TxCpltCallback  stm32f4xx_hal_uart.o
    0x08003322   0x00000002   Code   RO          398    i.HardFault_Handler  stm32f4xx_it.o
    0x08003324   0x000000b4   Code   RO         1898    i.IMU_Get_Data      communication.o
    0x080033d8   0x00000230   Code   RO         1902    i.JY61_Data_Pro     communication.o
    0x08003608   0x00000034   Code   RO         1638    i.Limit_filter      power_restriction.o
    0x0800363c   0x000000e4   Code   RO         1903    i.MPU6500_Init      communication.o
    0x08003720   0x00000050   Code   RO         1904    i.MPU6500_Read_Reg  communication.o
    0x08003770   0x0000005c   Code   RO         1905    i.MPU6500_Read_Regs  communication.o
    0x080037cc   0x00000054   Code   RO         1908    i.MPU6500_Write_Reg  communication.o
    0x08003820   0x00000058   Code   RO         1067    i.MX_ADC1_Init      adc.o
    0x08003878   0x00000044   Code   RO         1182    i.MX_CAN1_Init      can.o
    0x080038bc   0x00000044   Code   RO         1183    i.MX_CAN2_Init      can.o
    0x08003900   0x0000008c   Code   RO         1258    i.MX_DMA_Init       dma.o
    0x0800398c   0x00000068   Code   RO          296    i.MX_FREERTOS_Init  freertos.o
    0x080039f4   0x000002a8   Code   RO         1234    i.MX_GPIO_Init      gpio.o
    0x08003c9c   0x00000048   Code   RO         1025    i.MX_SPI5_Init      spi.o
    0x08003ce4   0x00000044   Code   RO         1111    i.MX_TIM12_Init     tim.o
    0x08003d28   0x0000002c   Code   RO         1112    i.MX_TIM3_Init      tim.o
    0x08003d54   0x00000070   Code   RO         1113    i.MX_TIM5_Init      tim.o
    0x08003dc4   0x00000030   Code   RO         1114    i.MX_TIM6_Init      tim.o
    0x08003df4   0x00000038   Code   RO         1284    i.MX_UART4_Init     usart.o
    0x08003e2c   0x00000038   Code   RO         1285    i.MX_UART8_Init     usart.o
    0x08003e64   0x0000003c   Code   RO         1286    i.MX_USART1_UART_Init  usart.o
    0x08003ea0   0x00000038   Code   RO         1287    i.MX_USART2_UART_Init  usart.o
    0x08003ed8   0x00000038   Code   RO         1288    i.MX_USART3_UART_Init  usart.o
    0x08003f10   0x00000038   Code   RO         1289    i.MX_USART6_UART_Init  usart.o
    0x08003f48   0x00000002   Code   RO          399    i.MemManage_Handler  stm32f4xx_it.o
    0x08003f4a   0x00000002   PAD
    0x08003f4c   0x00000010   Code   RO          837    i.Motor1            test_task.o
    0x08003f5c   0x00000010   Code   RO          838    i.Motor1_Dis        test_task.o
    0x08003f6c   0x00000010   Code   RO          839    i.Motor2            test_task.o
    0x08003f7c   0x00000010   Code   RO          840    i.Motor2_Dis        test_task.o
    0x08003f8c   0x00000010   Code   RO          841    i.Motor3            test_task.o
    0x08003f9c   0x00000010   Code   RO          842    i.Motor3_Dis        test_task.o
    0x08003fac   0x00000010   Code   RO          843    i.Motor4            test_task.o
    0x08003fbc   0x00000010   Code   RO          844    i.Motor4_Dis        test_task.o
    0x08003fcc   0x00000010   Code   RO          845    i.Motor5            test_task.o
    0x08003fdc   0x00000010   Code   RO          846    i.Motor5_Dis        test_task.o
    0x08003fec   0x00000002   Code   RO          400    i.NMI_Handler       stm32f4xx_it.o
    0x08003fee   0x00000020   Code   RO         4529    i.NVIC_SetPriority  stm32f4xx_hal_cortex.o
    0x0800400e   0x00000002   PAD
    0x08004010   0x00000018   Code   RO         1535    i.PID_struct_init   pid.o
    0x08004028   0x00000018   Code   RO         1823    i.RefreshDeviceOutLineTime  systemstate.o
    0x08004040   0x00000010   Code   RO         1824    i.RefreshSysTime    systemstate.o
    0x08004050   0x00000018   Code   RO         1825    i.RefreshTaskOutLineTime  systemstate.o
    0x08004068   0x00000050   Code   RO          752    i.Remote_Data_Task  data_pro_task.o
    0x080040b8   0x00000020   Code   RO         5615    i.SPI_CheckFlag_BSY  stm32f4xx_hal_spi.o
    0x080040d8   0x00000096   Code   RO         5631    i.SPI_WaitFlagStateUntilTimeout  stm32f4xx_hal_spi.o
    0x0800416e   0x00000008   Code   RO          297    i.StartDefaultTask  freertos.o
    0x08004176   0x00000004   Code   RO          401    i.SysTick_Handler   stm32f4xx_it.o
    0x0800417a   0x00000002   PAD
    0x0800417c   0x000000a0   Code   RO            5    i.SystemClock_Config  main.o
    0x0800421c   0x00000054   Code   RO         3244    i.SystemInit        system_stm32f4xx.o
    0x08004270   0x0000001c   Code   RO         1826    i.SystemState_Inite  systemstate.o
    0x0800428c   0x0000000c   Code   RO          402    i.TIM1_UP_TIM10_IRQHandler  stm32f4xx_it.o
    0x08004298   0x0000000c   Code   RO          403    i.TIM3_IRQHandler   stm32f4xx_it.o
    0x080042a4   0x0000000c   Code   RO          404    i.TIM6_DAC_IRQHandler  stm32f4xx_it.o
    0x080042b0   0x0000000c   Code   RO          405    i.TIM8_BRK_TIM12_IRQHandler  stm32f4xx_it.o
    0x080042bc   0x000000c0   Code   RO         3399    i.TIM_Base_SetConfig  stm32f4xx_hal_tim.o
    0x0800437c   0x00000016   Code   RO         3400    i.TIM_CCxChannelCmd  stm32f4xx_hal_tim.o
    0x08004392   0x00000014   Code   RO         3406    i.TIM_ETR_SetConfig  stm32f4xx_hal_tim.o
    0x080043a6   0x00000010   Code   RO         3407    i.TIM_ITRx_SetConfig  stm32f4xx_hal_tim.o
    0x080043b6   0x00000002   PAD
    0x080043b8   0x00000058   Code   RO         3408    i.TIM_OC1_SetConfig  stm32f4xx_hal_tim.o
    0x08004410   0x00000064   Code   RO         3409    i.TIM_OC2_SetConfig  stm32f4xx_hal_tim.o
    0x08004474   0x00000060   Code   RO         3410    i.TIM_OC3_SetConfig  stm32f4xx_hal_tim.o
    0x080044d4   0x00000050   Code   RO         3411    i.TIM_OC4_SetConfig  stm32f4xx_hal_tim.o
    0x08004524   0x00000022   Code   RO         3413    i.TIM_TI1_ConfigInputStage  stm32f4xx_hal_tim.o
    0x08004546   0x00000024   Code   RO         3415    i.TIM_TI2_ConfigInputStage  stm32f4xx_hal_tim.o
    0x0800456a   0x00000002   PAD
    0x0800456c   0x00000068   Code   RO          406    i.UART4_IRQHandler  stm32f4xx_it.o
    0x080045d4   0x00000068   Code   RO          407    i.UART8_IRQHandler  stm32f4xx_it.o
    0x0800463c   0x00000010   Code   RO         4295    i.UART_DMAAbortOnError  stm32f4xx_hal_uart.o
    0x0800464c   0x0000004a   Code   RO         4296    i.UART_DMAError     stm32f4xx_hal_uart.o
    0x08004696   0x0000003c   Code   RO         4297    i.UART_DMAReceiveCplt  stm32f4xx_hal_uart.o
    0x080046d2   0x0000001c   Code   RO         4300    i.UART_EndRxTransfer  stm32f4xx_hal_uart.o
    0x080046ee   0x00000012   Code   RO         4301    i.UART_EndTxTransfer  stm32f4xx_hal_uart.o
    0x08004700   0x0000008c   Code   RO         4302    i.UART_Receive_IT   stm32f4xx_hal_uart.o
    0x0800478c   0x000002ac   Code   RO         4303    i.UART_SetConfig    stm32f4xx_hal_uart.o
    0x08004a38   0x00000062   Code   RO         4304    i.UART_Transmit_IT  stm32f4xx_hal_uart.o
    0x08004a9a   0x00000064   Code   RO         4305    i.UART_WaitOnFlagUntilTimeout  stm32f4xx_hal_uart.o
    0x08004afe   0x00000002   PAD
    0x08004b00   0x00000078   Code   RO          408    i.USART1_IRQHandler  stm32f4xx_it.o
    0x08004b78   0x00000080   Code   RO          409    i.USART2_IRQHandler  stm32f4xx_it.o
    0x08004bf8   0x00000020   Code   RO          410    i.USART3_IRQHandler  stm32f4xx_it.o
    0x08004c18   0x00000002   Code   RO          411    i.UsageFault_Handler  stm32f4xx_it.o
    0x08004c1a   0x00000002   PAD
    0x08004c1c   0x000000cc   Code   RO          847    i.Vibration_Read    test_task.o
    0x08004ce8   0x0000000e   Code   RO         6495    i.__scatterload_copy  mc_w.l(handlers.o)
    0x08004cf6   0x00000002   Code   RO         6496    i.__scatterload_null  mc_w.l(handlers.o)
    0x08004cf8   0x0000000e   Code   RO         6497    i.__scatterload_zeroinit  mc_w.l(handlers.o)
    0x08004d06   0x0000002a   Code   RO         1536    i.abs_limit         pid.o
    0x08004d30   0x00000048   Code   RO         1433    i.get_moto_measure_3508  motor_use_can.o
    0x08004d78   0x00000044   Code   RO         1434    i.get_moto_measure_6623  motor_use_can.o
    0x08004dbc   0x0000000c   Code   RO         1435    i.get_moto_offset   motor_use_can.o
    0x08004dc8   0x00000098   Code   RO          697    i.gimbal_pid_init   gimbal_task.o
    0x08004e60   0x00000050   Code   RO          848    i.light_reset       test_task.o
    0x08004eb0   0x0000001e   Code   RO            6    i.main              main.o
    0x08004ece   0x0000000c   Code   RO         2180    i.makeFreeRtosPriority  cmsis_os.o
    0x08004eda   0x0000000e   Code   RO         2181    i.osDelay           cmsis_os.o
    0x08004ee8   0x0000000e   Code   RO         2182    i.osDelayUntil      cmsis_os.o
    0x08004ef6   0x0000000a   Code   RO         2184    i.osKernelStart     cmsis_os.o
    0x08004f00   0x00000014   Code   RO         2213    i.osSystickHandler  cmsis_os.o
    0x08004f14   0x00000038   Code   RO         2214    i.osThreadCreate    cmsis_os.o
    0x08004f4c   0x000001c4   Code   RO         1537    i.pid_calc          pid.o
    0x08005110   0x0000000e   Code   RO         1538    i.pid_param_init    pid.o
    0x0800511e   0x00000006   Code   RO         1539    i.pid_reset         pid.o
    0x08005124   0x00000034   Code   RO         2511    i.prvAddCurrentTaskToDelayedList  tasks.o
    0x08005158   0x00000054   Code   RO         2512    i.prvCheckTasksWaitingTermination  tasks.o
    0x080051ac   0x0000004c   Code   RO         2991    i.prvHeapInit       heap_4.o
    0x080051f8   0x00000028   Code   RO         2513    i.prvIdleTask       tasks.o
    0x08005220   0x0000004c   Code   RO         2992    i.prvInsertBlockIntoFreeList  heap_4.o
    0x0800526c   0x00000020   Code   RO         2515    i.prvResetNextTaskUnblockTime  tasks.o
    0x0800528c   0x00000028   Code   RO         3169    i.prvTaskExitError  port.o
    0x080052b4   0x000000d8   Code   RO         2993    i.pvPortMalloc      heap_4.o
    0x0800538c   0x00000028   Code   RO         3170    i.pxPortInitialiseStack  port.o
    0x080053b4   0x000000e0   Code   RO          850    i.rand_light        test_task.o
    0x08005494   0x00000050   Code   RO          851    i.testTask          test_task.o
    0x080054e4   0x0000005c   Code   RO          852    i.time_check        test_task.o
    0x08005540   0x00000024   Code   RO         3132    i.uxListRemove      list.o
    0x08005564   0x00000016   Code   RO         3133    i.vListInitialise   list.o
    0x0800557a   0x00000006   Code   RO         3134    i.vListInitialiseItem  list.o
    0x08005580   0x00000030   Code   RO         3135    i.vListInsert       list.o
    0x080055b0   0x00000018   Code   RO         3136    i.vListInsertEnd    list.o
    0x080055c8   0x00000040   Code   RO         3172    i.vPortEnterCritical  port.o
    0x08005608   0x00000028   Code   RO         3173    i.vPortExitCritical  port.o
    0x08005630   0x0000005c   Code   RO         2994    i.vPortFree         heap_4.o
    0x0800568c   0x00000020   Code   RO         3174    i.vPortSetupTimerInterrupt  port.o
    0x080056ac   0x00000054   Code   RO         3175    i.vPortValidateInterruptPriority  port.o
    0x08005700   0x00000068   Code   RO         2526    i.vTaskDelay        tasks.o
    0x08005768   0x000000a8   Code   RO         2527    i.vTaskDelayUntil   tasks.o
    0x08005810   0x000000b4   Code   RO         2533    i.vTaskNotifyGiveFromISR  tasks.o
    0x080058c4   0x0000006c   Code   RO         2541    i.vTaskStartScheduler  tasks.o
    0x08005930   0x00000010   Code   RO         2543    i.vTaskSuspendAll   tasks.o
    0x08005940   0x0000007c   Code   RO         2544    i.vTaskSwitchContext  tasks.o
    0x080059bc   0x000000e0   Code   RO         3176    i.xPortStartScheduler  port.o
    0x08005a9c   0x0000002c   Code   RO         3177    i.xPortSysTickHandler  port.o
    0x08005ac8   0x000001c0   Code   RO         2546    i.xTaskGenericCreate  tasks.o
    0x08005c88   0x0000001c   Code   RO         2550    i.xTaskGetSchedulerState  tasks.o
    0x08005ca4   0x0000000c   Code   RO         2551    i.xTaskGetTickCount  tasks.o
    0x08005cb0   0x000000cc   Code   RO         2553    i.xTaskIncrementTick  tasks.o
    0x08005d7c   0x000000c4   Code   RO         2559    i.xTaskResumeAll    tasks.o
    0x08005e40   0x00000050   Data   RO          298    .constdata          freertos.o
    0x08005e90   0x00000014   Data   RO         1915    .constdata          communication.o
    0x08005ea4   0x00000010   Data   RO         5149    .constdata          stm32f4xx_hal_rcc.o
    0x08005eb4   0x00000008   Data   RO         5494    .constdata          stm32f4xx_hal_dma.o
    0x08005ebc   0x00000030   Data   RO          299    .conststring        freertos.o
    0x08005eec   0x00000020   Data   RO         6493    Region$$Table       anon$$obj.o


    Execution Region RW_IRAM1 (Base: 0x20000000, Size: 0x00005138, Max: 0x00030000, ABSOLUTE, COMPRESSED[0x00000048])

    Base Addr    Size         Type   Attr      Idx    E Section Name        Object

    0x20000000   0x00000004   Data   RW            7    .data               main.o
    0x20000004   0x00000010   Data   RW          300    .data               freertos.o
    0x20000014   0x00000004   Data   RW          304    .data               freertos.o
    0x20000018   0x00000014   Data   RW          412    .data               stm32f4xx_it.o
    0x2000002c   0x00000010   Data   RW          705    .data               gimbal_task.o
    0x2000003c   0x00000282   Data   RW          756    .data               data_pro_task.o
    0x200002be   0x00000002   PAD
    0x200002c0   0x0000001c   Data   RW          860    .data               test_task.o
    0x200002dc   0x00000004   Data   RW          861    .data               test_task.o
    0x200002e0   0x00000010   Data   RW          969    .data               bsp.o
    0x200002f0   0x00000004   Data   RW         1185    .data               can.o
    0x200002f4   0x0000003a   Data   RW         1916    .data               communication.o
    0x2000032e   0x00000002   Data   RW         1919    .data               communication.o
    0x20000330   0x00000002   Data   RW         1920    .data               communication.o
    0x20000332   0x00000002   PAD
    0x20000334   0x00000040   Data   RW         2562    .data               tasks.o
    0x20000374   0x00000018   Data   RW         2999    .data               heap_4.o
    0x2000038c   0x0000000c   Data   RW         3178    .data               port.o
    0x20000398   0x00000004   Data   RW         3246    .data               system_stm32f4xx.o
    0x2000039c   0x00000004   Data   RW         4761    .data               stm32f4xx_hal.o
    0x200003a0   0x00000004   Data   RW         6140    .data               mc_w.l(rand.o)
    0x200003a4   0x00000230   Zero   RW          698    .bss                gimbal_task.o
    0x200005d4   0x00000058   Zero   RW         1026    .bss                spi.o
    0x2000062c   0x000000a8   Zero   RW         1068    .bss                adc.o
    0x200006d4   0x00000150   Zero   RW         1115    .bss                tim.o
    0x20000824   0x00000100   Zero   RW         1184    .bss                can.o
    0x20000924   0x00000360   Zero   RW         1294    .bss                usart.o
    0x20000c84   0x0000003c   Zero   RW         1438    .bss                motor_use_can.o
    0x20000cc0   0x00000078   Zero   RW         1439    .bss                motor_use_can.o
    0x20000d38   0x0000003c   Zero   RW         1440    .bss                motor_use_can.o
    0x20000d74   0x0000003c   Zero   RW         1441    .bss                motor_use_can.o
    0x20000db0   0x00000088   Zero   RW         1649    .bss                power_restriction.o
    0x20000e38   0x00000060   Zero   RW         1829    .bss                systemstate.o
    0x20000e98   0x0000015c   Zero   RW         1912    .bss                communication.o
    0x20000ff4   0x00000015   Zero   RW         2021    .bss                minipc.o
    0x20001009   0x00000003   PAD
    0x2000100c   0x000000f0   Zero   RW         2561    .bss                tasks.o
    0x200010fc   0x00003c00   Zero   RW         2998    .bss                heap_4.o
    0x20004cfc   0x0000003c   Zero   RW         4759    .bss                stm32f4xx_hal.o
    0x20004d38   0x00000400   Zero   RW         3233    STACK               startup_stm32f427xx.o


==============================================================================

Image component sizes


      Code (inc. data)   RO Data    RW Data    ZI Data      Debug   Object Name

       212         34          0          0        168       1687   adc.o
       272         48          0         16          0       2184   bsp.o
       408         46          0          4        256       3055   can.o
       126          0          0          0          0      14439   cmsis_os.o
      1224         92         20         62        348      13216   communication.o
        80          8          0        642          0       4897   data_pro_task.o
       140          4          0          0          0        834   dma.o
       112          8        128         20          0       6556   freertos.o
       504         66          0         16        560       4744   gimbal_task.o
       680         40          0          0          0       1355   gpio.o
       460         24          0         24      15360       7219   heap_4.o
       136          0          0          0          0       3542   list.o
       192         10          0          4          0     394250   main.o
         0          0          0          0         21       1231   minipc.o
       152          0          0          0        300       3726   motor_use_can.o
       538         12          0          0          0       5332   pid.o
       754         84          0         12          0       9281   port.o
        52          0          0          0        136       2820   power_restriction.o
       148         22          0          0         88       1597   spi.o
        36          8        428          0       1024        796   startup_stm32f427xx.o
       218         32          0          4         60       4522   stm32f4xx_hal.o
      1120         48          0          0          0       7233   stm32f4xx_hal_adc.o
      1054         10          0          0          0       4740   stm32f4xx_hal_can.o
       218         14          0          0          0      31037   stm32f4xx_hal_cortex.o
      1022         22          8          0          0       7346   stm32f4xx_hal_dma.o
       504         58          0          0          0       3822   stm32f4xx_hal_gpio.o
        88          0          0          0          0        522   stm32f4xx_hal_msp.o
      1408         90         16          0          0       6560   stm32f4xx_hal_rcc.o
       782          0          0          0          0       4409   stm32f4xx_hal_spi.o
      1774         90          0          0          0      15273   stm32f4xx_hal_tim.o
        84          0          0          0          0       2414   stm32f4xx_hal_tim_ex.o
      1918         24          0          0          0      11700   stm32f4xx_hal_uart.o
      1266        244          0         20          0      25456   stm32f4xx_it.o
        84         18          0          4          0       1337   system_stm32f4xx.o
       168         38          0          0         96       4578   systemstate.o
      1796        146          0         64        240      27514   tasks.o
       840         96          0         32          0       9263   test_task.o
       616         84          0          0        336       4741   tim.o
      1136        120          0          0        864       5664   usart.o

    ----------------------------------------------------------------------
     22352       1640        632        928      19860     660892   Object Totals
         0          0         32          0          0          0   (incl. Generated)
        30          0          0          4          3          0   (incl. Padding)

    ----------------------------------------------------------------------

      Code (inc. data)   RO Data    RW Data    ZI Data      Debug   Library Member Name

        86          0          0          0          0          0   __dczerorl2.o
         0          0          0          0          0          0   entry.o
         0          0          0          0          0          0   entry10a.o
         0          0          0          0          0          0   entry11a.o
         8          4          0          0          0          0   entry2.o
         4          0          0          0          0          0   entry5.o
         0          0          0          0          0          0   entry7b.o
         0          0          0          0          0          0   entry8b.o
         8          4          0          0          0          0   entry9a.o
        30          0          0          0          0          0   handlers.o
        36          8          0          0          0         68   init.o
         0          0          0          0          0          0   iusefp.o
        30          0          0          0          0         68   llshl.o
        36          0          0          0          0         68   llsshr.o
        32          0          0          0          0         68   llushr.o
        36          0          0          0          0         68   memcpya.o
        36          0          0          0          0        108   memseta.o
        36         10          0          4          0        136   rand.o
        56          0          0          0          0         88   d2f.o
       334          0          0          0          0        148   dadd.o
       222          0          0          0          0        100   ddiv.o
       186          0          0          0          0        176   depilogue.o
        34          0          0          0          0         76   dflti.o
        26          0          0          0          0         76   dfltui.o
       110          0          0          0          0        168   fepilogue.o

    ----------------------------------------------------------------------
      1348         26          0          4          0       1416   Library Totals
         2          0          0          0          0          0   (incl. Padding)

    ----------------------------------------------------------------------

      Code (inc. data)   RO Data    RW Data    ZI Data      Debug   Library Name

       378         26          0          4          0        584   mc_w.l
       968          0          0          0          0        832   mf_w.l

    ----------------------------------------------------------------------
      1348         26          0          4          0       1416   Library Totals

    ----------------------------------------------------------------------

==============================================================================


      Code (inc. data)   RO Data    RW Data    ZI Data      Debug   

     23700       1666        632        932      19860     639868   Grand Totals
     23700       1666        632         72      19860     639868   ELF Image Totals (compressed)
     23700       1666        632         72          0          0   ROM Totals

==============================================================================

    Total RO  Size (Code + RO Data)                24332 (  23.76kB)
    Total RW  Size (RW Data + ZI Data)             20792 (  20.30kB)
    Total ROM Size (Code + RO Data + RW Data)      24404 (  23.83kB)

==============================================================================

