Component: ARM Compiler 5.06 update 3 (build 300) Tool: armlink [4d35c9]

==============================================================================

Section Cross References

    main.o(i.SystemClock_Config) refers to stm32f4xx_hal_rcc.o(i.HAL_RCC_OscConfig) for HAL_RCC_OscConfig
    main.o(i.SystemClock_Config) refers to stm32f4xx_hal_rcc.o(i.HAL_RCC_ClockConfig) for HAL_RCC_ClockConfig
    main.o(i.SystemClock_Config) refers to stm32f4xx_hal_rcc.o(i.HAL_RCC_GetHCLKFreq) for HAL_RCC_GetHCLKFreq
    main.o(i.SystemClock_Config) refers to stm32f4xx_hal_cortex.o(i.HAL_SYSTICK_Config) for HAL_SYSTICK_Config
    main.o(i.SystemClock_Config) refers to stm32f4xx_hal_cortex.o(i.HAL_SYSTICK_CLKSourceConfig) for HAL_SYSTICK_CLKSourceConfig
    main.o(i.SystemClock_Config) refers to stm32f4xx_hal_cortex.o(i.HAL_NVIC_SetPriority) for HAL_NVIC_SetPriority
    main.o(i.main) refers to stm32f4xx_hal.o(i.HAL_Init) for HAL_Init
    main.o(i.main) refers to main.o(i.SystemClock_Config) for SystemClock_Config
    main.o(i.main) refers to port.o(i.vPortEnterCritical) for vPortEnterCritical
    main.o(i.main) refers to bsp.o(i.BSP_Init) for BSP_Init
    main.o(i.main) refers to freertos.o(i.MX_FREERTOS_Init) for MX_FREERTOS_Init
    main.o(i.main) refers to port.o(i.vPortExitCritical) for vPortExitCritical
    main.o(i.main) refers to cmsis_os.o(i.osKernelStart) for osKernelStart
    freertos.o(i.MX_FREERTOS_Init) refers to memcpya.o(.text) for __aeabi_memcpy4
    freertos.o(i.MX_FREERTOS_Init) refers to cmsis_os.o(i.osThreadCreate) for osThreadCreate
    freertos.o(i.MX_FREERTOS_Init) refers to freertos.o(.constdata) for .constdata
    freertos.o(i.MX_FREERTOS_Init) refers to freertos.o(.data) for .data
    freertos.o(i.StartDefaultTask) refers to cmsis_os.o(i.osDelay) for osDelay
    freertos.o(.constdata) refers to freertos.o(.conststring) for .conststring
    freertos.o(.constdata) refers to freertos.o(i.StartDefaultTask) for StartDefaultTask
    freertos.o(.constdata) refers to chassis_task.o(i.Chassis_Contrl_Task) for Chassis_Contrl_Task
    freertos.o(.constdata) refers to data_pro_task.o(i.MiniPC_Data_task) for MiniPC_Data_task
    stm32f4xx_it.o(i.CAN1_RX0_IRQHandler) refers to stm32f4xx_hal_can.o(i.HAL_CAN_IRQHandler) for HAL_CAN_IRQHandler
    stm32f4xx_it.o(i.CAN1_RX0_IRQHandler) refers to can.o(.bss) for hcan1
    stm32f4xx_it.o(i.CAN2_RX0_IRQHandler) refers to stm32f4xx_hal_can.o(i.HAL_CAN_IRQHandler) for HAL_CAN_IRQHandler
    stm32f4xx_it.o(i.CAN2_RX0_IRQHandler) refers to can.o(.bss) for hcan2
    stm32f4xx_it.o(i.DMA1_Stream0_IRQHandler) refers to stm32f4xx_hal_dma.o(i.HAL_DMA_IRQHandler) for HAL_DMA_IRQHandler
    stm32f4xx_it.o(i.DMA1_Stream0_IRQHandler) refers to usart.o(.bss) for hdma_usart5_rx
    stm32f4xx_it.o(i.DMA1_Stream1_IRQHandler) refers to stm32f4xx_hal_dma.o(i.HAL_DMA_IRQHandler) for HAL_DMA_IRQHandler
    stm32f4xx_it.o(i.DMA1_Stream1_IRQHandler) refers to usart.o(.bss) for hdma_usart3_rx
    stm32f4xx_it.o(i.DMA1_Stream2_IRQHandler) refers to stm32f4xx_hal_dma.o(i.HAL_DMA_IRQHandler) for HAL_DMA_IRQHandler
    stm32f4xx_it.o(i.DMA1_Stream2_IRQHandler) refers to usart.o(.bss) for hdma_usart4_rx
    stm32f4xx_it.o(i.DMA1_Stream5_IRQHandler) refers to stm32f4xx_hal_dma.o(i.HAL_DMA_IRQHandler) for HAL_DMA_IRQHandler
    stm32f4xx_it.o(i.DMA1_Stream5_IRQHandler) refers to usart.o(.bss) for hdma_usart2_rx
    stm32f4xx_it.o(i.DMA2_Stream0_IRQHandler) refers to stm32f4xx_hal_dma.o(i.HAL_DMA_IRQHandler) for HAL_DMA_IRQHandler
    stm32f4xx_it.o(i.DMA2_Stream0_IRQHandler) refers to adc.o(.bss) for hdma_adc1
    stm32f4xx_it.o(i.DMA2_Stream2_IRQHandler) refers to stm32f4xx_hal_dma.o(i.HAL_DMA_IRQHandler) for HAL_DMA_IRQHandler
    stm32f4xx_it.o(i.DMA2_Stream2_IRQHandler) refers to usart.o(.bss) for hdma_usart1_rx
    stm32f4xx_it.o(i.EXTI1_IRQHandler) refers to stm32f4xx_hal_gpio.o(i.HAL_GPIO_EXTI_IRQHandler) for HAL_GPIO_EXTI_IRQHandler
    stm32f4xx_it.o(i.EXTI2_IRQHandler) refers to stm32f4xx_hal_gpio.o(i.HAL_GPIO_EXTI_IRQHandler) for HAL_GPIO_EXTI_IRQHandler
    stm32f4xx_it.o(i.EXTI9_5_IRQHandler) refers to stm32f4xx_hal_gpio.o(i.HAL_GPIO_EXTI_IRQHandler) for HAL_GPIO_EXTI_IRQHandler
    stm32f4xx_it.o(i.HAL_CAN_RxFifo0MsgPendingCallback) refers to stm32f4xx_hal_can.o(i.HAL_CAN_GetRxMessage) for HAL_CAN_GetRxMessage
    stm32f4xx_it.o(i.HAL_CAN_RxFifo0MsgPendingCallback) refers to systemstate.o(i.RefreshDeviceOutLineTime) for RefreshDeviceOutLineTime
    stm32f4xx_it.o(i.HAL_CAN_RxFifo0MsgPendingCallback) refers to motor_use_can.o(i.CAN_RX_YT) for CAN_RX_YT
    stm32f4xx_it.o(i.HAL_CAN_RxFifo0MsgPendingCallback) refers to motor_use_can.o(i.CAN_RX_YK) for CAN_RX_YK
    stm32f4xx_it.o(i.HAL_CAN_RxFifo0MsgPendingCallback) refers to motor_use_can.o(i.CAN_RX_ERROR) for CAN_RX_ERROR
    stm32f4xx_it.o(i.HAL_CAN_RxFifo0MsgPendingCallback) refers to motor_use_can.o(i.get_moto_offset) for get_moto_offset
[...]
    i.CanFilter_Init                         0x080005dc   Section        0  can.o(i.CanFilter_Init)
    i.Chassis_Contrl_Task                    0x08000618   Section        0  chassis_task.o(i.Chassis_Contrl_Task)
    i.Chassis_pid_init                       0x08000654   Section        0  chassis_task.o(i.Chassis_pid_init)
    i.Cloud_Platform_Motor                   0x0800070c   Section        0  motor_use_can.o(i.Cloud_Platform_Motor)
    i.DMA1_Stream0_IRQHandler                0x0800074c   Section        0  stm32f4xx_it.o(i.DMA1_Stream0_IRQHandler)
    i.DMA1_Stream1_IRQHandler                0x08000764   Section        0  stm32f4xx_it.o(i.DMA1_Stream1_IRQHandler)
    i.DMA1_Stream2_IRQHandler                0x0800077c   Section        0  stm32f4xx_it.o(i.DMA1_Stream2_IRQHandler)
    i.DMA1_Stream5_IRQHandler                0x08000794   Section        0  stm32f4xx_it.o(i.DMA1_Stream5_IRQHandler)
    i.DMA2_Stream0_IRQHandler                0x080007ac   Section        0  stm32f4xx_it.o(i.DMA2_Stream0_IRQHandler)
    i.DMA2_Stream2_IRQHandler                0x080007b8   Section        0  stm32f4xx_it.o(i.DMA2_Stream2_IRQHandler)
    i.DMA_CalcBaseAndBitshift                0x080007d0   Section        0  stm32f4xx_hal_dma.o(i.DMA_CalcBaseAndBitshift)
    DMA_CalcBaseAndBitshift                  0x080007d1   Thumb Code    34  stm32f4xx_hal_dma.o(i.DMA_CalcBaseAndBitshift)
    i.DMA_CheckFifoParam                     0x080007f8   Section        0  stm32f4xx_hal_dma.o(i.DMA_CheckFifoParam)
    DMA_CheckFifoParam                       0x080007f9   Thumb Code    84  stm32f4xx_hal_dma.o(i.DMA_CheckFifoParam)
    i.DMA_SetConfig                          0x0800084c   Section        0  stm32f4xx_hal_dma.o(i.DMA_SetConfig)
    DMA_SetConfig                            0x0800084d   Thumb Code    40  stm32f4xx_hal_dma.o(i.DMA_SetConfig)
    i.DebugMon_Handler                       0x08000874   Section        0  stm32f4xx_it.o(i.DebugMon_Handler)
    i.EXTI1_IRQHandler                       0x08000876   Section        0  stm32f4xx_it.o(i.EXTI1_IRQHandler)
    i.EXTI2_IRQHandler                       0x0800087c   Section        0  stm32f4xx_it.o(i.EXTI2_IRQHandler)
    i.EXTI9_5_IRQHandler                     0x08000882   Section        0  stm32f4xx_it.o(i.EXTI9_5_IRQHandler)
    i.Get_MiniPC_Data                        0x08000894   Section        0  minipc.o(i.Get_MiniPC_Data)
    i.HAL_ADC_ConfigChannel                  0x080008bc   Section        0  stm32f4xx_hal_adc.o(i.HAL_ADC_ConfigChannel)
    i.HAL_ADC_Init                           0x08000a08   Section        0  stm32f4xx_hal_adc.o(i.HAL_ADC_Init)
    i.HAL_ADC_MspInit                        0x08000a5c   Section        0  adc.o(i.HAL_ADC_MspInit)
    i.HAL_ADC_Start                          0x08000b38   Section        0  stm32f4xx_hal_adc.o(i.HAL_ADC_Start)
    i.HAL_CAN_ActivateNotification           0x08000bf4   Section        0  stm32f4xx_hal_can.o(i.HAL_CAN_ActivateNotification)
    i.HAL_CAN_AddTxMessage                   0x08000c1c   Section        0  stm32f4xx_hal_can.o(i.HAL_CAN_AddTxMessage)
    i.HAL_CAN_ConfigFilter                   0x08000ce4   Section        0  stm32f4xx_hal_can.o(i.HAL_CAN_ConfigFilter)
    i.HAL_CAN_ErrorCallback                  0x08000df0   Section        0  stm32f4xx_hal_can.o(i.HAL_CAN_ErrorCallback)
    i.HAL_CAN_GetRxMessage                   0x08000df2   Section        0  stm32f4xx_hal_can.o(i.HAL_CAN_GetRxMessage)
    i.HAL_CAN_IRQHandler                     0x08000eec   Section        0  stm32f4xx_hal_can.o(i.HAL_CAN_IRQHandler)
    i.HAL_CAN_Init                           0x080010e8   Section        0  stm32f4xx_hal_can.o(i.HAL_CAN_Init)
    i.HAL_CAN_MspInit                        0x08001204   Section        0  can.o(i.HAL_CAN_MspInit)
    i.HAL_CAN_RxFifo0FullCallback            0x080012c4   Section        0  stm32f4xx_hal_can.o(i.HAL_CAN_RxFifo0FullCallback)
    i.HAL_CAN_RxFifo0MsgPendingCallback      0x080012c8   Section        0  stm32f4xx_it.o(i.HAL_CAN_RxFifo0MsgPendingCallback)
    i.HAL_CAN_RxFifo1FullCallback            0x080013c0   Section        0  stm32f4xx_hal_can.o(i.HAL_CAN_RxFifo1FullCallback)
    i.HAL_CAN_RxFifo1MsgPendingCallback      0x080013c2   Section        0  stm32f4xx_hal_can.o(i.HAL_CAN_RxFifo1MsgPendingCallback)
    i.HAL_CAN_SleepCallback                  0x080013c4   Section        0  stm32f4xx_hal_can.o(i.HAL_CAN_SleepCallback)
    i.HAL_CAN_Start                          0x080013c8   Section        0  stm32f4xx_hal_can.o(i.HAL_CAN_Start)
    i.HAL_CAN_TxMailbox0AbortCallback        0x08001420   Section        0  stm32f4xx_hal_can.o(i.HAL_CAN_TxMailbox0AbortCallback)
    i.HAL_CAN_TxMailbox0CompleteCallback     0x08001422   Section        0  stm32f4xx_hal_can.o(i.HAL_CAN_TxMailbox0CompleteCallback)
    i.HAL_CAN_TxMailbox1AbortCallback        0x08001424   Section        0  stm32f4xx_hal_can.o(i.HAL_CAN_TxMailbox1AbortCallback)
    i.HAL_CAN_TxMailbox1CompleteCallback     0x08001426   Section        0  stm32f4xx_hal_can.o(i.HAL_CAN_TxMailbox1CompleteCallback)
    i.HAL_CAN_TxMailbox2AbortCallback        0x08001428   Section        0  stm32f4xx_hal_can.o(i.HAL_CAN_TxMailbox2AbortCallback)
    i.HAL_CAN_TxMailbox2CompleteCallback     0x0800142a   Section        0  stm32f4xx_hal_can.o(i.HAL_CAN_TxMailbox2CompleteCallback)
    i.HAL_CAN_WakeUpFromRxMsgCallback        0x0800142c   Section        0  stm32f4xx_hal_can.o(i.HAL_CAN_WakeUpFromRxMsgCallback)
    i.HAL_DMA_IRQHandler                     0x08001430   Section        0  stm32f4xx_hal_dma.o(i.HAL_DMA_IRQHandler)
    i.HAL_DMA_Init                           0x080015d0   Section        0  stm32f4xx_hal_dma.o(i.HAL_DMA_Init)
    i.HAL_DMA_Start_IT                       0x080016a4   Section        0  stm32f4xx_hal_dma.o(i.HAL_DMA_Start_IT)
    i.HAL_Delay                              0x0800171c   Section        0  stm32f4xx_hal.o(i.HAL_Delay)
    i.HAL_GPIO_EXTI_Callback                 0x08001740   Section        0  stm32f4xx_it.o(i.HAL_GPIO_EXTI_Callback)
    i.HAL_GPIO_EXTI_IRQHandler               0x08001744   Section        0  stm32f4xx_hal_gpio.o(i.HAL_GPIO_EXTI_IRQHandler)
    i.HAL_GPIO_Init                          0x0800175c   Section        0  stm32f4xx_hal_gpio.o(i.HAL_GPIO_Init)
    i.HAL_GetTick                            0x0800190c   Section        0  stm32f4xx_hal.o(i.HAL_GetTick)
    i.HAL_IncTick                            0x08001918   Section        0  stm32f4xx_hal.o(i.HAL_IncTick)
    i.HAL_Init                               0x08001928   Section        0  stm32f4xx_hal.o(i.HAL_Init)
    i.HAL_InitTick                           0x0800195c   Section        0  stm32f4xx_hal_timebase_tim.o(i.HAL_InitTick)
    i.HAL_MspInit                            0x080019d0   Section        0  stm32f4xx_hal_msp.o(i.HAL_MspInit)
    i.HAL_NVIC_EnableIRQ                     0x08001a54   Section        0  stm32f4xx_hal_cortex.o(i.HAL_NVIC_EnableIRQ)
    i.HAL_NVIC_SetPriority                   0x08001a6c   Section        0  stm32f4xx_hal_cortex.o(i.HAL_NVIC_SetPriority)
    i.HAL_NVIC_SetPriorityGrouping           0x08001aac   Section        0  stm32f4xx_hal_cortex.o(i.HAL_NVIC_SetPriorityGrouping)
    i.HAL_RCC_ClockConfig                    0x08001ad0   Section        0  stm32f4xx_hal_rcc.o(i.HAL_RCC_ClockConfig)
    i.HAL_RCC_GetClockConfig                 0x08001c00   Section        0  stm32f4xx_hal_rcc.o(i.HAL_RCC_GetClockConfig)
    i.HAL_RCC_GetHCLKFreq                    0x08001c40   Section        0  stm32f4xx_hal_rcc.o(i.HAL_RCC_GetHCLKFreq)
    i.HAL_RCC_GetPCLK1Freq                   0x08001c4c   Section        0  stm32f4xx_hal_rcc.o(i.HAL_RCC_GetPCLK1Freq)
    i.HAL_RCC_GetPCLK2Freq                   0x08001c6c   Section        0  stm32f4xx_hal_rcc.o(i.HAL_RCC_GetPCLK2Freq)
    i.HAL_RCC_GetSysClockFreq                0x08001c8c   Section        0  stm32f4xx_hal_rcc.o(i.HAL_RCC_GetSysClockFreq)
    i.HAL_RCC_OscConfig                      0x08001cf0   Section        0  stm32f4xx_hal_rcc.o(i.HAL_RCC_OscConfig)
    i.HAL_SYSTICK_CLKSourceConfig            0x0800200c   Section        0  stm32f4xx_hal_cortex.o(i.HAL_SYSTICK_CLKSourceConfig)
    i.HAL_SYSTICK_Config                     0x08002024   Section        0  stm32f4xx_hal_cortex.o(i.HAL_SYSTICK_Config)
    i.HAL_TIMEx_BreakCallback                0x0800204c   Section        0  stm32f4xx_hal_tim_ex.o(i.HAL_TIMEx_BreakCallback)
    i.HAL_TIMEx_CommutationCallback          0x0800204e   Section        0  stm32f4xx_hal_tim_ex.o(i.HAL_TIMEx_CommutationCallback)
    i.HAL_TIMEx_MasterConfigSynchronization  0x08002050   Section        0  stm32f4xx_hal_tim_ex.o(i.HAL_TIMEx_MasterConfigSynchronization)
    i.HAL_TIM_Base_Init                      0x080020a0   Section        0  stm32f4xx_hal_tim.o(i.HAL_TIM_Base_Init)
    i.HAL_TIM_Base_MspInit                   0x080020d8   Section        0  tim.o(i.HAL_TIM_Base_MspInit)
    i.HAL_TIM_Base_Start_IT                  0x08002150   Section        0  stm32f4xx_hal_tim.o(i.HAL_TIM_Base_Start_IT)
    i.HAL_TIM_ConfigClockSource              0x08002168   Section        0  stm32f4xx_hal_tim.o(i.HAL_TIM_ConfigClockSource)
    i.HAL_TIM_IC_CaptureCallback             0x0800225a   Section        0  stm32f4xx_hal_tim.o(i.HAL_TIM_IC_CaptureCallback)
    i.HAL_TIM_IRQHandler                     0x0800225c   Section        0  stm32f4xx_hal_tim.o(i.HAL_TIM_IRQHandler)
    i.HAL_TIM_OC_DelayElapsedCallback        0x080023c2   Section        0  stm32f4xx_hal_tim.o(i.HAL_TIM_OC_DelayElapsedCallback)
    i.HAL_TIM_PWM_PulseFinishedCallback      0x080023c4   Section        0  stm32f4xx_hal_tim.o(i.HAL_TIM_PWM_PulseFinishedCallback)
    i.HAL_TIM_PeriodElapsedCallback          0x080023c8   Section        0  stm32f4xx_it.o(i.HAL_TIM_PeriodElapsedCallback)
    i.HAL_TIM_TriggerCallback                0x080023f0   Section        0  stm32f4xx_hal_tim.o(i.HAL_TIM_TriggerCallback)
    i.HAL_UART_ErrorCallback                 0x080023f4   Section        0  stm32f4xx_it.o(i.HAL_UART_ErrorCallback)
    i.HAL_UART_Init                          0x08002420   Section        0  stm32f4xx_hal_uart.o(i.HAL_UART_Init)
    i.HAL_UART_MspInit                       0x08002484   Section        0  usart.o(i.HAL_UART_MspInit)
    i.HAL_UART_Receive_DMA                   0x08002760   Section        0  stm32f4xx_hal_uart.o(i.HAL_UART_Receive_DMA)
    i.HAL_UART_RxCpltCallback                0x080027f8   Section        0  stm32f4xx_it.o(i.HAL_UART_RxCpltCallback)
    i.HAL_UART_RxHalfCpltCallback            0x08002850   Section        0  stm32f4xx_hal_uart.o(i.HAL_UART_RxHalfCpltCallback)
    i.HardFault_Handler                      0x08002852   Section        0  stm32f4xx_it.o(i.HardFault_Handler)
    i.MX_ADC1_Init                           0x08002854   Section        0  adc.o(i.MX_ADC1_Init)
    i.MX_ADC2_Init                           0x080028c4   Section        0  adc.o(i.MX_ADC2_Init)
    i.MX_ADC3_Init                           0x08002934   Section        0  adc.o(i.MX_ADC3_Init)
    i.MX_CAN1_Init                           0x080029a4   Section        0  can.o(i.MX_CAN1_Init)
    i.MX_CAN2_Init                           0x08002a00   Section        0  can.o(i.MX_CAN2_Init)
    i.MX_DMA_Init                            0x08002a5c   Section        0  dma.o(i.MX_DMA_Init)
    i.MX_FREERTOS_Init                       0x08002ae8   Section        0  freertos.o(i.MX_FREERTOS_Init)
    i.MX_GPIO_Init                           0x08002b3c   Section        0  gpio.o(i.MX_GPIO_Init)
    i.MX_TIM2_Init                           0x08002c6c   Section        0  tim.o(i.MX_TIM2_Init)
    i.MX_TIM4_Init                           0x08002cdc   Section        0  tim.o(i.MX_TIM4_Init)
    i.MX_UART4_Init                          0x08002d4c   Section        0  usart.o(i.MX_UART4_Init)
    i.MX_UART5_Init                          0x08002d98   Section        0  usart.o(i.MX_UART5_Init)
    i.MX_USART1_UART_Init                    0x08002de4   Section        0  usart.o(i.MX_USART1_UART_Init)
    i.MX_USART2_UART_Init                    0x08002e30   Section        0  usart.o(i.MX_USART2_UART_Init)
    i.MX_USART3_UART_Init                    0x08002e7c   Section        0  usart.o(i.MX_USART3_UART_Init)
    i.MX_USART6_UART_Init                    0x08002ec8   Section        0  usart.o(i.MX_USART6_UART_Init)
    i.MemManage_Handler                      0x08002f14   Section        0  stm32f4xx_it.o(i.MemManage_Handler)
    i.MiniPC_Data_task                       0x08002f18   Section        0  data_pro_task.o(i.MiniPC_Data_task)
    i.Minipc_Pid_Init                        0x08002f48   Section        0  data_pro_task.o(i.Minipc_Pid_Init)
    i.NMI_Handler                            0x08002f9c   Section        0  stm32f4xx_it.o(i.NMI_Handler)
    i.NVIC_SetPriority                       0x08002f9e   Section        0  stm32f4xx_hal_cortex.o(i.NVIC_SetPriority)
    NVIC_SetPriority                         0x08002f9f   Thumb Code    32  stm32f4xx_hal_cortex.o(i.NVIC_SetPriority)
    i.PID_struct_init                        0x08002fc0   Section        0  pid.o(i.PID_struct_init)
    i.RefreshDeviceOutLineTime               0x08002fd8   Section        0  systemstate.o(i.RefreshDeviceOutLineTime)
    i.RefreshSysTime                         0x08002ff8   Section        0  systemstate.o(i.RefreshSysTime)
    i.RefreshTaskOutLineTime                 0x08003008   Section        0  systemstate.o(i.RefreshTaskOutLineTime)
    i.StartDefaultTask                       0x08003028   Section        0  freertos.o(i.StartDefaultTask)
    i.SysTick_Handler                        0x08003030   Section        0  stm32f4xx_it.o(i.SysTick_Handler)
    i.SystemClock_Config                     0x08003034   Section        0  main.o(i.SystemClock_Config)
    i.SystemInit                             0x080030d4   Section        0  system_stm32f4xx.o(i.SystemInit)
    i.TIM1_UP_TIM10_IRQHandler               0x08003128   Section        0  stm32f4xx_it.o(i.TIM1_UP_TIM10_IRQHandler)
    i.TIM2_IRQHandler                        0x08003134   Section        0  stm32f4xx_it.o(i.TIM2_IRQHandler)
    i.TIM6_DAC_IRQHandler                    0x08003140   Section        0  stm32f4xx_it.o(i.TIM6_DAC_IRQHandler)
    i.TIM_Base_SetConfig                     0x0800314c   Section        0  stm32f4xx_hal_tim.o(i.TIM_Base_SetConfig)
    i.TIM_ETR_SetConfig                      0x0800320c   Section        0  stm32f4xx_hal_tim.o(i.TIM_ETR_SetConfig)
    TIM_ETR_SetConfig                        0x0800320d   Thumb Code    20  stm32f4xx_hal_tim.o(i.TIM_ETR_SetConfig)
    i.TIM_ITRx_SetConfig                     0x08003220   Section        0  stm32f4xx_hal_tim.o(i.TIM_ITRx_SetConfig)
    TIM_ITRx_SetConfig                       0x08003221   Thumb Code    16  stm32f4xx_hal_tim.o(i.TIM_ITRx_SetConfig)
    i.TIM_TI1_ConfigInputStage               0x08003230   Section        0  stm32f4xx_hal_tim.o(i.TIM_TI1_ConfigInputStage)
    TIM_TI1_ConfigInputStage                 0x08003231   Thumb Code    34  stm32f4xx_hal_tim.o(i.TIM_TI1_ConfigInputStage)
    i.TIM_TI2_ConfigInputStage               0x08003252   Section        0  stm32f4xx_hal_tim.o(i.TIM_TI2_ConfigInputStage)
    TIM_TI2_ConfigInputStage                 0x08003253   Thumb Code    36  stm32f4xx_hal_tim.o(i.TIM_TI2_ConfigInputStage)
    i.UART_DMAError                          0x08003276   Section        0  stm32f4xx_hal_uart.o(i.UART_DMAError)
    UART_DMAError                            0x08003277   Thumb Code    74  stm32f4xx_hal_uart.o(i.UART_DMAError)
    i.UART_DMAReceiveCplt                    0x080032c0   Section        0  stm32f4xx_hal_uart.o(i.UART_DMAReceiveCplt)
    UART_DMAReceiveCplt                      0x080032c1   Thumb Code    60  stm32f4xx_hal_uart.o(i.UART_DMAReceiveCplt)
    i.UART_DMARxHalfCplt                     0x080032fc   Section        0  stm32f4xx_hal_uart.o(i.UART_DMARxHalfCplt)
    UART_DMARxHalfCplt                       0x080032fd   Thumb Code    10  stm32f4xx_hal_uart.o(i.UART_DMARxHalfCplt)
    i.UART_EndRxTransfer                     0x08003306   Section        0  stm32f4xx_hal_uart.o(i.UART_EndRxTransfer)
    UART_EndRxTransfer                       0x08003307   Thumb Code    28  stm32f4xx_hal_uart.o(i.UART_EndRxTransfer)
    i.UART_EndTxTransfer                     0x08003322   Section        0  stm32f4xx_hal_uart.o(i.UART_EndTxTransfer)
    UART_EndTxTransfer                       0x08003323   Thumb Code    18  stm32f4xx_hal_uart.o(i.UART_EndTxTransfer)
    i.UART_SetConfig                         0x08003334   Section        0  stm32f4xx_hal_uart.o(i.UART_SetConfig)
    UART_SetConfig                           0x08003335   Thumb Code   676  stm32f4xx_hal_uart.o(i.UART_SetConfig)
    i.UsageFault_Handler                     0x080035e0   Section        0  stm32f4xx_it.o(i.UsageFault_Handler)
    i._Error_Handler                         0x080035e2   Section        0  main.o(i._Error_Handler)
    i.__scatterload_copy                     0x080035e4   Section       14  handlers.o(i.__scatterload_copy)
    i.__scatterload_null                     0x080035f2   Section        2  handlers.o(i.__scatterload_null)
    i.__scatterload_zeroinit                 0x080035f4   Section       14  handlers.o(i.__scatterload_zeroinit)
    i.get_moto_measure_3508                  0x08003604   Section        0  motor_use_can.o(i.get_moto_measure_3508)
    i.get_moto_offset                        0x0800364c   Section        0  motor_use_can.o(i.get_moto_offset)
    i.main                                   0x0800365c   Section        0  main.o(i.main)
    i.makeFreeRtosPriority                   0x0800367a   Section        0  cmsis_os.o(i.makeFreeRtosPriority)
    makeFreeRtosPriority                     0x0800367b   Thumb Code    12  cmsis_os.o(i.makeFreeRtosPriority)
    i.osDelay                                0x08003686   Section        0  cmsis_os.o(i.osDelay)
    i.osKernelStart                          0x08003694   Section        0  cmsis_os.o(i.osKernelStart)
    i.osSystickHandler                       0x0800369e   Section        0  cmsis_os.o(i.osSystickHandler)
    i.osThreadCreate                         0x080036b2   Section        0  cmsis_os.o(i.osThreadCreate)
    i.pid_param_init                         0x080036e0   Section        0  pid.o(i.pid_param_init)
    pid_param_init                           0x080036e1   Thumb Code    14  pid.o(i.pid_param_init)
    i.pid_reset                              0x080036ee   Section        0  pid.o(i.pid_reset)
    pid_reset                                0x080036ef   Thumb Code     6  pid.o(i.pid_reset)
    i.prvAddCurrentTaskToDelayedList         0x080036f4   Section        0  tasks.o(i.prvAddCurrentTaskToDelayedList)
    prvAddCurrentTaskToDelayedList           0x080036f5   Thumb Code   102  tasks.o(i.prvAddCurrentTaskToDelayedList)
    i.prvAddNewTaskToReadyList               0x08003764   Section        0  tasks.o(i.prvAddNewTaskToReadyList)
    prvAddNewTaskToReadyList                 0x08003765   Thumb Code   194  tasks.o(i.prvAddNewTaskToReadyList)
    i.prvCheckTasksWaitingTermination        0x08003834   Section        0  tasks.o(i.prvCheckTasksWaitingTermination)
    prvCheckTasksWaitingTermination          0x08003835   Thumb Code    70  tasks.o(i.prvCheckTasksWaitingTermination)
    i.prvDeleteTCB                           0x08003884   Section        0  tasks.o(i.prvDeleteTCB)
    prvDeleteTCB                             0x08003885   Thumb Code    20  tasks.o(i.prvDeleteTCB)
    i.prvHeapInit                            0x08003898   Section        0  heap_4.o(i.prvHeapInit)
    prvHeapInit                              0x08003899   Thumb Code    66  heap_4.o(i.prvHeapInit)
    i.prvIdleTask                            0x080038e4   Section        0  tasks.o(i.prvIdleTask)
    prvIdleTask                              0x080038e5   Thumb Code    30  tasks.o(i.prvIdleTask)
    i.prvInitialiseNewTask                   0x0800390c   Section        0  tasks.o(i.prvInitialiseNewTask)
    prvInitialiseNewTask                     0x0800390d   Thumb Code   142  tasks.o(i.prvInitialiseNewTask)
    i.prvInsertBlockIntoFreeList             0x0800399c   Section        0  heap_4.o(i.prvInsertBlockIntoFreeList)
    prvInsertBlockIntoFreeList               0x0800399d   Thumb Code    72  heap_4.o(i.prvInsertBlockIntoFreeList)
    i.prvResetNextTaskUnblockTime            0x080039e8   Section        0  tasks.o(i.prvResetNextTaskUnblockTime)
    prvResetNextTaskUnblockTime              0x080039e9   Thumb Code    26  tasks.o(i.prvResetNextTaskUnblockTime)
    i.prvTaskExitError                       0x08003a08   Section        0  port.o(i.prvTaskExitError)
    prvTaskExitError                         0x08003a09   Thumb Code    36  port.o(i.prvTaskExitError)
    i.pvPortMalloc                           0x08003a30   Section        0  heap_4.o(i.pvPortMalloc)
    i.pxPortInitialiseStack                  0x08003b08   Section        0  port.o(i.pxPortInitialiseStack)
    i.ulTaskNotifyTake                       0x08003b34   Section        0  tasks.o(i.ulTaskNotifyTake)
    i.uxListRemove                           0x08003b9c   Section        0  list.o(i.uxListRemove)
    i.vListInitialise                        0x08003bc0   Section        0  list.o(i.vListInitialise)
    i.vListInitialiseItem                    0x08003bd6   Section        0  list.o(i.vListInitialiseItem)
    i.vListInsert                            0x08003bdc   Section        0  list.o(i.vListInsert)
    i.vListInsertEnd                         0x08003c0c   Section        0  list.o(i.vListInsertEnd)
    i.vPortEnterCritical                     0x08003c24   Section        0  port.o(i.vPortEnterCritical)
    i.vPortExitCritical                      0x08003c64   Section        0  port.o(i.vPortExitCritical)
    i.vPortFree                              0x08003c8c   Section        0  heap_4.o(i.vPortFree)
    i.vPortSetupTimerInterrupt               0x08003ce8   Section        0  port.o(i.vPortSetupTimerInterrupt)
    i.vPortValidateInterruptPriority         0x08003d08   Section        0  port.o(i.vPortValidateInterruptPriority)
    i.vTaskDelay                             0x08003d5c   Section        0  tasks.o(i.vTaskDelay)
    i.vTaskNotifyGiveFromISR                 0x08003da8   Section        0  tasks.o(i.vTaskNotifyGiveFromISR)
    i.vTaskStartScheduler                    0x08003e60   Section        0  tasks.o(i.vTaskStartScheduler)
    i.vTaskSuspendAll                        0x08003ec8   Section        0  tasks.o(i.vTaskSuspendAll)
    i.vTaskSwitchContext                     0x08003ed8   Section        0  tasks.o(i.vTaskSwitchContext)
    i.xPortStartScheduler                    0x08003f34   Section        0  port.o(i.xPortStartScheduler)
    i.xPortSysTickHandler                    0x08004014   Section        0  port.o(i.xPortSysTickHandler)
    i.xTaskCreate                            0x08004040   Section        0  tasks.o(i.xTaskCreate)
    i.xTaskGetSchedulerState                 0x08004098   Section        0  tasks.o(i.xTaskGetSchedulerState)
    i.xTaskGetTickCount                      0x080040b4   Section        0  tasks.o(i.xTaskGetTickCount)
    i.xTaskIncrementTick                     0x080040c0   Section        0  tasks.o(i.xTaskIncrementTick)
    i.xTaskResumeAll                         0x08004188   Section        0  tasks.o(i.xTaskResumeAll)
    .constdata                               0x0800424c   Section       60  freertos.o(.constdata)
    .constdata                               0x08004288   Section        8  stm32f4xx_hal_dma.o(.constdata)
    flagBitshiftOffset                       0x08004288   Data           8  stm32f4xx_hal_dma.o(.constdata)
    .constdata                               0x08004290   Section       16  system_stm32f4xx.o(.constdata)
    .constdata                               0x080042a0   Section        8  system_stm32f4xx.o(.constdata)
    .conststring                             0x080042a8   Section       40  freertos.o(.conststring)
    .data                                    0x20000000   Section       12  freertos.o(.data)
    .data                                    0x2000000c   Section       16  stm32f4xx_it.o(.data)
    i                                        0x2000000d   Data           1  stm32f4xx_it.o(.data)
    pxHigherPriorityTaskWoken                0x20000010   Data           4  stm32f4xx_it.o(.data)
    .data                                    0x2000001c   Section        1  chassis_task.o(.data)
    .data                                    0x2000001e   Section       10  data_pro_task.o(.data)
    .data                                    0x20000028   Section        4  can.o(.data)
    HAL_RCC_CAN1_CLK_ENABLED                 0x20000028   Data           4  can.o(.data)
    .data                                    0x2000002c   Section       16  motor_use_can.o(.data)
    .data                                    0x2000003c   Section       12  stm32f4xx_hal.o(.data)
    .data                                    0x20000048   Section        4  system_stm32f4xx.o(.data)
    .data                                    0x2000004c   Section       24  heap_4.o(.data)
    pxEnd                                    0x2000004c   Data           4  heap_4.o(.data)
    xFreeBytesRemaining                      0x20000050   Data           4  heap_4.o(.data)
    xMinimumEverFreeBytesRemaining           0x20000054   Data           4  heap_4.o(.data)
    xBlockAllocatedBit                       0x20000058   Data           4  heap_4.o(.data)
    xStart                                   0x2000005c   Data           8  heap_4.o(.data)
    .data                                    0x20000064   Section       12  port.o(.data)
    ucMaxSysCallPriority                     0x20000064   Data           1  port.o(.data)
    uxCriticalNesting                        0x20000068   Data           4  port.o(.data)
    ulMaxPRIGROUPValue                       0x2000006c   Data           4  port.o(.data)
    .data                                    0x20000070   Section       60  tasks.o(.data)
    uxDeletedTasksWaitingCleanUp             0x20000074   Data           4  tasks.o(.data)
    uxCurrentNumberOfTasks                   0x20000078   Data           4  tasks.o(.data)
    xTickCount                               0x2000007c   Data           4  tasks.o(.data)
    uxTopReadyPriority                       0x20000080   Data           4  tasks.o(.data)
    xSchedulerRunning                        0x20000084   Data           4  tasks.o(.data)
    uxPendedTicks                            0x20000088   Data           4  tasks.o(.data)
    xYieldPending                            0x2000008c   Data           4  tasks.o(.data)
    xNumOfOverflows                          0x20000090   Data           4  tasks.o(.data)
    uxTaskNumber                             0x20000094   Data           4  tasks.o(.data)
    xNextTaskUnblockTime                     0x20000098   Data           4  tasks.o(.data)
    xIdleTaskHandle                          0x2000009c   Data           4  tasks.o(.data)
    uxSchedulerSuspended                     0x200000a0   Data           4  tasks.o(.data)
    pxDelayedTaskList                        0x200000a4   Data           4  tasks.o(.data)
    pxOverflowDelayedTaskList                0x200000a8   Data           4  tasks.o(.data)
    .bss                                     0x200000ac   Section       28  stm32f4xx_it.o(.bss)
    .bss                                     0x200000c8   Section      896  chassis_task.o(.bss)
    .bss                                     0x20000448   Section      256  data_pro_task.o(.bss)
    .bss                                     0x20000548   Section      960  usart.o(.bss)
    .bss                                     0x20000908   Section      180  tim.o(.bss)
    .bss                                     0x200009bc   Section       80  can.o(.bss)
    .bss                                     0x20000a0c   Section      312  adc.o(.bss)
    .bss                                     0x20000b44   Section       60  stm32f4xx_hal_timebase_tim.o(.bss)
    .bss                                     0x20000b80   Section      240  motor_use_can.o(.bss)
    .bss                                     0x20000c70   Section       60  motor_use_can.o(.bss)
    .bss                                     0x20000cac   Section      132  motor_use_can.o(.bss)
    Chassis_Motor_Header                     0x20000ce8   Data          24  motor_use_can.o(.bss)
    Stir_Motor_Header                        0x20000d00   Data          24  motor_use_can.o(.bss)
    Gimbal_Motor_Header                      0x20000d18   Data          24  motor_use_can.o(.bss)
    .bss                                     0x20000d30   Section       18  communication.o(.bss)
    .bss                                     0x20000d42   Section       20  communication.o(.bss)
    .bss                                     0x20000d56   Section       14  minipc.o(.bss)
    .bss                                     0x20000d64   Section       68  systemstate.o(.bss)
    .bss                                     0x20000da8   Section    15360  heap_4.o(.bss)
    ucHeap                                   0x20000da8   Data       15360  heap_4.o(.bss)
    .bss                                     0x200049a8   Section      240  tasks.o(.bss)
    pxReadyTasksLists                        0x200049a8   Data         140  tasks.o(.bss)
    xDelayedTaskList1                        0x20004a34   Data          20  tasks.o(.bss)
    xDelayedTaskList2                        0x20004a48   Data          20  tasks.o(.bss)
    xPendingReadyList                        0x20004a5c   Data          20  tasks.o(.bss)
    xTasksWaitingTermination                 0x20004a70   Data          20  tasks.o(.bss)
    xSuspendedTaskList                       0x20004a84   Data          20  tasks.o(.bss)
    STACK                                    0x20004a98   Section     1024  startup_stm32f407xx.o(STACK)

    Global Symbols

    Symbol Name                              Value     Ov Type        Size  Object(Section)

    BuildAttributes$$THM_ISAv4$E$P$D$K$B$S$7EM$VFPi3$EXTD16$VFPS$VFMA$PE$A:L22UL41UL21$X:L11$S22US41US21$IEEE1$IW$USESV6$~STKCKD$USESV7$~SHL$OSPACE$ROPI$EBA8$MICROLIB$REQ8$PRES8$EABIv2 0x00000000   Number         0  anon$$obj.o ABSOLUTE
    __ARM_use_no_argv                        0x00000000   Number         0  main.o ABSOLUTE
    __cpp_initialize__aeabi_                  - Undefined Weak Reference
    __cxa_finalize                            - Undefined Weak Reference
    __decompress                              - Undefined Weak Reference
    _clock_init                               - Undefined Weak Reference
    _microlib_exit                            - Undefined Weak Reference
    __Vectors_Size                           0x00000188   Number         0  startup_stm32f407xx.o ABSOLUTE
    __Vectors                                0x08000000   Data           4  startup_stm32f407xx.o(RESET)
    __Vectors_End                            0x08000188   Data           0  startup_stm32f407xx.o(RESET)
    __main                                   0x08000189   Thumb Code     0  entry.o(.ARM.Collect$$$$00000000)
    _main_stk                                0x08000189   Thumb Code     0  entry2.o(.ARM.Collect$$$$00000001)
    _main_scatterload                        0x0800018d   Thumb Code     0  entry5.o(.ARM.Collect$$$$00000004)
    __main_after_scatterload                 0x08000191   Thumb Code     0  entry5.o(.ARM.Collect$$$$00000004)
    _main_clock                              0x08000191   Thumb Code     0  entry7b.o(.ARM.Collect$$$$00000008)
    _main_cpp_init                           0x08000191   Thumb Code     0  entry8b.o(.ARM.Collect$$$$0000000A)
    _main_init                               0x08000191   Thumb Code     0  entry9a.o(.ARM.Collect$$$$0000000B)
    __rt_final_cpp                           0x08000199   Thumb Code     0  entry10a.o(.ARM.Collect$$$$0000000D)
    __rt_final_exit                          0x08000199   Thumb Code     0  entry11a.o(.ARM.Collect$$$$0000000F)
    SVC_Handler                              0x0800019d   Thumb Code    28  port.o(.emb_text)
    __asm___6_port_c_39a90d8d__prvStartFirstTask 0x080001bd   Thumb Code    28  port.o(.emb_text)
    __asm___6_port_c_39a90d8d__prvEnableVFP  0x080001dd   Thumb Code    16  port.o(.emb_text)
    PendSV_Handler                           0x080001f1   Thumb Code    92  port.o(.emb_text)
    vPortGetIPSR                             0x08000251   Thumb Code     6  port.o(.emb_text)
    Reset_Handler                            0x08000259   Thumb Code     8  startup_stm32f407xx.o(.text)
    ADC_IRQHandler                           0x08000273   Thumb Code     0  startup_stm32f407xx.o(.text)
    CAN1_RX1_IRQHandler                      0x08000273   Thumb Code     0  startup_stm32f407xx.o(.text)
    CAN1_SCE_IRQHandler                      0x08000273   Thumb Code     0  startup_stm32f407xx.o(.text)
    CAN1_TX_IRQHandler                       0x08000273   Thumb Code     0  startup_stm32f407xx.o(.text)
    CAN2_RX1_IRQHandler                      0x08000273   Thumb Code     0  startup_stm32f407xx.o(.text)
    CAN2_SCE_IRQHandler                      0x08000273   Thumb Code     0  startup_stm32f407xx.o(.text)
    CAN2_TX_IRQHandler                       0x08000273   Thumb Code     0  startup_stm32f407xx.o(.text)
    DCMI_IRQHandler                          0x08000273   Thumb Code     0  startup_stm32f407xx.o(.text)
    DMA1_Stream3_IRQHandler                  0x08000273   Thumb Code     0  startup_stm32f407xx.o(.text)
    DMA1_Stream4_IRQHandler                  0x08000273   Thumb Code     0  startup_stm32f407xx.o(.text)
    DMA1_Stream6_IRQHandler                  0x08000273   Thumb Code     0  startup_stm32f407xx.o(.text)
    DMA1_Stream7_IRQHandler                  0x08000273   Thumb Code     0  startup_stm32f407xx.o(.text)
    DMA2_Stream1_IRQHandler                  0x08000273   Thumb Code     0  startup_stm32f407xx.o(.text)
    DMA2_Stream3_IRQHandler                  0x08000273   Thumb Code     0  startup_stm32f407xx.o(.text)
    DMA2_Stream4_IRQHandler                  0x08000273   Thumb Code     0  startup_stm32f407xx.o(.text)
    DMA2_Stream5_IRQHandler                  0x08000273   Thumb Code     0  startup_stm32f407xx.o(.text)
    DMA2_Stream6_IRQHandler                  0x08000273   Thumb Code     0  startup_stm32f407xx.o(.text)
    DMA2_Stream7_IRQHandler                  0x08000273   Thumb Code     0  startup_stm32f407xx.o(.text)
    ETH_IRQHandler                           0x08000273   Thumb Code     0  startup_stm32f407xx.o(.text)
    ETH_WKUP_IRQHandler                      0x08000273   Thumb Code     0  startup_stm32f407xx.o(.text)
    EXTI0_IRQHandler                         0x08000273   Thumb Code     0  startup_stm32f407xx.o(.text)
    EXTI15_10_IRQHandler                     0x08000273   Thumb Code     0  startup_stm32f407xx.o(.text)
    EXTI3_IRQHandler                         0x08000273   Thumb Code     0  startup_stm32f407xx.o(.text)
    EXTI4_IRQHandler                         0x08000273   Thumb Code     0  startup_stm32f407xx.o(.text)
    FLASH_IRQHandler                         0x08000273   Thumb Code     0  startup_stm32f407xx.o(.text)
    FMC_IRQHandler                           0x08000273   Thumb Code     0  startup_stm32f407xx.o(.text)
    FPU_IRQHandler                           0x08000273   Thumb Code     0  startup_stm32f407xx.o(.text)
    HASH_RNG_IRQHandler                      0x08000273   Thumb Code     0  startup_stm32f407xx.o(.text)
    I2C1_ER_IRQHandler                       0x08000273   Thumb Code     0  startup_stm32f407xx.o(.text)
    I2C1_EV_IRQHandler                       0x08000273   Thumb Code     0  startup_stm32f407xx.o(.text)
    I2C2_ER_IRQHandler                       0x08000273   Thumb Code     0  startup_stm32f407xx.o(.text)
    I2C2_EV_IRQHandler                       0x08000273   Thumb Code     0  startup_stm32f407xx.o(.text)
    I2C3_ER_IRQHandler                       0x08000273   Thumb Code     0  startup_stm32f407xx.o(.text)
    I2C3_EV_IRQHandler                       0x08000273   Thumb Code     0  startup_stm32f407xx.o(.text)
    OTG_FS_IRQHandler                        0x08000273   Thumb Code     0  startup_stm32f407xx.o(.text)
    OTG_FS_WKUP_IRQHandler                   0x08000273   Thumb Code     0  startup_stm32f407xx.o(.text)
    OTG_HS_EP1_IN_IRQHandler                 0x08000273   Thumb Code     0  startup_stm32f407xx.o(.text)
    OTG_HS_EP1_OUT_IRQHandler                0x08000273   Thumb Code     0  startup_stm32f407xx.o(.text)
    OTG_HS_IRQHandler                        0x08000273   Thumb Code     0  startup_stm32f407xx.o(.text)
    OTG_HS_WKUP_IRQHandler                   0x08000273   Thumb Code     0  startup_stm32f407xx.o(.text)
    PVD_IRQHandler                           0x08000273   Thumb Code     0  startup_stm32f407xx.o(.text)
    RCC_IRQHandler                           0x08000273   Thumb Code     0  startup_stm32f407xx.o(.text)
    RTC_Alarm_IRQHandler                     0x08000273   Thumb Code     0  startup_stm32f407xx.o(.text)
    RTC_WKUP_IRQHandler                      0x08000273   Thumb Code     0  startup_stm32f407xx.o(.text)
    SDIO_IRQHandler                          0x08000273   Thumb Code     0  startup_stm32f407xx.o(.text)
    SPI1_IRQHandler                          0x08000273   Thumb Code     0  startup_stm32f407xx.o(.text)
    SPI2_IRQHandler                          0x08000273   Thumb Code     0  startup_stm32f407xx.o(.text)
    SPI3_IRQHandler                          0x08000273   Thumb Code     0  startup_stm32f407xx.o(.text)
    TAMP_STAMP_IRQHandler                    0x08000273   Thumb Code     0  startup_stm32f407xx.o(.text)
    TIM1_BRK_TIM9_IRQHandler                 0x08000273   Thumb Code     0  startup_stm32f407xx.o(.text)
    TIM1_CC_IRQHandler                       0x08000273   Thumb Code     0  startup_stm32f407xx.o(.text)
    TIM1_TRG_COM_TIM11_IRQHandler            0x08000273   Thumb Code     0  startup_stm32f407xx.o(.text)
    TIM3_IRQHandler                          0x08000273   Thumb Code     0  startup_stm32f407xx.o(.text)
    TIM4_IRQHandler                          0x08000273   Thumb Code     0  startup_stm32f407xx.o(.text)
    TIM5_IRQHandler                          0x08000273   Thumb Code     0  startup_stm32f407xx.o(.text)
    TIM7_IRQHandler                          0x08000273   Thumb Code     0  startup_stm32f407xx.o(.text)
    TIM8_BRK_TIM12_IRQHandler                0x08000273   Thumb Code     0  startup_stm32f407xx.o(.text)
    TIM8_CC_IRQHandler                       0x08000273   Thumb Code     0  startup_stm32f407xx.o(.text)
    TIM8_TRG_COM_TIM14_IRQHandler            0x08000273   Thumb Code     0  startup_stm32f407xx.o(.text)
    TIM8_UP_TIM13_IRQHandler                 0x08000273   Thumb Code     0  startup_stm32f407xx.o(.text)
    UART4_IRQHandler                         0x08000273   Thumb Code     0  startup_stm32f407xx.o(.text)
    UART5_IRQHandler                         0x08000273   Thumb Code     0  startup_stm32f407xx.o(.text)
    USART1_IRQHandler                        0x08000273   Thumb Code     0  startup_stm32f407xx.o(.text)
    USART2_IRQHandler                        0x08000273   Thumb Code     0  startup_stm32f407xx.o(.text)
    USART3_IRQHandler                        0x08000273   Thumb Code     0  startup_stm32f407xx.o(.text)
    USART6_IRQHandler                        0x08000273   Thumb Code     0  startup_stm32f407xx.o(.text)
    WWDG_IRQHandler                          0x08000273   Thumb Code     0  startup_stm32f407xx.o(.text)
    __aeabi_uldivmod                         0x0800027d   Thumb Code    98  uldiv.o(.text)
    __aeabi_memcpy                           0x080002df   Thumb Code    36  memcpya.o(.text)
    __aeabi_memcpy4                          0x080002df   Thumb Code     0  memcpya.o(.text)
    __aeabi_memcpy8                          0x080002df   Thumb Code     0  memcpya.o(.text)
    __aeabi_llsl                             0x08000303   Thumb Code    30  llshl.o(.text)
    _ll_shift_l                              0x08000303   Thumb Code     0  llshl.o(.text)
    __aeabi_llsr                             0x08000321   Thumb Code    32  llushr.o(.text)
    _ll_ushift_r                             0x08000321   Thumb Code     0  llushr.o(.text)
    __scatterload                            0x08000341   Thumb Code    28  init.o(.text)
    __scatterload_rt2                        0x08000341   Thumb Code     0  init.o(.text)
    BSP_Init                                 0x08000489   Thumb Code   154  bsp.o(i.BSP_Init)
    BusFault_Handler                         0x08000545   Thumb Code     2  stm32f4xx_it.o(i.BusFault_Handler)
    CAN1_RX0_IRQHandler                      0x08000549   Thumb Code     6  stm32f4xx_it.o(i.CAN1_RX0_IRQHandler)
    CAN2_RX0_IRQHandler                      0x08000555   Thumb Code     6  stm32f4xx_it.o(i.CAN2_RX0_IRQHandler)
    CAN_RX_ERROR                             0x08000561   Thumb Code    18  motor_use_can.o(i.CAN_RX_ERROR)
    CAN_RX_YK                                0x0800057d   Thumb Code    32  motor_use_can.o(i.CAN_RX_YK)
    CAN_RX_YT                                0x080005a5   Thumb Code    40  motor_use_can.o(i.CAN_RX_YT)
    CanFilter_Init                           0x080005dd   Thumb Code    54  can.o(i.CanFilter_Init)
    Chassis_Contrl_Task                      0x08000619   Thumb Code    48  chassis_task.o(i.Chassis_Contrl_Task)
    Chassis_pid_init                         0x08000655   Thumb Code   160  chassis_task.o(i.Chassis_pid_init)
    Cloud_Platform_Motor                     0x0800070d   Thumb Code    54  motor_use_can.o(i.Cloud_Platform_Motor)
    DMA1_Stream0_IRQHandler                  0x0800074d   Thumb Code    18  stm32f4xx_it.o(i.DMA1_Stream0_IRQHandler)
    DMA1_Stream1_IRQHandler                  0x08000765   Thumb Code    18  stm32f4xx_it.o(i.DMA1_Stream1_IRQHandler)
    DMA1_Stream2_IRQHandler                  0x0800077d   Thumb Code    18  stm32f4xx_it.o(i.DMA1_Stream2_IRQHandler)
    DMA1_Stream5_IRQHandler                  0x08000795   Thumb Code    18  stm32f4xx_it.o(i.DMA1_Stream5_IRQHandler)
    DMA2_Stream0_IRQHandler                  0x080007ad   Thumb Code     6  stm32f4xx_it.o(i.DMA2_Stream0_IRQHandler)
    DMA2_Stream2_IRQHandler                  0x080007b9   Thumb Code    18  stm32f4xx_it.o(i.DMA2_Stream2_IRQHandler)
    DebugMon_Handler                         0x08000875   Thumb Code     2  stm32f4xx_it.o(i.DebugMon_Handler)
    EXTI1_IRQHandler                         0x08000877   Thumb Code     6  stm32f4xx_it.o(i.EXTI1_IRQHandler)
    EXTI2_IRQHandler                         0x0800087d   Thumb Code     6  stm32f4xx_it.o(i.EXTI2_IRQHandler)
    EXTI9_5_IRQHandler                       0x08000883   Thumb Code    18  stm32f4xx_it.o(i.EXTI9_5_IRQHandler)
    Get_MiniPC_Data                          0x08000895   Thumb Code    30  minipc.o(i.Get_MiniPC_Data)
    HAL_ADC_ConfigChannel                    0x080008bd   Thumb Code   316  stm32f4xx_hal_adc.o(i.HAL_ADC_ConfigChannel)
    HAL_ADC_Init                             0x08000a09   Thumb Code    84  stm32f4xx_hal_adc.o(i.HAL_ADC_Init)
    HAL_ADC_MspInit                          0x08000a5d   Thumb Code   176  adc.o(i.HAL_ADC_MspInit)
    HAL_ADC_Start                            0x08000b39   Thumb Code   170  stm32f4xx_hal_adc.o(i.HAL_ADC_Start)
    HAL_CAN_ActivateNotification             0x08000bf5   Thumb Code    40  stm32f4xx_hal_can.o(i.HAL_CAN_ActivateNotification)
    HAL_CAN_AddTxMessage                     0x08000c1d   Thumb Code   200  stm32f4xx_hal_can.o(i.HAL_CAN_AddTxMessage)
    HAL_CAN_ConfigFilter                     0x08000ce5   Thumb Code   262  stm32f4xx_hal_can.o(i.HAL_CAN_ConfigFilter)
    HAL_CAN_ErrorCallback                    0x08000df1   Thumb Code     2  stm32f4xx_hal_can.o(i.HAL_CAN_ErrorCallback)
    HAL_CAN_GetRxMessage                     0x08000df3   Thumb Code   250  stm32f4xx_hal_can.o(i.HAL_CAN_GetRxMessage)
    HAL_CAN_IRQHandler                       0x08000eed   Thumb Code   508  stm32f4xx_hal_can.o(i.HAL_CAN_IRQHandler)
    HAL_CAN_Init                             0x080010e9   Thumb Code   282  stm32f4xx_hal_can.o(i.HAL_CAN_Init)
    HAL_CAN_MspInit                          0x08001205   Thumb Code   168  can.o(i.HAL_CAN_MspInit)
    HAL_CAN_RxFifo0FullCallback              0x080012c5   Thumb Code     2  stm32f4xx_hal_can.o(i.HAL_CAN_RxFifo0FullCallback)
    HAL_CAN_RxFifo0MsgPendingCallback        0x080012c9   Thumb Code   224  stm32f4xx_it.o(i.HAL_CAN_RxFifo0MsgPendingCallback)
    HAL_CAN_RxFifo1FullCallback              0x080013c1   Thumb Code     2  stm32f4xx_hal_can.o(i.HAL_CAN_RxFifo1FullCallback)
    HAL_CAN_RxFifo1MsgPendingCallback        0x080013c3   Thumb Code     2  stm32f4xx_hal_can.o(i.HAL_CAN_RxFifo1MsgPendingCallback)
    HAL_CAN_SleepCallback                    0x080013c5   Thumb Code     2  stm32f4xx_hal_can.o(i.HAL_CAN_SleepCallback)
    HAL_CAN_Start                            0x080013c9   Thumb Code    88  stm32f4xx_hal_can.o(i.HAL_CAN_Start)
    HAL_CAN_TxMailbox0AbortCallback          0x08001421   Thumb Code     2  stm32f4xx_hal_can.o(i.HAL_CAN_TxMailbox0AbortCallback)
    HAL_CAN_TxMailbox0CompleteCallback       0x08001423   Thumb Code     2  stm32f4xx_hal_can.o(i.HAL_CAN_TxMailbox0CompleteCallback)
    HAL_CAN_TxMailbox1AbortCallback          0x08001425   Thumb Code     2  stm32f4xx_hal_can.o(i.HAL_CAN_TxMailbox1AbortCallback)
    HAL_CAN_TxMailbox1CompleteCallback       0x08001427   Thumb Code     2  stm32f4xx_hal_can.o(i.HAL_CAN_TxMailbox1CompleteCallback)
    HAL_CAN_TxMailbox2AbortCallback          0x08001429   Thumb Code     2  stm32f4xx_hal_can.o(i.HAL_CAN_TxMailbox2AbortCallback)
    HAL_CAN_TxMailbox2CompleteCallback       0x0800142b   Thumb Code     2  stm32f4xx_hal_can.o(i.HAL_CAN_TxMailbox2CompleteCallback)
    HAL_CAN_WakeUpFromRxMsgCallback          0x0800142d   Thumb Code     2  stm32f4xx_hal_can.o(i.HAL_CAN_WakeUpFromRxMsgCallback)
    HAL_DMA_IRQHandler                       0x08001431   Thumb Code   412  stm32f4xx_hal_dma.o(i.HAL_DMA_IRQHandler)
    HAL_DMA_Init                             0x080015d1   Thumb Code   206  stm32f4xx_hal_dma.o(i.HAL_DMA_Init)
    HAL_DMA_Start_IT                         0x080016a5   Thumb Code   120  stm32f4xx_hal_dma.o(i.HAL_DMA_Start_IT)
    HAL_Delay                                0x0800171d   Thumb Code    32  stm32f4xx_hal.o(i.HAL_Delay)
    HAL_GPIO_EXTI_Callback                   0x08001741   Thumb Code     2  stm32f4xx_it.o(i.HAL_GPIO_EXTI_Callback)
    HAL_GPIO_EXTI_IRQHandler                 0x08001745   Thumb Code    18  stm32f4xx_hal_gpio.o(i.HAL_GPIO_EXTI_IRQHandler)
    HAL_GPIO_Init                            0x0800175d   Thumb Code   388  stm32f4xx_hal_gpio.o(i.HAL_GPIO_Init)
    HAL_GetTick                              0x0800190d   Thumb Code     6  stm32f4xx_hal.o(i.HAL_GetTick)
    HAL_IncTick                              0x08001919   Thumb Code    12  stm32f4xx_hal.o(i.HAL_IncTick)
    HAL_Init                                 0x08001929   Thumb Code    48  stm32f4xx_hal.o(i.HAL_Init)
    HAL_InitTick                             0x0800195d   Thumb Code   100  stm32f4xx_hal_timebase_tim.o(i.HAL_InitTick)
    HAL_MspInit                              0x080019d1   Thumb Code   126  stm32f4xx_hal_msp.o(i.HAL_MspInit)
    HAL_NVIC_EnableIRQ                       0x08001a55   Thumb Code    22  stm32f4xx_hal_cortex.o(i.HAL_NVIC_EnableIRQ)
    HAL_NVIC_SetPriority                     0x08001a6d   Thumb Code    60  stm32f4xx_hal_cortex.o(i.HAL_NVIC_SetPriority)
    HAL_NVIC_SetPriorityGrouping             0x08001aad   Thumb Code    26  stm32f4xx_hal_cortex.o(i.HAL_NVIC_SetPriorityGrouping)
    HAL_RCC_ClockConfig                      0x08001ad1   Thumb Code   286  stm32f4xx_hal_rcc.o(i.HAL_RCC_ClockConfig)
    HAL_RCC_GetClockConfig                   0x08001c01   Thumb Code    54  stm32f4xx_hal_rcc.o(i.HAL_RCC_GetClockConfig)
    HAL_RCC_GetHCLKFreq                      0x08001c41   Thumb Code     6  stm32f4xx_hal_rcc.o(i.HAL_RCC_GetHCLKFreq)
    HAL_RCC_GetPCLK1Freq                     0x08001c4d   Thumb Code    20  stm32f4xx_hal_rcc.o(i.HAL_RCC_GetPCLK1Freq)
    HAL_RCC_GetPCLK2Freq                     0x08001c6d   Thumb Code    20  stm32f4xx_hal_rcc.o(i.HAL_RCC_GetPCLK2Freq)
    HAL_RCC_GetSysClockFreq                  0x08001c8d   Thumb Code    88  stm32f4xx_hal_rcc.o(i.HAL_RCC_GetSysClockFreq)
    HAL_RCC_OscConfig                        0x08001cf1   Thumb Code   770  stm32f4xx_hal_rcc.o(i.HAL_RCC_OscConfig)
    HAL_SYSTICK_CLKSourceConfig              0x0800200d   Thumb Code    24  stm32f4xx_hal_cortex.o(i.HAL_SYSTICK_CLKSourceConfig)
    HAL_SYSTICK_Config                       0x08002025   Thumb Code    40  stm32f4xx_hal_cortex.o(i.HAL_SYSTICK_Config)
    HAL_TIMEx_BreakCallback                  0x0800204d   Thumb Code     2  stm32f4xx_hal_tim_ex.o(i.HAL_TIMEx_BreakCallback)
    HAL_TIMEx_CommutationCallback            0x0800204f   Thumb Code     2  stm32f4xx_hal_tim_ex.o(i.HAL_TIMEx_CommutationCallback)
    HAL_TIMEx_MasterConfigSynchronization    0x08002051   Thumb Code    80  stm32f4xx_hal_tim_ex.o(i.HAL_TIMEx_MasterConfigSynchronization)
    HAL_TIM_Base_Init                        0x080020a1   Thumb Code    54  stm32f4xx_hal_tim.o(i.HAL_TIM_Base_Init)
    HAL_TIM_Base_MspInit                     0x080020d9   Thumb Code   108  tim.o(i.HAL_TIM_Base_MspInit)
    HAL_TIM_Base_Start_IT                    0x08002151   Thumb Code    24  stm32f4xx_hal_tim.o(i.HAL_TIM_Base_Start_IT)
    HAL_TIM_ConfigClockSource                0x08002169   Thumb Code   242  stm32f4xx_hal_tim.o(i.HAL_TIM_ConfigClockSource)
    HAL_TIM_IC_CaptureCallback               0x0800225b   Thumb Code     2  stm32f4xx_hal_tim.o(i.HAL_TIM_IC_CaptureCallback)
    HAL_TIM_IRQHandler                       0x0800225d   Thumb Code   358  stm32f4xx_hal_tim.o(i.HAL_TIM_IRQHandler)
    HAL_TIM_OC_DelayElapsedCallback          0x080023c3   Thumb Code     2  stm32f4xx_hal_tim.o(i.HAL_TIM_OC_DelayElapsedCallback)
    HAL_TIM_PWM_PulseFinishedCallback        0x080023c5   Thumb Code     2  stm32f4xx_hal_tim.o(i.HAL_TIM_PWM_PulseFinishedCallback)
    HAL_TIM_PeriodElapsedCallback            0x080023c9   Thumb Code    32  stm32f4xx_it.o(i.HAL_TIM_PeriodElapsedCallback)
    HAL_TIM_TriggerCallback                  0x080023f1   Thumb Code     2  stm32f4xx_hal_tim.o(i.HAL_TIM_TriggerCallback)
    HAL_UART_ErrorCallback                   0x080023f5   Thumb Code    34  stm32f4xx_it.o(i.HAL_UART_ErrorCallback)
    HAL_UART_Init                            0x08002421   Thumb Code    98  stm32f4xx_hal_uart.o(i.HAL_UART_Init)
    HAL_UART_MspInit                         0x08002485   Thumb Code   656  usart.o(i.HAL_UART_MspInit)
    HAL_UART_Receive_DMA                     0x08002761   Thumb Code   138  stm32f4xx_hal_uart.o(i.HAL_UART_Receive_DMA)
    HAL_UART_RxCpltCallback                  0x080027f9   Thumb Code    66  stm32f4xx_it.o(i.HAL_UART_RxCpltCallback)
    HAL_UART_RxHalfCpltCallback              0x08002851   Thumb Code     2  stm32f4xx_hal_uart.o(i.HAL_UART_RxHalfCpltCallback)
    HardFault_Handler                        0x08002853   Thumb Code     2  stm32f4xx_it.o(i.HardFault_Handler)
    MX_ADC1_Init                             0x08002855   Thumb Code    82  adc.o(i.MX_ADC1_Init)
    MX_ADC2_Init                             0x080028c5   Thumb Code    84  adc.o(i.MX_ADC2_Init)
    MX_ADC3_Init                             0x08002935   Thumb Code    84  adc.o(i.MX_ADC3_Init)
    MX_CAN1_Init                             0x080029a5   Thumb Code    66  can.o(i.MX_CAN1_Init)
    MX_CAN2_Init                             0x08002a01   Thumb Code    66  can.o(i.MX_CAN2_Init)
    MX_DMA_Init                              0x08002a5d   Thumb Code   136  dma.o(i.MX_DMA_Init)
    MX_FREERTOS_Init                         0x08002ae9   Thumb Code    74  freertos.o(i.MX_FREERTOS_Init)
    MX_GPIO_Init                             0x08002b3d   Thumb Code   278  gpio.o(i.MX_GPIO_Init)
    MX_TIM2_Init                             0x08002c6d   Thumb Code    92  tim.o(i.MX_TIM2_Init)
    MX_TIM4_Init                             0x08002cdd   Thumb Code    86  tim.o(i.MX_TIM4_Init)
    MX_UART4_Init                            0x08002d4d   Thumb Code    52  usart.o(i.MX_UART4_Init)
    MX_UART5_Init                            0x08002d99   Thumb Code    52  usart.o(i.MX_UART5_Init)
    MX_USART1_UART_Init                      0x08002de5   Thumb Code    52  usart.o(i.MX_USART1_UART_Init)
    MX_USART2_UART_Init                      0x08002e31   Thumb Code    52  usart.o(i.MX_USART2_UART_Init)
    MX_USART3_UART_Init                      0x08002e7d   Thumb Code    52  usart.o(i.MX_USART3_UART_Init)
    MX_USART6_UART_Init                      0x08002ec9   Thumb Code    52  usart.o(i.MX_USART6_UART_Init)
    MemManage_Handler                        0x08002f15   Thumb Code     2  stm32f4xx_it.o(i.MemManage_Handler)
    MiniPC_Data_task                         0x08002f19   Thumb Code    42  data_pro_task.o(i.MiniPC_Data_task)
    Minipc_Pid_Init                          0x08002f49   Thumb Code    76  data_pro_task.o(i.Minipc_Pid_Init)
    NMI_Handler                              0x08002f9d   Thumb Code     2  stm32f4xx_it.o(i.NMI_Handler)
    PID_struct_init                          0x08002fc1   Thumb Code    16  pid.o(i.PID_struct_init)
    RefreshDeviceOutLineTime                 0x08002fd9   Thumb Code    28  systemstate.o(i.RefreshDeviceOutLineTime)
    RefreshSysTime                           0x08002ff9   Thumb Code    10  systemstate.o(i.RefreshSysTime)
    RefreshTaskOutLineTime                   0x08003009   Thumb Code    28  systemstate.o(i.RefreshTaskOutLineTime)
    StartDefaultTask                         0x08003029   Thumb Code     8  freertos.o(i.StartDefaultTask)
    SysTick_Handler                          0x08003031   Thumb Code     4  stm32f4xx_it.o(i.SysTick_Handler)
    SystemClock_Config                       0x08003035   Thumb Code   152  main.o(i.SystemClock_Config)
    SystemInit                               0x080030d5   Thumb Code    66  system_stm32f4xx.o(i.SystemInit)
    TIM1_UP_TIM10_IRQHandler                 0x08003129   Thumb Code     6  stm32f4xx_it.o(i.TIM1_UP_TIM10_IRQHandler)
    TIM2_IRQHandler                          0x08003135   Thumb Code     6  stm32f4xx_it.o(i.TIM2_IRQHandler)
    TIM6_DAC_IRQHandler                      0x08003141   Thumb Code     6  stm32f4xx_it.o(i.TIM6_DAC_IRQHandler)
    TIM_Base_SetConfig                       0x0800314d   Thumb Code   148  stm32f4xx_hal_tim.o(i.TIM_Base_SetConfig)
    UsageFault_Handler                       0x080035e1   Thumb Code     2  stm32f4xx_it.o(i.UsageFault_Handler)
    _Error_Handler                           0x080035e3   Thumb Code     2  main.o(i._Error_Handler)
    __scatterload_copy                       0x080035e5   Thumb Code    14  handlers.o(i.__scatterload_copy)
    __scatterload_null                       0x080035f3   Thumb Code     2  handlers.o(i.__scatterload_null)
    __scatterload_zeroinit                   0x080035f5   Thumb Code    14  handlers.o(i.__scatterload_zeroinit)
    get_moto_measure_3508                    0x08003605   Thumb Code    66  motor_use_can.o(i.get_moto_measure_3508)
    get_moto_offset                          0x0800364d   Thumb Code    12  motor_use_can.o(i.get_moto_offset)
    main                                     0x0800365d   Thumb Code    30  main.o(i.main)
    osDelay                                  0x08003687   Thumb Code    14  cmsis_os.o(i.osDelay)
    osKernelStart                            0x08003695   Thumb Code    10  cmsis_os.o(i.osKernelStart)
    osSystickHandler                         0x0800369f   Thumb Code    20  cmsis_os.o(i.osSystickHandler)
    osThreadCreate                           0x080036b3   Thumb Code    46  cmsis_os.o(i.osThreadCreate)
    pvPortMalloc                             0x08003a31   Thumb Code   210  heap_4.o(i.pvPortMalloc)
    pxPortInitialiseStack                    0x08003b09   Thumb Code    40  port.o(i.pxPortInitialiseStack)
    ulTaskNotifyTake                         0x08003b35   Thumb Code    96  tasks.o(i.ulTaskNotifyTake)
    uxListRemove                             0x08003b9d   Thumb Code    36  list.o(i.uxListRemove)
    vListInitialise                          0x08003bc1   Thumb Code    22  list.o(i.vListInitialise)
    vListInitialiseItem                      0x08003bd7   Thumb Code     6  list.o(i.vListInitialiseItem)
    vListInsert                              0x08003bdd   Thumb Code    48  list.o(i.vListInsert)
    vListInsertEnd                           0x08003c0d   Thumb Code    24  list.o(i.vListInsertEnd)
    vPortEnterCritical                       0x08003c25   Thumb Code    54  port.o(i.vPortEnterCritical)
    vPortExitCritical                        0x08003c65   Thumb Code    34  port.o(i.vPortExitCritical)
    vPortFree                                0x08003c8d   Thumb Code    88  heap_4.o(i.vPortFree)
    vPortSetupTimerInterrupt                 0x08003ce9   Thumb Code    26  port.o(i.vPortSetupTimerInterrupt)
    vPortValidateInterruptPriority           0x08003d09   Thumb Code    74  port.o(i.vPortValidateInterruptPriority)
    vTaskDelay                               0x08003d5d   Thumb Code    66  tasks.o(i.vTaskDelay)
    vTaskNotifyGiveFromISR                   0x08003da9   Thumb Code   174  tasks.o(i.vTaskNotifyGiveFromISR)
    vTaskStartScheduler                      0x08003e61   Thumb Code    86  tasks.o(i.vTaskStartScheduler)
    vTaskSuspendAll                          0x08003ec9   Thumb Code    10  tasks.o(i.vTaskSuspendAll)
    vTaskSwitchContext                       0x08003ed9   Thumb Code    82  tasks.o(i.vTaskSwitchContext)
    xPortStartScheduler                      0x08003f35   Thumb Code   202  port.o(i.xPortStartScheduler)
    xPortSysTickHandler                      0x08004015   Thumb Code    38  port.o(i.xPortSysTickHandler)
    xTaskCreate                              0x08004041   Thumb Code    86  tasks.o(i.xTaskCreate)
    xTaskGetSchedulerState                   0x08004099   Thumb Code    22  tasks.o(i.xTaskGetSchedulerState)
    xTaskGetTickCount                        0x080040b5   Thumb Code     6  tasks.o(i.xTaskGetTickCount)
    xTaskIncrementTick                       0x080040c1   Thumb Code   192  tasks.o(i.xTaskIncrementTick)
    xTaskResumeAll                           0x08004189   Thumb Code   182  tasks.o(i.xTaskResumeAll)
    AHBPrescTable                            0x08004290   Data          16  system_stm32f4xx.o(.constdata)
    APBPrescTable                            0x080042a0   Data           8  system_stm32f4xx.o(.constdata)
    Region$$Table$$Base                      0x080042d0   Number         0  anon$$obj.o(Region$$Table)
    Region$$Table$$Limit                     0x080042f0   Number         0  anon$$obj.o(Region$$Table)
    defaultTaskHandle                        0x20000000   Data           4  freertos.o(.data)
    ChassisTaskHandle                        0x20000004   Data           4  freertos.o(.data)
    MiniPCDataTaskHandle                     0x20000008   Data           4  freertos.o(.data)
    RemoteData_flag                          0x2000000c   Data           1  stm32f4xx_it.o(.data)
    rx_date                                  0x20000014   Data           8  stm32f4xx_it.o(.data)
    chassis_disable_flg                      0x2000001c   Data           1  chassis_task.o(.data)
    press_counter                            0x2000001e   Data           1  data_pro_task.o(.data)
    chassis_gimble_Mode_flg                  0x2000001f   Data           1  data_pro_task.o(.data)
    XY_speed_max                             0x20000020   Data           2  data_pro_task.o(.data)
    XY_speed_min                             0x20000022   Data           2  data_pro_task.o(.data)
    W_speed_max                              0x20000024   Data           2  data_pro_task.o(.data)
    W_speed_min                              0x20000026   Data           2  data_pro_task.o(.data)
    flag1                                    0x2000002c   Data           1  motor_use_can.o(.data)
    yaw_speed                                0x2000002e   Data           2  motor_use_can.o(.data)
    OutLine_Flag                             0x20000030   Data           2  motor_use_can.o(.data)
    task_OutLine_Flag                        0x20000032   Data           2  motor_use_can.o(.data)
    tx_date                                  0x20000034   Data           8  motor_use_can.o(.data)
    uwTickFreq                               0x2000003c   Data           1  stm32f4xx_hal.o(.data)
    uwTickPrio                               0x20000040   Data           4  stm32f4xx_hal.o(.data)
    uwTick                                   0x20000044   Data           4  stm32f4xx_hal.o(.data)
    SystemCoreClock                          0x20000048   Data           4  system_stm32f4xx.o(.data)
    pxCurrentTCB                             0x20000070   Data           4  tasks.o(.data)
    Rx_Header                                0x200000ac   Data          28  stm32f4xx_it.o(.bss)
    pid_chassis_follow                       0x200000c8   Data         128  chassis_task.o(.bss)
    pid_chassis_follow_spd                   0x20000148   Data         128  chassis_task.o(.bss)
    pid_3508_pos                             0x200001c8   Data         128  chassis_task.o(.bss)
    pid_3508_spd                             0x20000248   Data         512  chassis_task.o(.bss)
    pid_minipc_yaw                           0x20000448   Data         128  data_pro_task.o(.bss)
    pid_minipc_pit                           0x200004c8   Data         128  data_pro_task.o(.bss)
    huart4                                   0x20000548   Data          64  usart.o(.bss)
    huart5                                   0x20000588   Data          64  usart.o(.bss)
    huart1                                   0x200005c8   Data          64  usart.o(.bss)
    huart2                                   0x20000608   Data          64  usart.o(.bss)
    huart3                                   0x20000648   Data          64  usart.o(.bss)
    huart6                                   0x20000688   Data          64  usart.o(.bss)
    hdma_usart1_rx                           0x200006c8   Data          96  usart.o(.bss)
    hdma_usart3_rx                           0x20000728   Data          96  usart.o(.bss)
    hdma_usart2_rx                           0x20000788   Data          96  usart.o(.bss)
    hdma_usart4_rx                           0x200007e8   Data          96  usart.o(.bss)
    hdma_usart5_rx                           0x20000848   Data          96  usart.o(.bss)
    hdma_usart6_rx                           0x200008a8   Data          96  usart.o(.bss)
    htim2                                    0x20000908   Data          60  tim.o(.bss)
    htim4                                    0x20000944   Data          60  tim.o(.bss)
    htim6                                    0x20000980   Data          60  tim.o(.bss)
    hcan1                                    0x200009bc   Data          40  can.o(.bss)
    hcan2                                    0x200009e4   Data          40  can.o(.bss)
    hadc1                                    0x20000a0c   Data          72  adc.o(.bss)
    hadc2                                    0x20000a54   Data          72  adc.o(.bss)
    hadc3                                    0x20000a9c   Data          72  adc.o(.bss)
    hdma_adc1                                0x20000ae4   Data          96  adc.o(.bss)
    htim1                                    0x20000b44   Data          60  stm32f4xx_hal_timebase_tim.o(.bss)
    moto_chassis_get                         0x20000b80   Data         240  motor_use_can.o(.bss)
    moto_stir_get                            0x20000c70   Data          60  motor_use_can.o(.bss)
    yaw_get                                  0x20000cac   Data          60  motor_use_can.o(.bss)
    USART1_RX_DATA                           0x20000d30   Data          18  communication.o(.bss)
    RC_Ctl                                   0x20000d42   Data          20  communication.o(.bss)
    minipc_rx                                0x20000d56   Data          14  minipc.o(.bss)
    SystemState                              0x20000d64   Data          20  systemstate.o(.bss)
    g_Time_DeviceOutLine                     0x20000d78   Data          24  systemstate.o(.bss)
    g_Time_TASKOutLine                       0x20000d90   Data          24  systemstate.o(.bss)
    __initial_sp                             0x20004e98   Data           0  startup_stm32f407xx.o(STACK)



==============================================================================

Memory Map of the image

  Image Entry point : 0x08000189

  Load Region LR_IROM1 (Base: 0x08000000, Size: 0x0000439c, Max: 0x00100000, ABSOLUTE)

    Execution Region ER_IROM1 (Base: 0x08000000, Size: 0x000042f0, Max: 0x00100000, ABSOLUTE)

    Base Addr    Size         Type   Attr      Idx    E Section Name        Object

    0x08000000   0x00000188   Data   RO         4774    RESET               startup_stm32f407xx.o
    0x08000188   0x00000000   Code   RO         5860  * .ARM.Collect$$$$00000000  mc_w.l(entry.o)
    0x08000188   0x00000004   Code   RO         5903    .ARM.Collect$$$$00000001  mc_w.l(entry2.o)
    0x0800018c   0x00000004   Code   RO         5906    .ARM.Collect$$$$00000004  mc_w.l(entry5.o)
    0x08000190   0x00000000   Code   RO         5908    .ARM.Collect$$$$00000008  mc_w.l(entry7b.o)
    0x08000190   0x00000000   Code   RO         5910    .ARM.Collect$$$$0000000A  mc_w.l(entry8b.o)
    0x08000190   0x00000008   Code   RO         5911    .ARM.Collect$$$$0000000B  mc_w.l(entry9a.o)
    0x08000198   0x00000000   Code   RO         5913    .ARM.Collect$$$$0000000D  mc_w.l(entry10a.o)
    0x08000198   0x00000000   Code   RO         5915    .ARM.Collect$$$$0000000F  mc_w.l(entry11a.o)
    0x08000198   0x00000004   Code   RO         5904    .ARM.Collect$$$$00002712  mc_w.l(entry2.o)
    0x0800019c   0x000000ba   Code   RO         4849    .emb_text           port.o
    0x08000256   0x00000002   PAD
    0x08000258   0x00000024   Code   RO         4775    .text               startup_stm32f407xx.o
    0x0800027c   0x00000062   Code   RO         5863    .text               mc_w.l(uldiv.o)
    0x080002de   0x00000024   Code   RO         5865    .text               mc_w.l(memcpya.o)
    0x08000302   0x0000001e   Code   RO         5917    .text               mc_w.l(llshl.o)
    0x08000320   0x00000020   Code   RO         5919    .text               mc_w.l(llushr.o)
    0x08000340   0x00000024   Code   RO         5924    .text               mc_w.l(init.o)
    0x08000364   0x00000124   Code   RO         1990    i.ADC_Init          stm32f4xx_hal_adc.o
    0x08000488   0x000000bc   Code   RO          803    i.BSP_Init          bsp.o
    0x08000544   0x00000002   Code   RO          355    i.BusFault_Handler  stm32f4xx_it.o
    0x08000546   0x00000002   PAD
    0x08000548   0x0000000c   Code   RO          356    i.CAN1_RX0_IRQHandler  stm32f4xx_it.o
    0x08000554   0x0000000c   Code   RO          357    i.CAN2_RX0_IRQHandler  stm32f4xx_it.o
    0x08000560   0x0000001c   Code   RO         1212    i.CAN_RX_ERROR      motor_use_can.o
    0x0800057c   0x00000028   Code   RO         1213    i.CAN_RX_YK         motor_use_can.o
    0x080005a4   0x00000038   Code   RO         1214    i.CAN_RX_YT         motor_use_can.o
    0x080005dc   0x0000003c   Code   RO         1014    i.CanFilter_Init    can.o
    0x08000618   0x0000003c   Code   RO          542    i.Chassis_Contrl_Task  chassis_task.o
    0x08000654   0x000000b8   Code   RO          543    i.Chassis_pid_init  chassis_task.o
    0x0800070c   0x00000040   Code   RO         1218    i.Cloud_Platform_Motor  motor_use_can.o
    0x0800074c   0x00000018   Code   RO          358    i.DMA1_Stream0_IRQHandler  stm32f4xx_it.o
    0x08000764   0x00000018   Code   RO          359    i.DMA1_Stream1_IRQHandler  stm32f4xx_it.o
    0x0800077c   0x00000018   Code   RO          360    i.DMA1_Stream2_IRQHandler  stm32f4xx_it.o
    0x08000794   0x00000018   Code   RO          361    i.DMA1_Stream5_IRQHandler  stm32f4xx_it.o
    0x080007ac   0x0000000c   Code   RO          362    i.DMA2_Stream0_IRQHandler  stm32f4xx_it.o
    0x080007b8   0x00000018   Code   RO          363    i.DMA2_Stream2_IRQHandler  stm32f4xx_it.o
    0x080007d0   0x00000028   Code   RO         4151    i.DMA_CalcBaseAndBitshift  stm32f4xx_hal_dma.o
    0x080007f8   0x00000054   Code   RO         4152    i.DMA_CheckFifoParam  stm32f4xx_hal_dma.o
    0x0800084c   0x00000028   Code   RO         4153    i.DMA_SetConfig     stm32f4xx_hal_dma.o
    0x08000874   0x00000002   Code   RO          364    i.DebugMon_Handler  stm32f4xx_it.o
    0x08000876   0x00000006   Code   RO          365    i.EXTI1_IRQHandler  stm32f4xx_it.o
    0x0800087c   0x00000006   Code   RO          366    i.EXTI2_IRQHandler  stm32f4xx_it.o
    0x08000882   0x00000012   Code   RO          367    i.EXTI9_5_IRQHandler  stm32f4xx_it.o
    0x08000894   0x00000028   Code   RO         1586    i.Get_MiniPC_Data   minipc.o
    0x080008bc   0x0000014c   Code   RO         1992    i.HAL_ADC_ConfigChannel  stm32f4xx_hal_adc.o
    0x08000a08   0x00000054   Code   RO         2001    i.HAL_ADC_Init      stm32f4xx_hal_adc.o
    0x08000a5c   0x000000dc   Code   RO         1070    i.HAL_ADC_MspInit   adc.o
    0x08000b38   0x000000bc   Code   RO         2007    i.HAL_ADC_Start     stm32f4xx_hal_adc.o
    0x08000bf4   0x00000028   Code   RO         2263    i.HAL_CAN_ActivateNotification  stm32f4xx_hal_can.o
    0x08000c1c   0x000000c8   Code   RO         2264    i.HAL_CAN_AddTxMessage  stm32f4xx_hal_can.o
    0x08000ce4   0x0000010c   Code   RO         2265    i.HAL_CAN_ConfigFilter  stm32f4xx_hal_can.o
    0x08000df0   0x00000002   Code   RO         2268    i.HAL_CAN_ErrorCallback  stm32f4xx_hal_can.o
    0x08000df2   0x000000fa   Code   RO         2271    i.HAL_CAN_GetRxMessage  stm32f4xx_hal_can.o
    0x08000eec   0x000001fc   Code   RO         2275    i.HAL_CAN_IRQHandler  stm32f4xx_hal_can.o
    0x080010e8   0x0000011a   Code   RO         2276    i.HAL_CAN_Init      stm32f4xx_hal_can.o
    0x08001202   0x00000002   PAD
    0x08001204   0x000000c0   Code   RO         1016    i.HAL_CAN_MspInit   can.o
    0x080012c4   0x00000002   Code   RO         2283    i.HAL_CAN_RxFifo0FullCallback  stm32f4xx_hal_can.o
    0x080012c6   0x00000002   PAD
    0x080012c8   0x000000f8   Code   RO          368    i.HAL_CAN_RxFifo0MsgPendingCallback  stm32f4xx_it.o
    0x080013c0   0x00000002   Code   RO         2285    i.HAL_CAN_RxFifo1FullCallback  stm32f4xx_hal_can.o
    0x080013c2   0x00000002   Code   RO         2286    i.HAL_CAN_RxFifo1MsgPendingCallback  stm32f4xx_hal_can.o
    0x080013c4   0x00000002   Code   RO         2287    i.HAL_CAN_SleepCallback  stm32f4xx_hal_can.o
    0x080013c6   0x00000002   PAD
    0x080013c8   0x00000058   Code   RO         2288    i.HAL_CAN_Start     stm32f4xx_hal_can.o
    0x08001420   0x00000002   Code   RO         2290    i.HAL_CAN_TxMailbox0AbortCallback  stm32f4xx_hal_can.o
    0x08001422   0x00000002   Code   RO         2291    i.HAL_CAN_TxMailbox0CompleteCallback  stm32f4xx_hal_can.o
    0x08001424   0x00000002   Code   RO         2292    i.HAL_CAN_TxMailbox1AbortCallback  stm32f4xx_hal_can.o
    0x08001426   0x00000002   Code   RO         2293    i.HAL_CAN_TxMailbox1CompleteCallback  stm32f4xx_hal_can.o
    0x08001428   0x00000002   Code   RO         2294    i.HAL_CAN_TxMailbox2AbortCallback  stm32f4xx_hal_can.o
    0x0800142a   0x00000002   Code   RO         2295    i.HAL_CAN_TxMailbox2CompleteCallback  stm32f4xx_hal_can.o
    0x0800142c   0x00000002   Code   RO         2297    i.HAL_CAN_WakeUpFromRxMsgCallback  stm32f4xx_hal_can.o
    0x0800142e   0x00000002   PAD
    0x08001430   0x000001a0   Code   RO         4159    i.HAL_DMA_IRQHandler  stm32f4xx_hal_dma.o
    0x080015d0   0x000000d4   Code   RO         4160    i.HAL_DMA_Init      stm32f4xx_hal_dma.o
    0x080016a4   0x00000078   Code   RO         4164    i.HAL_DMA_Start_IT  stm32f4xx_hal_dma.o
    0x0800171c   0x00000024   Code   RO         4573    i.HAL_Delay         stm32f4xx_hal.o
    0x08001740   0x00000002   Code   RO          369    i.HAL_GPIO_EXTI_Callback  stm32f4xx_it.o
    0x08001742   0x00000002   PAD
    0x08001744   0x00000018   Code   RO         4046    i.HAL_GPIO_EXTI_IRQHandler  stm32f4xx_hal_gpio.o
    0x0800175c   0x000001b0   Code   RO         4047    i.HAL_GPIO_Init     stm32f4xx_hal_gpio.o
    0x0800190c   0x0000000c   Code   RO         4579    i.HAL_GetTick       stm32f4xx_hal.o
    0x08001918   0x00000010   Code   RO         4583    i.HAL_IncTick       stm32f4xx_hal.o
    0x08001928   0x00000034   Code   RO         4584    i.HAL_Init          stm32f4xx_hal.o
    0x0800195c   0x00000074   Code   RO         1171    i.HAL_InitTick      stm32f4xx_hal_timebase_tim.o
    0x080019d0   0x00000084   Code   RO         1147    i.HAL_MspInit       stm32f4xx_hal_msp.o
    0x08001a54   0x00000016   Code   RO         4436    i.HAL_NVIC_EnableIRQ  stm32f4xx_hal_cortex.o
    0x08001a6a   0x00000002   PAD
    0x08001a6c   0x00000040   Code   RO         4442    i.HAL_NVIC_SetPriority  stm32f4xx_hal_cortex.o
    0x08001aac   0x00000024   Code   RO         4443    i.HAL_NVIC_SetPriorityGrouping  stm32f4xx_hal_cortex.o
    0x08001ad0   0x00000130   Code   RO         3693    i.HAL_RCC_ClockConfig  stm32f4xx_hal_rcc.o
    0x08001c00   0x00000040   Code   RO         3697    i.HAL_RCC_GetClockConfig  stm32f4xx_hal_rcc.o
    0x08001c40   0x0000000c   Code   RO         3698    i.HAL_RCC_GetHCLKFreq  stm32f4xx_hal_rcc.o
    0x08001c4c   0x00000020   Code   RO         3700    i.HAL_RCC_GetPCLK1Freq  stm32f4xx_hal_rcc.o
    0x08001c6c   0x00000020   Code   RO         3701    i.HAL_RCC_GetPCLK2Freq  stm32f4xx_hal_rcc.o
    0x08001c8c   0x00000064   Code   RO         3702    i.HAL_RCC_GetSysClockFreq  stm32f4xx_hal_rcc.o
    0x08001cf0   0x0000031c   Code   RO         3705    i.HAL_RCC_OscConfig  stm32f4xx_hal_rcc.o
    0x0800200c   0x00000018   Code   RO         4445    i.HAL_SYSTICK_CLKSourceConfig  stm32f4xx_hal_cortex.o
    0x08002024   0x00000028   Code   RO         4447    i.HAL_SYSTICK_Config  stm32f4xx_hal_cortex.o
    0x0800204c   0x00000002   Code   RO         3127    i.HAL_TIMEx_BreakCallback  stm32f4xx_hal_tim_ex.o
    0x0800204e   0x00000002   Code   RO         3128    i.HAL_TIMEx_CommutationCallback  stm32f4xx_hal_tim_ex.o
    0x08002050   0x00000050   Code   RO         3144    i.HAL_TIMEx_MasterConfigSynchronization  stm32f4xx_hal_tim_ex.o
    0x080020a0   0x00000036   Code   RO         2498    i.HAL_TIM_Base_Init  stm32f4xx_hal_tim.o
    0x080020d6   0x00000002   PAD
    0x080020d8   0x00000078   Code   RO          937    i.HAL_TIM_Base_MspInit  tim.o
    0x08002150   0x00000018   Code   RO         2503    i.HAL_TIM_Base_Start_IT  stm32f4xx_hal_tim.o
    0x08002168   0x000000f2   Code   RO         2507    i.HAL_TIM_ConfigClockSource  stm32f4xx_hal_tim.o
    0x0800225a   0x00000002   Code   RO         2527    i.HAL_TIM_IC_CaptureCallback  stm32f4xx_hal_tim.o
    0x0800225c   0x00000166   Code   RO         2540    i.HAL_TIM_IRQHandler  stm32f4xx_hal_tim.o
    0x080023c2   0x00000002   Code   RO         2543    i.HAL_TIM_OC_DelayElapsedCallback  stm32f4xx_hal_tim.o
    0x080023c4   0x00000002   Code   RO         2570    i.HAL_TIM_PWM_PulseFinishedCallback  stm32f4xx_hal_tim.o
    0x080023c6   0x00000002   PAD
    0x080023c8   0x00000028   Code   RO          370    i.HAL_TIM_PeriodElapsedCallback  stm32f4xx_it.o
    0x080023f0   0x00000002   Code   RO         2581    i.HAL_TIM_TriggerCallback  stm32f4xx_hal_tim.o
    0x080023f2   0x00000002   PAD
    0x080023f4   0x0000002c   Code   RO          371    i.HAL_UART_ErrorCallback  stm32f4xx_it.o
    0x08002420   0x00000062   Code   RO         3391    i.HAL_UART_Init     stm32f4xx_hal_uart.o
    0x08002482   0x00000002   PAD
    0x08002484   0x000002dc   Code   RO          842    i.HAL_UART_MspInit  usart.o
    0x08002760   0x00000098   Code   RO         3395    i.HAL_UART_Receive_DMA  stm32f4xx_hal_uart.o
    0x080027f8   0x00000058   Code   RO          372    i.HAL_UART_RxCpltCallback  stm32f4xx_it.o
    0x08002850   0x00000002   Code   RO         3398    i.HAL_UART_RxHalfCpltCallback  stm32f4xx_hal_uart.o
    0x08002852   0x00000002   Code   RO          373    i.HardFault_Handler  stm32f4xx_it.o
    0x08002854   0x00000070   Code   RO         1071    i.MX_ADC1_Init      adc.o
    0x080028c4   0x00000070   Code   RO         1072    i.MX_ADC2_Init      adc.o
    0x08002934   0x00000070   Code   RO         1073    i.MX_ADC3_Init      adc.o
    0x080029a4   0x0000005c   Code   RO         1017    i.MX_CAN1_Init      can.o
    0x08002a00   0x0000005c   Code   RO         1018    i.MX_CAN2_Init      can.o
    0x08002a5c   0x0000008c   Code   RO          990    i.MX_DMA_Init       dma.o
    0x08002ae8   0x00000054   Code   RO          283    i.MX_FREERTOS_Init  freertos.o
    0x08002b3c   0x00000130   Code   RO         1123    i.MX_GPIO_Init      gpio.o
    0x08002c6c   0x00000070   Code   RO          938    i.MX_TIM2_Init      tim.o
    0x08002cdc   0x00000070   Code   RO          939    i.MX_TIM4_Init      tim.o
    0x08002d4c   0x0000004c   Code   RO          843    i.MX_UART4_Init     usart.o
    0x08002d98   0x0000004c   Code   RO          844    i.MX_UART5_Init     usart.o
    0x08002de4   0x0000004c   Code   RO          845    i.MX_USART1_UART_Init  usart.o
    0x08002e30   0x0000004c   Code   RO          846    i.MX_USART2_UART_Init  usart.o
    0x08002e7c   0x0000004c   Code   RO          847    i.MX_USART3_UART_Init  usart.o
    0x08002ec8   0x0000004c   Code   RO          848    i.MX_USART6_UART_Init  usart.o
    0x08002f14   0x00000002   Code   RO          374    i.MemManage_Handler  stm32f4xx_it.o
    0x08002f16   0x00000002   PAD
    0x08002f18   0x00000030   Code   RO          595    i.MiniPC_Data_task  data_pro_task.o
    0x08002f48   0x00000054   Code   RO          596    i.Minipc_Pid_Init   data_pro_task.o
    0x08002f9c   0x00000002   Code   RO          375    i.NMI_Handler       stm32f4xx_it.o
    0x08002f9e   0x00000020   Code   RO         4449    i.NVIC_SetPriority  stm32f4xx_hal_cortex.o
    0x08002fbe   0x00000002   PAD
    0x08002fc0   0x00000018   Code   RO         1744    i.PID_struct_init   pid.o
    0x08002fd8   0x00000020   Code   RO         1631    i.RefreshDeviceOutLineTime  systemstate.o
    0x08002ff8   0x00000010   Code   RO         1632    i.RefreshSysTime    systemstate.o
    0x08003008   0x00000020   Code   RO         1633    i.RefreshTaskOutLineTime  systemstate.o
    0x08003028   0x00000008   Code   RO          284    i.StartDefaultTask  freertos.o
    0x08003030   0x00000004   Code   RO          376    i.SysTick_Handler   stm32f4xx_it.o
    0x08003034   0x000000a0   Code   RO            4    i.SystemClock_Config  main.o
    0x080030d4   0x00000054   Code   RO         4738    i.SystemInit        system_stm32f4xx.o
    0x08003128   0x0000000c   Code   RO          377    i.TIM1_UP_TIM10_IRQHandler  stm32f4xx_it.o
    0x08003134   0x0000000c   Code   RO          378    i.TIM2_IRQHandler   stm32f4xx_it.o
    0x08003140   0x0000000c   Code   RO          379    i.TIM6_DAC_IRQHandler  stm32f4xx_it.o
    0x0800314c   0x000000c0   Code   RO         2582    i.TIM_Base_SetConfig  stm32f4xx_hal_tim.o
    0x0800320c   0x00000014   Code   RO         2589    i.TIM_ETR_SetConfig  stm32f4xx_hal_tim.o
    0x08003220   0x00000010   Code   RO         2590    i.TIM_ITRx_SetConfig  stm32f4xx_hal_tim.o
    0x08003230   0x00000022   Code   RO         2596    i.TIM_TI1_ConfigInputStage  stm32f4xx_hal_tim.o
    0x08003252   0x00000024   Code   RO         2598    i.TIM_TI2_ConfigInputStage  stm32f4xx_hal_tim.o
    0x08003276   0x0000004a   Code   RO         3405    i.UART_DMAError     stm32f4xx_hal_uart.o
    0x080032c0   0x0000003c   Code   RO         3406    i.UART_DMAReceiveCplt  stm32f4xx_hal_uart.o
    0x080032fc   0x0000000a   Code   RO         3408    i.UART_DMARxHalfCplt  stm32f4xx_hal_uart.o
    0x08003306   0x0000001c   Code   RO         3414    i.UART_EndRxTransfer  stm32f4xx_hal_uart.o
    0x08003322   0x00000012   Code   RO         3415    i.UART_EndTxTransfer  stm32f4xx_hal_uart.o
    0x08003334   0x000002ac   Code   RO         3417    i.UART_SetConfig    stm32f4xx_hal_uart.o
    0x080035e0   0x00000002   Code   RO          380    i.UsageFault_Handler  stm32f4xx_it.o
    0x080035e2   0x00000002   Code   RO            5    i._Error_Handler    main.o
    0x080035e4   0x0000000e   Code   RO         5928    i.__scatterload_copy  mc_w.l(handlers.o)
    0x080035f2   0x00000002   Code   RO         5929    i.__scatterload_null  mc_w.l(handlers.o)
    0x080035f4   0x0000000e   Code   RO         5930    i.__scatterload_zeroinit  mc_w.l(handlers.o)
    0x08003602   0x00000002   PAD
    0x08003604   0x00000048   Code   RO         1223    i.get_moto_measure_3508  motor_use_can.o
    0x0800364c   0x00000010   Code   RO         1225    i.get_moto_offset   motor_use_can.o
    0x0800365c   0x0000001e   Code   RO            6    i.main              main.o
    0x0800367a   0x0000000c   Code   RO         5487    i.makeFreeRtosPriority  cmsis_os.o
    0x08003686   0x0000000e   Code   RO         5489    i.osDelay           cmsis_os.o
    0x08003694   0x0000000a   Code   RO         5492    i.osKernelStart     cmsis_os.o
    0x0800369e   0x00000014   Code   RO         5525    i.osSystickHandler  cmsis_os.o
    0x080036b2   0x0000002e   Code   RO         5526    i.osThreadCreate    cmsis_os.o
    0x080036e0   0x0000000e   Code   RO         1747    i.pid_param_init    pid.o
    0x080036ee   0x00000006   Code   RO         1748    i.pid_reset         pid.o
    0x080036f4   0x00000070   Code   RO         5192    i.prvAddCurrentTaskToDelayedList  tasks.o
    0x08003764   0x000000d0   Code   RO         5193    i.prvAddNewTaskToReadyList  tasks.o
    0x08003834   0x00000050   Code   RO         5194    i.prvCheckTasksWaitingTermination  tasks.o
    0x08003884   0x00000014   Code   RO         5195    i.prvDeleteTCB      tasks.o
    0x08003898   0x0000004c   Code   RO         4779    i.prvHeapInit       heap_4.o
    0x080038e4   0x00000028   Code   RO         5196    i.prvIdleTask       tasks.o
    0x0800390c   0x0000008e   Code   RO         5197    i.prvInitialiseNewTask  tasks.o
    0x0800399a   0x00000002   PAD
    0x0800399c   0x0000004c   Code   RO         4780    i.prvInsertBlockIntoFreeList  heap_4.o
    0x080039e8   0x00000020   Code   RO         5198    i.prvResetNextTaskUnblockTime  tasks.o
    0x08003a08   0x00000028   Code   RO         4850    i.prvTaskExitError  port.o
    0x08003a30   0x000000d8   Code   RO         4781    i.pvPortMalloc      heap_4.o
    0x08003b08   0x0000002c   Code   RO         4851    i.pxPortInitialiseStack  port.o
    0x08003b34   0x00000068   Code   RO         5201    i.ulTaskNotifyTake  tasks.o
    0x08003b9c   0x00000024   Code   RO         5015    i.uxListRemove      list.o
    0x08003bc0   0x00000016   Code   RO         5016    i.vListInitialise   list.o
    0x08003bd6   0x00000006   Code   RO         5017    i.vListInitialiseItem  list.o
    0x08003bdc   0x00000030   Code   RO         5018    i.vListInsert       list.o
    0x08003c0c   0x00000018   Code   RO         5019    i.vListInsertEnd    list.o
    0x08003c24   0x00000040   Code   RO         4853    i.vPortEnterCritical  port.o
    0x08003c64   0x00000028   Code   RO         4854    i.vPortExitCritical  port.o
    0x08003c8c   0x0000005c   Code   RO         4782    i.vPortFree         heap_4.o
    0x08003ce8   0x00000020   Code   RO         4855    i.vPortSetupTimerInterrupt  port.o
    0x08003d08   0x00000054   Code   RO         4856    i.vPortValidateInterruptPriority  port.o
    0x08003d5c   0x0000004c   Code   RO         5206    i.vTaskDelay        tasks.o
    0x08003da8   0x000000b8   Code   RO         5211    i.vTaskNotifyGiveFromISR  tasks.o
    0x08003e60   0x00000068   Code   RO         5218    i.vTaskStartScheduler  tasks.o
    0x08003ec8   0x00000010   Code   RO         5220    i.vTaskSuspendAll   tasks.o
    0x08003ed8   0x0000005c   Code   RO         5221    i.vTaskSwitchContext  tasks.o
    0x08003f34   0x000000e0   Code   RO         4857    i.xPortStartScheduler  port.o
    0x08004014   0x0000002c   Code   RO         4858    i.xPortSysTickHandler  port.o
    0x08004040   0x00000056   Code   RO         5223    i.xTaskCreate       tasks.o
    0x08004096   0x00000002   PAD
    0x08004098   0x0000001c   Code   RO         5227    i.xTaskGetSchedulerState  tasks.o
    0x080040b4   0x0000000c   Code   RO         5228    i.xTaskGetTickCount  tasks.o
    0x080040c0   0x000000c8   Code   RO         5230    i.xTaskIncrementTick  tasks.o
    0x08004188   0x000000c4   Code   RO         5236    i.xTaskResumeAll    tasks.o
    0x0800424c   0x0000003c   Data   RO          285    .constdata          freertos.o
    0x08004288   0x00000008   Data   RO         4166    .constdata          stm32f4xx_hal_dma.o
    0x08004290   0x00000010   Data   RO         4739    .constdata          system_stm32f4xx.o
    0x080042a0   0x00000008   Data   RO         4740    .constdata          system_stm32f4xx.o
    0x080042a8   0x00000028   Data   RO          286    .conststring        freertos.o
    0x080042d0   0x00000020   Data   RO         5926    Region$$Table       anon$$obj.o


    Execution Region RW_IRAM1 (Base: 0x20000000, Size: 0x00004e98, Max: 0x00020000, ABSOLUTE)

    Base Addr    Size         Type   Attr      Idx    E Section Name        Object

    0x20000000   0x0000000c   Data   RW          287    .data               freertos.o
    0x2000000c   0x00000010   Data   RW          384    .data               stm32f4xx_it.o
    0x2000001c   0x00000001   Data   RW          547    .data               chassis_task.o
    0x2000001d   0x00000001   PAD
    0x2000001e   0x0000000a   Data   RW          603    .data               data_pro_task.o
    0x20000028   0x00000004   Data   RW         1020    .data               can.o
    0x2000002c   0x00000010   Data   RW         1232    .data               motor_use_can.o
    0x2000003c   0x0000000c   Data   RW         4591    .data               stm32f4xx_hal.o
    0x20000048   0x00000004   Data   RW         4741    .data               system_stm32f4xx.o
    0x2000004c   0x00000018   Data   RW         4787    .data               heap_4.o
    0x20000064   0x0000000c   Data   RW         4859    .data               port.o
    0x20000070   0x0000003c   Data   RW         5239    .data               tasks.o
    0x200000ac   0x0000001c   Zero   RW          381    .bss                stm32f4xx_it.o
    0x200000c8   0x00000380   Zero   RW          545    .bss                chassis_task.o
    0x20000448   0x00000100   Zero   RW          602    .bss                data_pro_task.o
    0x20000548   0x000003c0   Zero   RW          853    .bss                usart.o
    0x20000908   0x000000b4   Zero   RW          941    .bss                tim.o
    0x200009bc   0x00000050   Zero   RW         1019    .bss                can.o
    0x20000a0c   0x00000138   Zero   RW         1074    .bss                adc.o
    0x20000b44   0x0000003c   Zero   RW         1174    .bss                stm32f4xx_hal_timebase_tim.o
    0x20000b80   0x000000f0   Zero   RW         1227    .bss                motor_use_can.o
    0x20000c70   0x0000003c   Zero   RW         1228    .bss                motor_use_can.o
    0x20000cac   0x00000084   Zero   RW         1231    .bss                motor_use_can.o
    0x20000d30   0x00000012   Zero   RW         1430    .bss                communication.o
    0x20000d42   0x00000014   Zero   RW         1433    .bss                communication.o
    0x20000d56   0x0000000e   Zero   RW         1588    .bss                minipc.o
    0x20000d64   0x00000044   Zero   RW         1637    .bss                systemstate.o
    0x20000da8   0x00003c00   Zero   RW         4786    .bss                heap_4.o
    0x200049a8   0x000000f0   Zero   RW         5238    .bss                tasks.o
    0x20004a98   0x00000400   Zero   RW         4772    STACK               startup_stm32f407xx.o


==============================================================================

Image component sizes


      Code (inc. data)   RO Data    RW Data    ZI Data      Debug   Object Name

       556        130          0          0        312       3061   adc.o
       188         34          0          0          0        591   bsp.o
       436         82          0          4         80       3051   can.o
       244         36          0          1        896       4326   chassis_task.o
       102          0          0          0          0      13444   cmsis_os.o
         0          0          0          0         38       8676   communication.o
       132         14          0         10        256       3313   data_pro_task.o
       140          4          0          0          0        866   dma.o
         0          0          0          0          0       8096   event_groups.o
        92         10        100         12          0       6094   freertos.o
       304         26          0          0          0       1155   gpio.o
       460         24          0         24      15360       8911   heap_4.o
       136          0          0          0          0       3634   list.o
       192          8          0          0          0     722333   main.o
        40         10          0          0         14       1837   minipc.o
       276         54          0         16        432       5965   motor_use_can.o
        44          8          0          0          0       4049   pid.o
       758         84          0         12          0      12053   port.o
        36          8        392          0       1024        804   startup_stm32f407xx.o
       116         18          0         12          0       3974   stm32f4xx_hal.o
       896         46          0          0          0       3763   stm32f4xx_hal_adc.o
      1660          6          0          0          0      14299   stm32f4xx_hal_can.o
       218         14          0          0          0      31133   stm32f4xx_hal_cortex.o
       912         16          8          0          0       5915   stm32f4xx_hal_dma.o
       456         50          0          0          0       2439   stm32f4xx_hal_gpio.o
       132          6          0          0          0        938   stm32f4xx_hal_msp.o
      1340         96          0          0          0       6405   stm32f4xx_hal_rcc.o
       984         44          0          0          0      10095   stm32f4xx_hal_tim.o
        84          0          0          0          0       2474   stm32f4xx_hal_tim_ex.o
       116         16          0          0         60       1492   stm32f4xx_hal_timebase_tim.o
      1126         22          0          0          0       6541   stm32f4xx_hal_uart.o
       660        130          0         16         28      18199   stm32f4xx_it.o
        84         18         24          4          0       1207   system_stm32f4xx.o
        80         14          0          0         68       3596   systemstate.o
      1732        146          0         60        240      19007   tasks.o
       344         58          0          0        180       2473   tim.o
      1188        220          0          0        960       5762   usart.o

    ----------------------------------------------------------------------
     16296       1452        556        172      19948     951971   Object Totals
         0          0         32          0          0          0   (incl. Generated)
        32          0          0          1          0          0   (incl. Padding)

    ----------------------------------------------------------------------

      Code (inc. data)   RO Data    RW Data    ZI Data      Debug   Library Member Name

         0          0          0          0          0          0   entry.o
         0          0          0          0          0          0   entry10a.o
         0          0          0          0          0          0   entry11a.o
         8          4          0          0          0          0   entry2.o
         4          0          0          0          0          0   entry5.o
         0          0          0          0          0          0   entry7b.o
         0          0          0          0          0          0   entry8b.o
         8          4          0          0          0          0   entry9a.o
        30          0          0          0          0          0   handlers.o
        36          8          0          0          0         68   init.o
        30          0          0          0          0         68   llshl.o
        32          0          0          0          0         68   llushr.o
        36          0          0          0          0         68   memcpya.o
        98          0          0          0          0         92   uldiv.o

    ----------------------------------------------------------------------
       284         16          0          0          0        364   Library Totals
         2          0          0          0          0          0   (incl. Padding)

    ----------------------------------------------------------------------

      Code (inc. data)   RO Data    RW Data    ZI Data      Debug   Library Name

       282         16          0          0          0        364   mc_w.l

    ----------------------------------------------------------------------
       284         16          0          0          0        364   Library Totals

    ----------------------------------------------------------------------

==============================================================================


      Code (inc. data)   RO Data    RW Data    ZI Data      Debug   

     16580       1468        556        172      19948     934535   Grand Totals
     16580       1468        556        172      19948     934535   ELF Image Totals
     16580       1468        556        172          0          0   ROM Totals

==============================================================================

    Total RO  Size (Code + RO Data)                17136 (  16.73kB)
    Total RW  Size (RW Data + ZI Data)             20120 (  19.65kB)
    Total ROM Size (Code + RO Data + RW Data)      17308 (  16.90kB)

==============================================================================

